Archive member included to satisfy reference by file (symbol)

C:/ST/STM32CubeIDE_1.16.1/STM32CubeIDE/plugins/com.st.stm32cube.ide.mcu.externaltools.gnu-tools-for-stm32.12.3.rel1.win32_1.0.200.202406191623/tools/bin/../lib/gcc/arm-none-eabi/12.3.1/../../../../arm-none-eabi/lib/thumb/v7e-m+fp/hard\libc_nano.a(libc_a-exit.o)
                              C:/ST/STM32CubeIDE_1.16.1/STM32CubeIDE/plugins/com.st.stm32cube.ide.mcu.externaltools.gnu-tools-for-stm32.12.3.rel1.win32_1.0.200.202406191623/tools/bin/../lib/gcc/arm-none-eabi/12.3.1/../../../../arm-none-eabi/lib/thumb/v7e-m+fp/hard/crt0.o (exit)
C:/ST/STM32CubeIDE_1.16.1/STM32CubeIDE/plugins/com.st.stm32cube.ide.mcu.externaltools.gnu-tools-for-stm32.12.3.rel1.win32_1.0.200.202406191623/tools/bin/../lib/gcc/arm-none-eabi/12.3.1/../../../../arm-none-eabi/lib/thumb/v7e-m+fp/hard\libc_nano.a(libc_a-malloc.o)
                              ./Core/Src/waveplayer.o (malloc)
C:/ST/STM32CubeIDE_1.16.1/STM32CubeIDE/plugins/com.st.stm32cube.ide.mcu.externaltools.gnu-tools-for-stm32.12.3.rel1.win32_1.0.200.202406191623/tools/bin/../lib/gcc/arm-none-eabi/12.3.1/../../../../arm-none-eabi/lib/thumb/v7e-m+fp/hard\libc_nano.a(libc_a-mallocr.o)
                              C:/ST/STM32CubeIDE_1.16.1/STM32CubeIDE/plugins/com.st.stm32cube.ide.mcu.externaltools.gnu-tools-for-stm32.12.3.rel1.win32_1.0.200.202406191623/tools/bin/../lib/gcc/arm-none-eabi/12.3.1/../../../../arm-none-eabi/lib/thumb/v7e-m+fp/hard\libc_nano.a(libc_a-malloc.o) (_malloc_r)
C:/ST/STM32CubeIDE_1.16.1/STM32CubeIDE/plugins/com.st.stm32cube.ide.mcu.externaltools.gnu-tools-for-stm32.12.3.rel1.win32_1.0.200.202406191623/tools/bin/../lib/gcc/arm-none-eabi/12.3.1/../../../../arm-none-eabi/lib/thumb/v7e-m+fp/hard\libc_nano.a(libc_a-mlock.o)
                              C:/ST/STM32CubeIDE_1.16.1/STM32CubeIDE/plugins/com.st.stm32cube.ide.mcu.externaltools.gnu-tools-for-stm32.12.3.rel1.win32_1.0.200.202406191623/tools/bin/../lib/gcc/arm-none-eabi/12.3.1/../../../../arm-none-eabi/lib/thumb/v7e-m+fp/hard\libc_nano.a(libc_a-mallocr.o) (__malloc_lock)
C:/ST/STM32CubeIDE_1.16.1/STM32CubeIDE/plugins/com.st.stm32cube.ide.mcu.externaltools.gnu-tools-for-stm32.12.3.rel1.win32_1.0.200.202406191623/tools/bin/../lib/gcc/arm-none-eabi/12.3.1/../../../../arm-none-eabi/lib/thumb/v7e-m+fp/hard\libc_nano.a(libc_a-findfp.o)
                              C:/ST/STM32CubeIDE_1.16.1/STM32CubeIDE/plugins/com.st.stm32cube.ide.mcu.externaltools.gnu-tools-for-stm32.12.3.rel1.win32_1.0.200.202406191623/tools/bin/../lib/gcc/arm-none-eabi/12.3.1/../../../../arm-none-eabi/lib/thumb/v7e-m+fp/hard\libc_nano.a(libc_a-exit.o) (__stdio_exit_handler)
C:/ST/STM32CubeIDE_1.16.1/STM32CubeIDE/plugins/com.st.stm32cube.ide.mcu.externaltools.gnu-tools-for-stm32.12.3.rel1.win32_1.0.200.202406191623/tools/bin/../lib/gcc/arm-none-eabi/12.3.1/../../../../arm-none-eabi/lib/thumb/v7e-m+fp/hard\libc_nano.a(libc_a-fwalk.o)
                              C:/ST/STM32CubeIDE_1.16.1/STM32CubeIDE/plugins/com.st.stm32cube.ide.mcu.externaltools.gnu-tools-for-stm32.12.3.rel1.win32_1.0.200.202406191623/tools/bin/../lib/gcc/arm-none-eabi/12.3.1/../../../../arm-none-eabi/lib/thumb/v7e-m+fp/hard\libc_nano.a(libc_a-findfp.o) (_fwalk_sglue)
C:/ST/STM32CubeIDE_1.16.1/STM32CubeIDE/plugins/com.st.stm32cube.ide.mcu.externaltools.gnu-tools-for-stm32.12.3.rel1.win32_1.0.200.202406191623/tools/bin/../lib/gcc/arm-none-eabi/12.3.1/../../../../arm-none-eabi/lib/thumb/v7e-m+fp/hard\libc_nano.a(libc_a-stdio.o)
                              C:/ST/STM32CubeIDE_1.16.1/STM32CubeIDE/plugins/com.st.stm32cube.ide.mcu.externaltools.gnu-tools-for-stm32.12.3.rel1.win32_1.0.200.202406191623/tools/bin/../lib/gcc/arm-none-eabi/12.3.1/../../../../arm-none-eabi/lib/thumb/v7e-m+fp/hard\libc_nano.a(libc_a-findfp.o) (__sread)
C:/ST/STM32CubeIDE_1.16.1/STM32CubeIDE/plugins/com.st.stm32cube.ide.mcu.externaltools.gnu-tools-for-stm32.12.3.rel1.win32_1.0.200.202406191623/tools/bin/../lib/gcc/arm-none-eabi/12.3.1/../../../../arm-none-eabi/lib/thumb/v7e-m+fp/hard\libc_nano.a(libc_a-memset.o)
                              C:/ST/STM32CubeIDE_1.16.1/STM32CubeIDE/plugins/com.st.stm32cube.ide.mcu.externaltools.gnu-tools-for-stm32.12.3.rel1.win32_1.0.200.202406191623/tools/bin/../lib/gcc/arm-none-eabi/12.3.1/../../../../arm-none-eabi/lib/thumb/v7e-m+fp/hard/crt0.o (memset)
C:/ST/STM32CubeIDE_1.16.1/STM32CubeIDE/plugins/com.st.stm32cube.ide.mcu.externaltools.gnu-tools-for-stm32.12.3.rel1.win32_1.0.200.202406191623/tools/bin/../lib/gcc/arm-none-eabi/12.3.1/../../../../arm-none-eabi/lib/thumb/v7e-m+fp/hard\libc_nano.a(libc_a-strncpy.o)
                              ./Core/Src/File_Handling.o (strncpy)
C:/ST/STM32CubeIDE_1.16.1/STM32CubeIDE/plugins/com.st.stm32cube.ide.mcu.externaltools.gnu-tools-for-stm32.12.3.rel1.win32_1.0.200.202406191623/tools/bin/../lib/gcc/arm-none-eabi/12.3.1/../../../../arm-none-eabi/lib/thumb/v7e-m+fp/hard\libc_nano.a(libc_a-strstr.o)
[...]
Memory Configuration

Name             Origin             Length             Attributes
RAM              0x20000000         0x00020000         xrw
FLASH            0x08000000         0x00080000         xr
*default*        0x00000000         0xffffffff

Linker script and memory map

LOAD C:/ST/STM32CubeIDE_1.16.1/STM32CubeIDE/plugins/com.st.stm32cube.ide.mcu.externaltools.gnu-tools-for-stm32.12.3.rel1.win32_1.0.200.202406191623/tools/bin/../lib/gcc/arm-none-eabi/12.3.1/thumb/v7e-m+fp/hard/crti.o
LOAD C:/ST/STM32CubeIDE_1.16.1/STM32CubeIDE/plugins/com.st.stm32cube.ide.mcu.externaltools.gnu-tools-for-stm32.12.3.rel1.win32_1.0.200.202406191623/tools/bin/../lib/gcc/arm-none-eabi/12.3.1/thumb/v7e-m+fp/hard/crtbegin.o
LOAD C:/ST/STM32CubeIDE_1.16.1/STM32CubeIDE/plugins/com.st.stm32cube.ide.mcu.externaltools.gnu-tools-for-stm32.12.3.rel1.win32_1.0.200.202406191623/tools/bin/../lib/gcc/arm-none-eabi/12.3.1/../../../../arm-none-eabi/lib/thumb/v7e-m+fp/hard/crt0.o
LOAD ./Core/Src/AUDIO.o
LOAD ./Core/Src/AUDIO_LINK.o
LOAD ./Core/Src/File_Handling.o
LOAD ./Core/Src/cs43l22.o
LOAD ./Core/Src/fonts.o
LOAD ./Core/Src/main.o
LOAD ./Core/Src/ssd1306.o
LOAD ./Core/Src/stm32f4xx_hal_msp.o
LOAD ./Core/Src/stm32f4xx_it.o
LOAD ./Core/Src/syscalls.o
LOAD ./Core/Src/sysmem.o
LOAD ./Core/Src/system_stm32f4xx.o
LOAD ./Core/Src/waveplayer.o
LOAD ./Core/Startup/startup_stm32f411vetx.o
LOAD ./Drivers/STM32F4xx_HAL_Driver/Src/stm32f4xx_hal.o
LOAD ./Drivers/STM32F4xx_HAL_Driver/Src/stm32f4xx_hal_cortex.o
LOAD ./Drivers/STM32F4xx_HAL_Driver/Src/stm32f4xx_hal_dma.o
LOAD ./Drivers/STM32F4xx_HAL_Driver/Src/stm32f4xx_hal_dma_ex.o
LOAD ./Drivers/STM32F4xx_HAL_Driver/Src/stm32f4xx_hal_exti.o
LOAD ./Drivers/STM32F4xx_HAL_Driver/Src/stm32f4xx_hal_flash.o
LOAD ./Drivers/STM32F4xx_HAL_Driver/Src/stm32f4xx_hal_flash_ex.o
LOAD ./Drivers/STM32F4xx_HAL_Driver/Src/stm32f4xx_hal_flash_ramfunc.o
LOAD ./Drivers/STM32F4xx_HAL_Driver/Src/stm32f4xx_hal_gpio.o
LOAD ./Drivers/STM32F4xx_HAL_Driver/Src/stm32f4xx_hal_hcd.o
LOAD ./Drivers/STM32F4xx_HAL_Driver/Src/stm32f4xx_hal_i2c.o
LOAD ./Drivers/STM32F4xx_HAL_Driver/Src/stm32f4xx_hal_i2c_ex.o
LOAD ./Drivers/STM32F4xx_HAL_Driver/Src/stm32f4xx_hal_i2s.o
LOAD ./Drivers/STM32F4xx_HAL_Driver/Src/stm32f4xx_hal_i2s_ex.o
LOAD ./Drivers/STM32F4xx_HAL_Driver/Src/stm32f4xx_hal_pwr.o
LOAD ./Drivers/STM32F4xx_HAL_Driver/Src/stm32f4xx_hal_pwr_ex.o
LOAD ./Drivers/STM32F4xx_HAL_Driver/Src/stm32f4xx_hal_rcc.o
LOAD ./Drivers/STM32F4xx_HAL_Driver/Src/stm32f4xx_hal_rcc_ex.o
LOAD ./Drivers/STM32F4xx_HAL_Driver/Src/stm32f4xx_hal_tim.o
LOAD ./Drivers/STM32F4xx_HAL_Driver/Src/stm32f4xx_hal_tim_ex.o
LOAD ./Drivers/STM32F4xx_HAL_Driver/Src/stm32f4xx_ll_usb.o
LOAD ./FATFS/App/fatfs.o
LOAD ./FATFS/Target/usbh_diskio.o
LOAD ./Middlewares/ST/STM32_USB_Host_Library/Class/MSC/Src/usbh_msc.o
LOAD ./Middlewares/ST/STM32_USB_Host_Library/Class/MSC/Src/usbh_msc_bot.o
LOAD ./Middlewares/ST/STM32_USB_Host_Library/Class/MSC/Src/usbh_msc_scsi.o
LOAD ./Middlewares/ST/STM32_USB_Host_Library/Core/Src/usbh_core.o
LOAD ./Middlewares/ST/STM32_USB_Host_Library/Core/Src/usbh_ctlreq.o
LOAD ./Middlewares/ST/STM32_USB_Host_Library/Core/Src/usbh_ioreq.o
LOAD ./Middlewares/ST/STM32_USB_Host_Library/Core/Src/usbh_pipes.o
LOAD ./Middlewares/Third_Party/FatFs/src/diskio.o
LOAD ./Middlewares/Third_Party/FatFs/src/ff.o
LOAD ./Middlewares/Third_Party/FatFs/src/ff_gen_drv.o
LOAD ./Middlewares/Third_Party/FatFs/src/option/ccsbcs.o
LOAD ./Middlewares/Third_Party/FatFs/src/option/syscall.o
LOAD ./USB_HOST/App/usb_host.o
LOAD ./USB_HOST/Target/usbh_conf.o
LOAD ./USB_HOST/Target/usbh_platform.o
START GROUP
LOAD C:/ST/STM32CubeIDE_1.16.1/STM32CubeIDE/plugins/com.st.stm32cube.ide.mcu.externaltools.gnu-tools-for-stm32.12.3.rel1.win32_1.0.200.202406191623/tools/bin/../lib/gcc/arm-none-eabi/12.3.1/../../../../arm-none-eabi/lib/thumb/v7e-m+fp/hard\libc_nano.a
LOAD C:/ST/STM32CubeIDE_1.16.1/STM32CubeIDE/plugins/com.st.stm32cube.ide.mcu.externaltools.gnu-tools-for-stm32.12.3.rel1.win32_1.0.200.202406191623/tools/bin/../lib/gcc/arm-none-eabi/12.3.1/../../../../arm-none-eabi/lib/thumb/v7e-m+fp/hard\libm.a
END GROUP
START GROUP
LOAD C:/ST/STM32CubeIDE_1.16.1/STM32CubeIDE/plugins/com.st.stm32cube.ide.mcu.externaltools.gnu-tools-for-stm32.12.3.rel1.win32_1.0.200.202406191623/tools/bin/../lib/gcc/arm-none-eabi/12.3.1/thumb/v7e-m+fp/hard\libgcc.a
LOAD C:/ST/STM32CubeIDE_1.16.1/STM32CubeIDE/plugins/com.st.stm32cube.ide.mcu.externaltools.gnu-tools-for-stm32.12.3.rel1.win32_1.0.200.202406191623/tools/bin/../lib/gcc/arm-none-eabi/12.3.1/../../../../arm-none-eabi/lib/thumb/v7e-m+fp/hard\libc_nano.a
END GROUP
START GROUP
LOAD C:/ST/STM32CubeIDE_1.16.1/STM32CubeIDE/plugins/com.st.stm32cube.ide.mcu.externaltools.gnu-tools-for-stm32.12.3.rel1.win32_1.0.200.202406191623/tools/bin/../lib/gcc/arm-none-eabi/12.3.1/thumb/v7e-m+fp/hard\libgcc.a
LOAD C:/ST/STM32CubeIDE_1.16.1/STM32CubeIDE/plugins/com.st.stm32cube.ide.mcu.externaltools.gnu-tools-for-stm32.12.3.rel1.win32_1.0.200.202406191623/tools/bin/../lib/gcc/arm-none-eabi/12.3.1/../../../../arm-none-eabi/lib/thumb/v7e-m+fp/hard\libc_nano.a
LOAD C:/ST/STM32CubeIDE_1.16.1/STM32CubeIDE/plugins/com.st.stm32cube.ide.mcu.externaltools.gnu-tools-for-stm32.12.3.rel1.win32_1.0.200.202406191623/tools/bin/../lib/gcc/arm-none-eabi/12.3.1/../../../../arm-none-eabi/lib/thumb/v7e-m+fp/hard\libnosys.a
END GROUP
START GROUP
LOAD C:/ST/STM32CubeIDE_1.16.1/STM32CubeIDE/plugins/com.st.stm32cube.ide.mcu.externaltools.gnu-tools-for-stm32.12.3.rel1.win32_1.0.200.202406191623/tools/bin/../lib/gcc/arm-none-eabi/12.3.1/thumb/v7e-m+fp/hard\libgcc.a
LOAD C:/ST/STM32CubeIDE_1.16.1/STM32CubeIDE/plugins/com.st.stm32cube.ide.mcu.externaltools.gnu-tools-for-stm32.12.3.rel1.win32_1.0.200.202406191623/tools/bin/../lib/gcc/arm-none-eabi/12.3.1/../../../../arm-none-eabi/lib/thumb/v7e-m+fp/hard\libc_nano.a
LOAD C:/ST/STM32CubeIDE_1.16.1/STM32CubeIDE/plugins/com.st.stm32cube.ide.mcu.externaltools.gnu-tools-for-stm32.12.3.rel1.win32_1.0.200.202406191623/tools/bin/../lib/gcc/arm-none-eabi/12.3.1/../../../../arm-none-eabi/lib/thumb/v7e-m+fp/hard\libnosys.a
END GROUP
LOAD C:/ST/STM32CubeIDE_1.16.1/STM32CubeIDE/plugins/com.st.stm32cube.ide.mcu.externaltools.gnu-tools-for-stm32.12.3.rel1.win32_1.0.200.202406191623/tools/bin/../lib/gcc/arm-none-eabi/12.3.1/thumb/v7e-m+fp/hard/crtend.o
LOAD C:/ST/STM32CubeIDE_1.16.1/STM32CubeIDE/plugins/com.st.stm32cube.ide.mcu.externaltools.gnu-tools-for-stm32.12.3.rel1.win32_1.0.200.202406191623/tools/bin/../lib/gcc/arm-none-eabi/12.3.1/thumb/v7e-m+fp/hard/crtn.o
                0x20020000                        _estack = (ORIGIN (RAM) + LENGTH (RAM))
                0x00000200                        _Min_Heap_Size = 0x200
                0x00000400                        _Min_Stack_Size = 0x400

.isr_vector     0x08000000      0x198
                0x08000000                        . = ALIGN (0x4)
 *(.isr_vector)
 .isr_vector    0x08000000      0x198 ./Core/Startup/startup_stm32f411vetx.o
                0x08000000                g_pfnVectors
                0x08000198                        . = ALIGN (0x4)

.text           0x08000198    0x12240
                0x08000198                        . = ALIGN (0x4)
 *(.text)
 .text          0x08000198       0x40 C:/ST/STM32CubeIDE_1.16.1/STM32CubeIDE/plugins/com.st.stm32cube.ide.mcu.externaltools.gnu-tools-for-stm32.12.3.rel1.win32_1.0.200.202406191623/tools/bin/../lib/gcc/arm-none-eabi/12.3.1/thumb/v7e-m+fp/hard/crtbegin.o
 .text          0x080001d8       0x10 C:/ST/STM32CubeIDE_1.16.1/STM32CubeIDE/plugins/com.st.stm32cube.ide.mcu.externaltools.gnu-tools-for-stm32.12.3.rel1.win32_1.0.200.202406191623/tools/bin/../lib/gcc/arm-none-eabi/12.3.1/../../../../arm-none-eabi/lib/thumb/v7e-m+fp/hard\libc_nano.a(libc_a-strlen.o)
                0x080001d8                strlen
 .text          0x080001e8       0x30 C:/ST/STM32CubeIDE_1.16.1/STM32CubeIDE/plugins/com.st.stm32cube.ide.mcu.externaltools.gnu-tools-for-stm32.12.3.rel1.win32_1.0.200.202406191623/tools/bin/../lib/gcc/arm-none-eabi/12.3.1/thumb/v7e-m+fp/hard\libgcc.a(_aeabi_uldivmod.o)
                0x080001e8                __aeabi_uldivmod
 .text          0x08000218      0x2bc C:/ST/STM32CubeIDE_1.16.1/STM32CubeIDE/plugins/com.st.stm32cube.ide.mcu.externaltools.gnu-tools-for-stm32.12.3.rel1.win32_1.0.200.202406191623/tools/bin/../lib/gcc/arm-none-eabi/12.3.1/thumb/v7e-m+fp/hard\libgcc.a(_udivmoddi4.o)
                0x08000218                __udivmoddi4
 .text          0x080004d4        0x4 C:/ST/STM32CubeIDE_1.16.1/STM32CubeIDE/plugins/com.st.stm32cube.ide.mcu.externaltools.gnu-tools-for-stm32.12.3.rel1.win32_1.0.200.202406191623/tools/bin/../lib/gcc/arm-none-eabi/12.3.1/thumb/v7e-m+fp/hard\libgcc.a(_dvmd_tls.o)
                0x080004d4                __aeabi_idiv0
                0x080004d4                __aeabi_ldiv0
 *(.text*)
 .text.AUDIO_OUT_Init
                0x080004d8       0x9c ./Core/Src/AUDIO.o
                0x080004d8                AUDIO_OUT_Init
 .text.AUDIO_OUT_Play
                0x08000574       0x54 ./Core/Src/AUDIO.o
                0x08000574                AUDIO_OUT_Play
 .text.AUDIO_OUT_Pause
                0x080005c8       0x2c ./Core/Src/AUDIO.o
                0x080005c8                AUDIO_OUT_Pause
 .text.AUDIO_OUT_Resume
                0x080005f4       0x2c ./Core/Src/AUDIO.o
                0x080005f4                AUDIO_OUT_Resume
 .text.AUDIO_OUT_Stop
                0x08000620       0x50 ./Core/Src/AUDIO.o
                0x08000620                AUDIO_OUT_Stop
 .text.AUDIO_OUT_SetVolume
                0x08000670       0x30 ./Core/Src/AUDIO.o
                0x08000670                AUDIO_OUT_SetVolume
 .text.HAL_I2S_TxCpltCallback
                0x080006a0       0x24 ./Core/Src/AUDIO.o
                0x080006a0                HAL_I2S_TxCpltCallback
 .text.HAL_I2S_TxHalfCpltCallback
                0x080006c4       0x24 ./Core/Src/AUDIO.o
                0x080006c4                HAL_I2S_TxHalfCpltCallback
 .text.AUDIO_OUT_ClockConfig
                0x080006e8       0xbc ./Core/Src/AUDIO.o
                0x080006e8                AUDIO_OUT_ClockConfig
 .text.AUDIO_OUT_MspInit
                0x080007a4      0x180 ./Core/Src/AUDIO.o
                0x080007a4                AUDIO_OUT_MspInit
 .text.AUDIO_OUT_Error_CallBack
                0x08000924        0xe ./Core/Src/AUDIO.o
                0x08000924                AUDIO_OUT_Error_CallBack
 *fill*         0x08000932        0x2 
 .text.I2S3_Init
                0x08000934       0x70 ./Core/Src/AUDIO.o
 .text.HAL_I2S_ErrorCallback
                0x080009a4       0x24 ./Core/Src/AUDIO.o
                0x080009a4                HAL_I2S_ErrorCallback
 .text.I2Cx_Init
                0x080009c8       0x64 ./Core/Src/AUDIO_LINK.o
 .text.I2Cx_WriteData
                0x08000a2c       0x50 ./Core/Src/AUDIO_LINK.o
 .text.I2Cx_ReadData
                0x08000a7c       0x58 ./Core/Src/AUDIO_LINK.o
 .text.I2Cx_Error
                0x08000ad4       0x18 ./Core/Src/AUDIO_LINK.o
 .text.I2Cx_MspInit
                0x08000aec       0xac ./Core/Src/AUDIO_LINK.o
 .text.AUDIO_IO_Init
                0x08000b98       0x70 ./Core/Src/AUDIO_LINK.o
                0x08000b98                AUDIO_IO_Init
 .text.AUDIO_IO_DeInit
                0x08000c08        0xe ./Core/Src/AUDIO_LINK.o
                0x08000c08                AUDIO_IO_DeInit
 .text.AUDIO_IO_Write
                0x08000c16       0x28 ./Core/Src/AUDIO_LINK.o
                0x08000c16                AUDIO_IO_Write
 .text.AUDIO_IO_Read
                0x08000c3e       0x28 ./Core/Src/AUDIO_LINK.o
                0x08000c3e                AUDIO_IO_Read
 *fill*         0x08000c66        0x2 
 .text.AUDIO_StorageParse
                0x08000c68      0x140 ./Core/Src/File_Handling.o
                0x08000c68                AUDIO_StorageParse
 .text.AUDIO_GetWavObjectNumber
                0x08000da8       0x1c ./Core/Src/File_Handling.o
                0x08000da8                AUDIO_GetWavObjectNumber
 .text.Mount_USB
                0x08000dc4       0x28 ./Core/Src/File_Handling.o
                0x08000dc4                Mount_USB
 .text.cs43l22_Init
                0x08000dec      0x1c8 ./Core/Src/cs43l22.o
                0x08000dec                cs43l22_Init
 .text.cs43l22_DeInit
                0x08000fb4        0xc ./Core/Src/cs43l22.o
                0x08000fb4                cs43l22_DeInit
 .text.cs43l22_ReadID
                0x08000fc0       0x30 ./Core/Src/cs43l22.o
                0x08000fc0                cs43l22_ReadID
 .text.cs43l22_Play
                0x08000ff0       0x74 ./Core/Src/cs43l22.o
                0x08000ff0                cs43l22_Play
 .text.cs43l22_Pause
                0x08001064       0x42 ./Core/Src/cs43l22.o
                0x08001064                cs43l22_Pause
 *fill*         0x080010a6        0x2 
 .text.cs43l22_Resume
                0x080010a8       0x78 ./Core/Src/cs43l22.o
                0x080010a8                cs43l22_Resume
 .text.cs43l22_Stop
                0x08001120       0x68 ./Core/Src/cs43l22.o
                0x08001120                cs43l22_Stop
 .text.cs43l22_SetVolume
                0x08001188       0xbc ./Core/Src/cs43l22.o
                0x08001188                cs43l22_SetVolume
 .text.cs43l22_SetFrequency
                0x08001244       0x1a ./Core/Src/cs43l22.o
                0x08001244                cs43l22_SetFrequency
 *fill*         0x0800125e        0x2 
 .text.cs43l22_SetMute
                0x08001260       0xbc ./Core/Src/cs43l22.o
                0x08001260                cs43l22_SetMute
 .text.cs43l22_SetOutputMode
                0x0800131c       0xe4 ./Core/Src/cs43l22.o
                0x0800131c                cs43l22_SetOutputMode
 .text.cs43l22_Reset
                0x08001400       0x18 ./Core/Src/cs43l22.o
                0x08001400                cs43l22_Reset
 .text.CODEC_IO_Write
                0x08001418       0x2e ./Core/Src/cs43l22.o
 *fill*         0x08001446        0x2 
 .text.change_animation
                0x08001448       0x50 ./Core/Src/main.o
                0x08001448                change_animation
 .text.HAL_GPIO_EXTI_Callback
                0x08001498       0x88 ./Core/Src/main.o
                0x08001498                HAL_GPIO_EXTI_Callback
 .text.HAL_TIM_PeriodElapsedCallback
                0x08001520      0x100 ./Core/Src/main.o
                0x08001520                HAL_TIM_PeriodElapsedCallback
 .text.animacion1
                0x08001620      0x3fc ./Core/Src/main.o
                0x08001620                animacion1
 .text.animacion2
                0x08001a1c      0x180 ./Core/Src/main.o
                0x08001a1c                animacion2
 .text.animacion3
                0x08001b9c      0x1e4 ./Core/Src/main.o
                0x08001b9c                animacion3
 .text.animacion4
                0x08001d80      0x178 ./Core/Src/main.o
                0x08001d80                animacion4
 .text.main     0x08001ef8       0xcc ./Core/Src/main.o
                0x08001ef8                main
 .text.SystemClock_Config
                0x08001fc4       0xd0 ./Core/Src/main.o
                0x08001fc4                SystemClock_Config
 .text.MX_I2C1_Init
                0x08002094       0x5c ./Core/Src/main.o
 .text.MX_I2C2_Init
                0x080020f0       0x5c ./Core/Src/main.o
 .text.MX_I2S3_Init
                0x0800214c       0x5c ./Core/Src/main.o
 .text.MX_TIM10_Init
                0x080021a8       0x48 ./Core/Src/main.o
 .text.MX_DMA_Init
                0x080021f0       0x40 ./Core/Src/main.o
 .text.MX_GPIO_Init
                0x08002230      0x10c ./Core/Src/main.o
 .text.Error_Handler
                0x0800233c        0xc ./Core/Src/main.o
                0x0800233c                Error_Handler
 .text.SSD1306_Init
                0x08002348      0x188 ./Core/Src/ssd1306.o
                0x08002348                SSD1306_Init
 .text.SSD1306_UpdateScreen
                0x080024d0       0x5c ./Core/Src/ssd1306.o
                0x080024d0                SSD1306_UpdateScreen
 .text.SSD1306_Fill
                0x0800252c       0x30 ./Core/Src/ssd1306.o
                0x0800252c                SSD1306_Fill
 .text.SSD1306_DrawPixel
                0x0800255c       0xc0 ./Core/Src/ssd1306.o
                0x0800255c                SSD1306_DrawPixel
 .text.SSD1306_GotoXY
                0x0800261c       0x2c ./Core/Src/ssd1306.o
                0x0800261c                SSD1306_GotoXY
 .text.SSD1306_Putc
                0x08002648       0xfc ./Core/Src/ssd1306.o
                0x08002648                SSD1306_Putc
 .text.SSD1306_Puts
                0x08002744       0x4a ./Core/Src/ssd1306.o
                0x08002744                SSD1306_Puts
 .text.SSD1306_DrawBitmap
                0x0800278e       0xd0 ./Core/Src/ssd1306.o
                0x0800278e                SSD1306_DrawBitmap
 .text.SSD1306_Clear
                0x0800285e       0x12 ./Core/Src/ssd1306.o
                0x0800285e                SSD1306_Clear
 .text.ssd1306_I2C_Init
                0x08002870       0x2c ./Core/Src/ssd1306.o
                0x08002870                ssd1306_I2C_Init
 .text.ssd1306_I2C_WriteMulti
                0x0800289c       0xcc ./Core/Src/ssd1306.o
                0x0800289c                ssd1306_I2C_WriteMulti
 .text.ssd1306_I2C_Write
                0x08002968       0x3c ./Core/Src/ssd1306.o
                0x08002968                ssd1306_I2C_Write
 .text.HAL_MspInit
                0x080029a4       0x50 ./Core/Src/stm32f4xx_hal_msp.o
                0x080029a4                HAL_MspInit
 .text.HAL_I2C_MspInit
                0x080029f4      0x11c ./Core/Src/stm32f4xx_hal_msp.o
                0x080029f4                HAL_I2C_MspInit
 .text.HAL_I2C_MspDeInit
                0x08002b10       0x74 ./Core/Src/stm32f4xx_hal_msp.o
                0x08002b10                HAL_I2C_MspDeInit
 .text.HAL_I2S_MspInit
                0x08002b84      0x184 ./Core/Src/stm32f4xx_hal_msp.o
                0x08002b84                HAL_I2S_MspInit
 .text.HAL_TIM_Base_MspInit
                0x08002d08       0x50 ./Core/Src/stm32f4xx_hal_msp.o
                0x08002d08                HAL_TIM_Base_MspInit
 .text.NMI_Handler
                0x08002d58        0x8 ./Core/Src/stm32f4xx_it.o
                0x08002d58                NMI_Handler
 .text.HardFault_Handler
                0x08002d60        0x8 ./Core/Src/stm32f4xx_it.o
                0x08002d60                HardFault_Handler
 .text.MemManage_Handler
                0x08002d68        0x8 ./Core/Src/stm32f4xx_it.o
                0x08002d68                MemManage_Handler
 .text.BusFault_Handler
                0x08002d70        0x8 ./Core/Src/stm32f4xx_it.o
                0x08002d70                BusFault_Handler
 .text.UsageFault_Handler
                0x08002d78        0x8 ./Core/Src/stm32f4xx_it.o
                0x08002d78                UsageFault_Handler
 .text.SVC_Handler
                0x08002d80        0xe ./Core/Src/stm32f4xx_it.o
                0x08002d80                SVC_Handler
 .text.DebugMon_Handler
                0x08002d8e        0xe ./Core/Src/stm32f4xx_it.o
                0x08002d8e                DebugMon_Handler
 .text.PendSV_Handler
                0x08002d9c        0xe ./Core/Src/stm32f4xx_it.o
                0x08002d9c                PendSV_Handler
 .text.SysTick_Handler
                0x08002daa        0xc ./Core/Src/stm32f4xx_it.o
                0x08002daa                SysTick_Handler
 .text.EXTI0_IRQHandler
                0x08002db6        0xe ./Core/Src/stm32f4xx_it.o
                0x08002db6                EXTI0_IRQHandler
 .text.EXTI1_IRQHandler
                0x08002dc4        0xe ./Core/Src/stm32f4xx_it.o
                0x08002dc4                EXTI1_IRQHandler
 .text.EXTI2_IRQHandler
                0x08002dd2        0xe ./Core/Src/stm32f4xx_it.o
                0x08002dd2                EXTI2_IRQHandler
 .text.DMA1_Stream5_IRQHandler
                0x08002de0       0x14 ./Core/Src/stm32f4xx_it.o
                0x08002de0                DMA1_Stream5_IRQHandler
 .text.TIM1_UP_TIM10_IRQHandler
                0x08002df4       0x14 ./Core/Src/stm32f4xx_it.o
                0x08002df4                TIM1_UP_TIM10_IRQHandler
 .text.OTG_FS_IRQHandler
                0x08002e08       0x14 ./Core/Src/stm32f4xx_it.o
                0x08002e08                OTG_FS_IRQHandler
 .text._sbrk    0x08002e1c       0x6c ./Core/Src/sysmem.o
                0x08002e1c                _sbrk
 .text.SystemInit
                0x08002e88       0x2c ./Core/Src/system_stm32f4xx.o
                0x08002e88                SystemInit
 .text.PlayerInit
                0x08002eb4       0x30 ./Core/Src/waveplayer.o
                0x08002eb4                PlayerInit
 .text.AUDIO_PLAYER_Start
                0x08002ee4       0xe0 ./Core/Src/waveplayer.o
                0x08002ee4                AUDIO_PLAYER_Start
 .text.get_name
                0x08002fc4       0x14 ./Core/Src/waveplayer.o
                0x08002fc4                get_name
 .text.quitar_extension
                0x08002fd8       0x3e ./Core/Src/waveplayer.o
                0x08002fd8                quitar_extension
 *fill*         0x08003016        0x2 
 .text.AUDIO_PLAYER_Process
                0x08003018      0x234 ./Core/Src/waveplayer.o
                0x08003018                AUDIO_PLAYER_Process
 .text.AUDIO_OUT_TransferComplete_CallBack
                0x0800324c       0x28 ./Core/Src/waveplayer.o
                0x0800324c                AUDIO_OUT_TransferComplete_CallBack
 .text.AUDIO_OUT_HalfTransfer_CallBack
                0x08003274       0x28 ./Core/Src/waveplayer.o
                0x08003274                AUDIO_OUT_HalfTransfer_CallBack
 .text.Reset_Handler
                0x0800329c       0x50 ./Core/Startup/startup_stm32f411vetx.o
                0x0800329c                Reset_Handler
 .text.Default_Handler
                0x080032ec        0x2 ./Core/Startup/startup_stm32f411vetx.o
                0x080032ec                RTC_Alarm_IRQHandler
                0x080032ec                SPI4_IRQHandler
                0x080032ec                TIM1_CC_IRQHandler
                0x080032ec                DMA2_Stream5_IRQHandler
                0x080032ec                PVD_IRQHandler
                0x080032ec                SDIO_IRQHandler
                0x080032ec                TAMP_STAMP_IRQHandler
                0x080032ec                EXTI3_IRQHandler
                0x080032ec                I2C3_ER_IRQHandler
                0x080032ec                I2C2_EV_IRQHandler
                0x080032ec                DMA1_Stream2_IRQHandler
                0x080032ec                FPU_IRQHandler
                0x080032ec                DMA2_Stream2_IRQHandler
                0x080032ec                SPI1_IRQHandler
                0x080032ec                TIM1_BRK_TIM9_IRQHandler
                0x080032ec                DMA2_Stream3_IRQHandler
                0x080032ec                USART6_IRQHandler
                0x080032ec                DMA2_Stream0_IRQHandler
                0x080032ec                TIM4_IRQHandler
                0x080032ec                I2C1_EV_IRQHandler
                0x080032ec                DMA1_Stream6_IRQHandler
                0x080032ec                DMA1_Stream1_IRQHandler
                0x080032ec                TIM3_IRQHandler
                0x080032ec                RCC_IRQHandler
                0x080032ec                Default_Handler
                0x080032ec                EXTI15_10_IRQHandler
                0x080032ec                ADC_IRQHandler
                0x080032ec                DMA1_Stream7_IRQHandler
                0x080032ec                SPI5_IRQHandler
                0x080032ec                TIM5_IRQHandler
                0x080032ec                DMA2_Stream7_IRQHandler
                0x080032ec                I2C3_EV_IRQHandler
                0x080032ec                EXTI9_5_IRQHandler
                0x080032ec                RTC_WKUP_IRQHandler
                0x080032ec                SPI2_IRQHandler
                0x080032ec                DMA1_Stream0_IRQHandler
                0x080032ec                EXTI4_IRQHandler
                0x080032ec                WWDG_IRQHandler
                0x080032ec                TIM2_IRQHandler
                0x080032ec                OTG_FS_WKUP_IRQHandler
                0x080032ec                TIM1_TRG_COM_TIM11_IRQHandler
                0x080032ec                USART2_IRQHandler
                0x080032ec                I2C2_ER_IRQHandler
                0x080032ec                DMA2_Stream1_IRQHandler
                0x080032ec                FLASH_IRQHandler
                0x080032ec                DMA2_Stream4_IRQHandler
                0x080032ec                USART1_IRQHandler
                0x080032ec                SPI3_IRQHandler
                0x080032ec                DMA1_Stream4_IRQHandler
                0x080032ec                I2C1_ER_IRQHandler
                0x080032ec                DMA2_Stream6_IRQHandler
                0x080032ec                DMA1_Stream3_IRQHandler
 *fill*         0x080032ee        0x2 
 .text.HAL_Init
                0x080032f0       0x44 ./Drivers/STM32F4xx_HAL_Driver/Src/stm32f4xx_hal.o
                0x080032f0                HAL_Init
 .text.HAL_InitTick
                0x08003334       0x60 ./Drivers/STM32F4xx_HAL_Driver/Src/stm32f4xx_hal.o
                0x08003334                HAL_InitTick
 .text.HAL_IncTick
                0x08003394       0x28 ./Drivers/STM32F4xx_HAL_Driver/Src/stm32f4xx_hal.o
                0x08003394                HAL_IncTick
 .text.HAL_GetTick
                0x080033bc       0x18 ./Drivers/STM32F4xx_HAL_Driver/Src/stm32f4xx_hal.o
                0x080033bc                HAL_GetTick
 .text.HAL_Delay
                0x080033d4       0x48 ./Drivers/STM32F4xx_HAL_Driver/Src/stm32f4xx_hal.o
                0x080033d4                HAL_Delay
 .text.__NVIC_SetPriorityGrouping
                0x0800341c       0x48 ./Drivers/STM32F4xx_HAL_Driver/Src/stm32f4xx_hal_cortex.o
 .text.__NVIC_GetPriorityGrouping
                0x08003464       0x1c ./Drivers/STM32F4xx_HAL_Driver/Src/stm32f4xx_hal_cortex.o
 .text.__NVIC_EnableIRQ
                0x08003480       0x3c ./Drivers/STM32F4xx_HAL_Driver/Src/stm32f4xx_hal_cortex.o
 .text.__NVIC_SetPriority
                0x080034bc       0x54 ./Drivers/STM32F4xx_HAL_Driver/Src/stm32f4xx_hal_cortex.o
 .text.NVIC_EncodePriority
                0x08003510       0x66 ./Drivers/STM32F4xx_HAL_Driver/Src/stm32f4xx_hal_cortex.o
 *fill*         0x08003576        0x2 
 .text.SysTick_Config
                0x08003578       0x44 ./Drivers/STM32F4xx_HAL_Driver/Src/stm32f4xx_hal_cortex.o
 .text.HAL_NVIC_SetPriorityGrouping
                0x080035bc       0x16 ./Drivers/STM32F4xx_HAL_Driver/Src/stm32f4xx_hal_cortex.o
                0x080035bc                HAL_NVIC_SetPriorityGrouping
 .text.HAL_NVIC_SetPriority
                0x080035d2       0x38 ./Drivers/STM32F4xx_HAL_Driver/Src/stm32f4xx_hal_cortex.o
                0x080035d2                HAL_NVIC_SetPriority
 .text.HAL_NVIC_EnableIRQ
                0x0800360a       0x1c ./Drivers/STM32F4xx_HAL_Driver/Src/stm32f4xx_hal_cortex.o
                0x0800360a                HAL_NVIC_EnableIRQ
 .text.HAL_SYSTICK_Config
                0x08003626       0x18 ./Drivers/STM32F4xx_HAL_Driver/Src/stm32f4xx_hal_cortex.o
                0x08003626                HAL_SYSTICK_Config
 *fill*         0x0800363e        0x2 
 .text.HAL_DMA_Init
                0x08003640      0x15c ./Drivers/STM32F4xx_HAL_Driver/Src/stm32f4xx_hal_dma.o
                0x08003640                HAL_DMA_Init
 .text.HAL_DMA_DeInit
                0x0800379c       0xbc ./Drivers/STM32F4xx_HAL_Driver/Src/stm32f4xx_hal_dma.o
                0x0800379c                HAL_DMA_DeInit
 .text.HAL_DMA_Start_IT
                0x08003858       0xb0 ./Drivers/STM32F4xx_HAL_Driver/Src/stm32f4xx_hal_dma.o
                0x08003858                HAL_DMA_Start_IT
 .text.HAL_DMA_Abort
                0x08003908       0xe0 ./Drivers/STM32F4xx_HAL_Driver/Src/stm32f4xx_hal_dma.o
                0x08003908                HAL_DMA_Abort
 .text.HAL_DMA_IRQHandler
                0x080039e8      0x314 ./Drivers/STM32F4xx_HAL_Driver/Src/stm32f4xx_hal_dma.o
                0x080039e8                HAL_DMA_IRQHandler
 .text.DMA_SetConfig
                0x08003cfc       0x5c ./Drivers/STM32F4xx_HAL_Driver/Src/stm32f4xx_hal_dma.o
 .text.DMA_CalcBaseAndBitshift
                0x08003d58       0x6c ./Drivers/STM32F4xx_HAL_Driver/Src/stm32f4xx_hal_dma.o
 .text.DMA_CheckFifoParam
                0x08003dc4       0xf8 ./Drivers/STM32F4xx_HAL_Driver/Src/stm32f4xx_hal_dma.o
 .text.HAL_GPIO_Init
                0x08003ebc      0x308 ./Drivers/STM32F4xx_HAL_Driver/Src/stm32f4xx_hal_gpio.o
                0x08003ebc                HAL_GPIO_Init
 .text.HAL_GPIO_DeInit
                0x080041c4      0x1c8 ./Drivers/STM32F4xx_HAL_Driver/Src/stm32f4xx_hal_gpio.o
                0x080041c4                HAL_GPIO_DeInit
 .text.HAL_GPIO_WritePin
                0x0800438c       0x32 ./Drivers/STM32F4xx_HAL_Driver/Src/stm32f4xx_hal_gpio.o
                0x0800438c                HAL_GPIO_WritePin
 *fill*         0x080043be        0x2 
 .text.HAL_GPIO_EXTI_IRQHandler
                0x080043c0       0x30 ./Drivers/STM32F4xx_HAL_Driver/Src/stm32f4xx_hal_gpio.o
                0x080043c0                HAL_GPIO_EXTI_IRQHandler
 .text.HAL_HCD_Init
                0x080043f0       0xce ./Drivers/STM32F4xx_HAL_Driver/Src/stm32f4xx_hal_hcd.o
                0x080043f0                HAL_HCD_Init
 .text.HAL_HCD_HC_Init
                0x080044be      0x170 ./Drivers/STM32F4xx_HAL_Driver/Src/stm32f4xx_hal_hcd.o
                0x080044be                HAL_HCD_HC_Init
 .text.HAL_HCD_HC_Halt
                0x0800462e       0x46 ./Drivers/STM32F4xx_HAL_Driver/Src/stm32f4xx_hal_hcd.o
                0x0800462e                HAL_HCD_HC_Halt
 .text.HAL_HCD_HC_SubmitRequest
                0x08004674      0x33c ./Drivers/STM32F4xx_HAL_Driver/Src/stm32f4xx_hal_hcd.o
                0x08004674                HAL_HCD_HC_SubmitRequest
 .text.HAL_HCD_IRQHandler
                0x080049b0      0x220 ./Drivers/STM32F4xx_HAL_Driver/Src/stm32f4xx_hal_hcd.o
                0x080049b0                HAL_HCD_IRQHandler
 .text.HAL_HCD_Start
                0x08004bd0       0x46 ./Drivers/STM32F4xx_HAL_Driver/Src/stm32f4xx_hal_hcd.o
                0x08004bd0                HAL_HCD_Start
 .text.HAL_HCD_Stop
                0x08004c16       0x3a ./Drivers/STM32F4xx_HAL_Driver/Src/stm32f4xx_hal_hcd.o
                0x08004c16                HAL_HCD_Stop
 .text.HAL_HCD_ResetPort
                0x08004c50       0x1c ./Drivers/STM32F4xx_HAL_Driver/Src/stm32f4xx_hal_hcd.o
                0x08004c50                HAL_HCD_ResetPort
 .text.HAL_HCD_HC_GetURBState
                0x08004c6c       0x2a ./Drivers/STM32F4xx_HAL_Driver/Src/stm32f4xx_hal_hcd.o
                0x08004c6c                HAL_HCD_HC_GetURBState
 .text.HAL_HCD_HC_GetXferCount
                0x08004c96       0x2a ./Drivers/STM32F4xx_HAL_Driver/Src/stm32f4xx_hal_hcd.o
                0x08004c96                HAL_HCD_HC_GetXferCount
 .text.HAL_HCD_GetCurrentFrame
                0x08004cc0       0x1c ./Drivers/STM32F4xx_HAL_Driver/Src/stm32f4xx_hal_hcd.o
                0x08004cc0                HAL_HCD_GetCurrentFrame
 .text.HAL_HCD_GetCurrentSpeed
                0x08004cdc       0x1c ./Drivers/STM32F4xx_HAL_Driver/Src/stm32f4xx_hal_hcd.o
                0x08004cdc                HAL_HCD_GetCurrentSpeed
 .text.HAL_HCD_HC_ClearHubInfo
                0x08004cf8       0x6a ./Drivers/STM32F4xx_HAL_Driver/Src/stm32f4xx_hal_hcd.o
                0x08004cf8                HAL_HCD_HC_ClearHubInfo
 .text.HCD_HC_IN_IRQHandler
                0x08004d62      0xcd2 ./Drivers/STM32F4xx_HAL_Driver/Src/stm32f4xx_hal_hcd.o
 .text.HCD_HC_OUT_IRQHandler
                0x08005a34      0x97e ./Drivers/STM32F4xx_HAL_Driver/Src/stm32f4xx_hal_hcd.o
 .text.HCD_RXQLVL_IRQHandler
                0x080063b2      0x1be ./Drivers/STM32F4xx_HAL_Driver/Src/stm32f4xx_hal_hcd.o
 .text.HCD_Port_IRQHandler
                0x08006570       0xe6 ./Drivers/STM32F4xx_HAL_Driver/Src/stm32f4xx_hal_hcd.o
 *fill*         0x08006656        0x2 
 .text.HAL_I2C_Init
                0x08006658      0x288 ./Drivers/STM32F4xx_HAL_Driver/Src/stm32f4xx_hal_i2c.o
                0x08006658                HAL_I2C_Init
 .text.HAL_I2C_DeInit
                0x080068e0       0x5e ./Drivers/STM32F4xx_HAL_Driver/Src/stm32f4xx_hal_i2c.o
                0x080068e0                HAL_I2C_DeInit
 *fill*         0x0800693e        0x2 
 .text.HAL_I2C_Master_Transmit
                0x08006940      0x1fc ./Drivers/STM32F4xx_HAL_Driver/Src/stm32f4xx_hal_i2c.o
                0x08006940                HAL_I2C_Master_Transmit
 .text.HAL_I2C_Mem_Write
                0x08006b3c      0x1f4 ./Drivers/STM32F4xx_HAL_Driver/Src/stm32f4xx_hal_i2c.o
                0x08006b3c                HAL_I2C_Mem_Write
 .text.HAL_I2C_Mem_Read
                0x08006d30      0x464 ./Drivers/STM32F4xx_HAL_Driver/Src/stm32f4xx_hal_i2c.o
                0x08006d30                HAL_I2C_Mem_Read
 .text.HAL_I2C_IsDeviceReady
                0x08007194      0x25c ./Drivers/STM32F4xx_HAL_Driver/Src/stm32f4xx_hal_i2c.o
                0x08007194                HAL_I2C_IsDeviceReady
 .text.HAL_I2C_GetState
                0x080073f0       0x1c ./Drivers/STM32F4xx_HAL_Driver/Src/stm32f4xx_hal_i2c.o
                0x080073f0                HAL_I2C_GetState
 .text.I2C_MasterRequestWrite
                0x0800740c      0x104 ./Drivers/STM32F4xx_HAL_Driver/Src/stm32f4xx_hal_i2c.o
 .text.I2C_RequestMemoryWrite
                0x08007510      0x12c ./Drivers/STM32F4xx_HAL_Driver/Src/stm32f4xx_hal_i2c.o
 .text.I2C_RequestMemoryRead
                0x0800763c      0x1d0 ./Drivers/STM32F4xx_HAL_Driver/Src/stm32f4xx_hal_i2c.o
 .text.I2C_WaitOnFlagUntilTimeout
                0x0800780c       0xf4 ./Drivers/STM32F4xx_HAL_Driver/Src/stm32f4xx_hal_i2c.o
 .text.I2C_WaitOnMasterAddressFlagUntilTimeout
                0x08007900      0x140 ./Drivers/STM32F4xx_HAL_Driver/Src/stm32f4xx_hal_i2c.o
 .text.I2C_WaitOnTXEFlagUntilTimeout
                0x08007a40       0x90 ./Drivers/STM32F4xx_HAL_Driver/Src/stm32f4xx_hal_i2c.o
 .text.I2C_WaitOnBTFFlagUntilTimeout
                0x08007ad0       0x90 ./Drivers/STM32F4xx_HAL_Driver/Src/stm32f4xx_hal_i2c.o
 .text.I2C_WaitOnRXNEFlagUntilTimeout
                0x08007b60       0xba ./Drivers/STM32F4xx_HAL_Driver/Src/stm32f4xx_hal_i2c.o
 .text.I2C_IsAcknowledgeFailed
                0x08007c1a       0x5e ./Drivers/STM32F4xx_HAL_Driver/Src/stm32f4xx_hal_i2c.o
 .text.HAL_I2S_Init
                0x08007c78      0x280 ./Drivers/STM32F4xx_HAL_Driver/Src/stm32f4xx_hal_i2s.o
                0x08007c78                HAL_I2S_Init
 .text.HAL_I2S_Transmit_DMA
                0x08007ef8      0x148 ./Drivers/STM32F4xx_HAL_Driver/Src/stm32f4xx_hal_i2s.o
                0x08007ef8                HAL_I2S_Transmit_DMA
 .text.HAL_I2S_DMAPause
                0x08008040       0xc4 ./Drivers/STM32F4xx_HAL_Driver/Src/stm32f4xx_hal_i2s.o
                0x08008040                HAL_I2S_DMAPause
 .text.HAL_I2S_DMAResume
                0x08008104      0x128 ./Drivers/STM32F4xx_HAL_Driver/Src/stm32f4xx_hal_i2s.o
                0x08008104                HAL_I2S_DMAResume
 .text.HAL_I2S_DMAStop
                0x0800822c      0x3b4 ./Drivers/STM32F4xx_HAL_Driver/Src/stm32f4xx_hal_i2s.o
                0x0800822c                HAL_I2S_DMAStop
 .text.HAL_I2S_RxCpltCallback
                0x080085e0       0x14 ./Drivers/STM32F4xx_HAL_Driver/Src/stm32f4xx_hal_i2s.o
                0x080085e0                HAL_I2S_RxCpltCallback
 .text.HAL_I2S_GetState
                0x080085f4       0x1c ./Drivers/STM32F4xx_HAL_Driver/Src/stm32f4xx_hal_i2s.o
                0x080085f4                HAL_I2S_GetState
 .text.I2S_DMATxCplt
                0x08008610       0x42 ./Drivers/STM32F4xx_HAL_Driver/Src/stm32f4xx_hal_i2s.o
 .text.I2S_DMATxHalfCplt
                0x08008652       0x1c ./Drivers/STM32F4xx_HAL_Driver/Src/stm32f4xx_hal_i2s.o
 .text.I2S_DMAError
                0x0800866e       0x4c ./Drivers/STM32F4xx_HAL_Driver/Src/stm32f4xx_hal_i2s.o
 .text.I2S_Transmit_IT
                0x080086ba       0x5c ./Drivers/STM32F4xx_HAL_Driver/Src/stm32f4xx_hal_i2s.o
 .text.I2S_Receive_IT
                0x08008716       0x5e ./Drivers/STM32F4xx_HAL_Driver/Src/stm32f4xx_hal_i2s.o
 .text.I2S_IRQHandler
                0x08008774      0x114 ./Drivers/STM32F4xx_HAL_Driver/Src/stm32f4xx_hal_i2s.o
 .text.I2S_WaitFlagStateUntilTimeout
                0x08008888       0x72 ./Drivers/STM32F4xx_HAL_Driver/Src/stm32f4xx_hal_i2s.o
 *fill*         0x080088fa        0x2 
 .text.HAL_I2SEx_FullDuplex_IRQHandler
                0x080088fc      0x2a8 ./Drivers/STM32F4xx_HAL_Driver/Src/stm32f4xx_hal_i2s_ex.o
                0x080088fc                HAL_I2SEx_FullDuplex_IRQHandler
 .text.HAL_I2SEx_TxRxCpltCallback
                0x08008ba4       0x14 ./Drivers/STM32F4xx_HAL_Driver/Src/stm32f4xx_hal_i2s_ex.o
                0x08008ba4                HAL_I2SEx_TxRxCpltCallback
 .text.I2SEx_TxISR_I2S
                0x08008bb8       0x62 ./Drivers/STM32F4xx_HAL_Driver/Src/stm32f4xx_hal_i2s_ex.o
 *fill*         0x08008c1a        0x2 
 .text.I2SEx_TxISR_I2SExt
                0x08008c1c       0x98 ./Drivers/STM32F4xx_HAL_Driver/Src/stm32f4xx_hal_i2s_ex.o
 .text.I2SEx_RxISR_I2S
                0x08008cb4       0x64 ./Drivers/STM32F4xx_HAL_Driver/Src/stm32f4xx_hal_i2s_ex.o
 .text.I2SEx_RxISR_I2SExt
                0x08008d18       0x98 ./Drivers/STM32F4xx_HAL_Driver/Src/stm32f4xx_hal_i2s_ex.o
 .text.HAL_RCC_OscConfig
                0x08008db0      0x4f0 ./Drivers/STM32F4xx_HAL_Driver/Src/stm32f4xx_hal_rcc.o
                0x08008db0                HAL_RCC_OscConfig
 .text.HAL_RCC_ClockConfig
                0x080092a0      0x1cc ./Drivers/STM32F4xx_HAL_Driver/Src/stm32f4xx_hal_rcc.o
                0x080092a0                HAL_RCC_ClockConfig
 .text.HAL_RCC_GetSysClockFreq
                0x0800946c      0x20c ./Drivers/STM32F4xx_HAL_Driver/Src/stm32f4xx_hal_rcc.o
                0x0800946c                HAL_RCC_GetSysClockFreq
 .text.HAL_RCC_GetHCLKFreq
                0x08009678       0x18 ./Drivers/STM32F4xx_HAL_Driver/Src/stm32f4xx_hal_rcc.o
                0x08009678                HAL_RCC_GetHCLKFreq
 .text.HAL_RCC_GetPCLK1Freq
                0x08009690       0x28 ./Drivers/STM32F4xx_HAL_Driver/Src/stm32f4xx_hal_rcc.o
                0x08009690                HAL_RCC_GetPCLK1Freq
 .text.HAL_RCCEx_PeriphCLKConfig
                0x080096b8      0x1e0 ./Drivers/STM32F4xx_HAL_Driver/Src/stm32f4xx_hal_rcc_ex.o
                0x080096b8                HAL_RCCEx_PeriphCLKConfig
 .text.HAL_RCCEx_GetPeriphCLKConfig
                0x08009898       0x84 ./Drivers/STM32F4xx_HAL_Driver/Src/stm32f4xx_hal_rcc_ex.o
                0x08009898                HAL_RCCEx_GetPeriphCLKConfig
 .text.HAL_RCCEx_GetPeriphCLKFreq
                0x0800991c       0xc4 ./Drivers/STM32F4xx_HAL_Driver/Src/stm32f4xx_hal_rcc_ex.o
                0x0800991c                HAL_RCCEx_GetPeriphCLKFreq
 .text.HAL_TIM_Base_Init
                0x080099e0       0x9e ./Drivers/STM32F4xx_HAL_Driver/Src/stm32f4xx_hal_tim.o
                0x080099e0                HAL_TIM_Base_Init
 *fill*         0x08009a7e        0x2 
 .text.HAL_TIM_Base_Start_IT
                0x08009a80       0xc4 ./Drivers/STM32F4xx_HAL_Driver/Src/stm32f4xx_hal_tim.o
                0x08009a80                HAL_TIM_Base_Start_IT
 .text.HAL_TIM_IRQHandler
                0x08009b44      0x1e0 ./Drivers/STM32F4xx_HAL_Driver/Src/stm32f4xx_hal_tim.o
                0x08009b44                HAL_TIM_IRQHandler
 .text.HAL_TIM_OC_DelayElapsedCallback
                0x08009d24       0x14 ./Drivers/STM32F4xx_HAL_Driver/Src/stm32f4xx_hal_tim.o
                0x08009d24                HAL_TIM_OC_DelayElapsedCallback
 .text.HAL_TIM_IC_CaptureCallback
                0x08009d38       0x14 ./Drivers/STM32F4xx_HAL_Driver/Src/stm32f4xx_hal_tim.o
                0x08009d38                HAL_TIM_IC_CaptureCallback
 .text.HAL_TIM_PWM_PulseFinishedCallback
                0x08009d4c       0x14 ./Drivers/STM32F4xx_HAL_Driver/Src/stm32f4xx_hal_tim.o
                0x08009d4c                HAL_TIM_PWM_PulseFinishedCallback
 .text.HAL_TIM_TriggerCallback
                0x08009d60       0x14 ./Drivers/STM32F4xx_HAL_Driver/Src/stm32f4xx_hal_tim.o
                0x08009d60                HAL_TIM_TriggerCallback
 .text.TIM_Base_SetConfig
                0x08009d74      0x118 ./Drivers/STM32F4xx_HAL_Driver/Src/stm32f4xx_hal_tim.o
                0x08009d74                TIM_Base_SetConfig
 .text.HAL_TIMEx_CommutCallback
                0x08009e8c       0x14 ./Drivers/STM32F4xx_HAL_Driver/Src/stm32f4xx_hal_tim_ex.o
                0x08009e8c                HAL_TIMEx_CommutCallback
 .text.HAL_TIMEx_BreakCallback
                0x08009ea0       0x14 ./Drivers/STM32F4xx_HAL_Driver/Src/stm32f4xx_hal_tim_ex.o
                0x08009ea0                HAL_TIMEx_BreakCallback
 .text.USB_CoreInit
                0x08009eb4       0xc8 ./Drivers/STM32F4xx_HAL_Driver/Src/stm32f4xx_ll_usb.o
                0x08009eb4                USB_CoreInit
 .text.USB_EnableGlobalInt
                0x08009f7c       0x22 ./Drivers/STM32F4xx_HAL_Driver/Src/stm32f4xx_ll_usb.o
                0x08009f7c                USB_EnableGlobalInt
 .text.USB_DisableGlobalInt
                0x08009f9e       0x22 ./Drivers/STM32F4xx_HAL_Driver/Src/stm32f4xx_ll_usb.o
                0x08009f9e                USB_DisableGlobalInt
 .text.USB_SetCurrentMode
                0x08009fc0       0x98 ./Drivers/STM32F4xx_HAL_Driver/Src/stm32f4xx_ll_usb.o
                0x08009fc0                USB_SetCurrentMode
 .text.USB_FlushTxFifo
                0x0800a058       0x64 ./Drivers/STM32F4xx_HAL_Driver/Src/stm32f4xx_ll_usb.o
                0x0800a058                USB_FlushTxFifo
 .text.USB_FlushRxFifo
                0x0800a0bc       0x5c ./Drivers/STM32F4xx_HAL_Driver/Src/stm32f4xx_ll_usb.o
                0x0800a0bc                USB_FlushRxFifo
 .text.USB_WritePacket
                0x0800a118       0x7c ./Drivers/STM32F4xx_HAL_Driver/Src/stm32f4xx_ll_usb.o
                0x0800a118                USB_WritePacket
 .text.USB_ReadPacket
                0x0800a194       0xb0 ./Drivers/STM32F4xx_HAL_Driver/Src/stm32f4xx_ll_usb.o
                0x0800a194                USB_ReadPacket
 .text.USB_ReadInterrupts
                0x0800a244       0x26 ./Drivers/STM32F4xx_HAL_Driver/Src/stm32f4xx_ll_usb.o
                0x0800a244                USB_ReadInterrupts
 .text.USB_ReadChInterrupts
                0x0800a26a       0x42 ./Drivers/STM32F4xx_HAL_Driver/Src/stm32f4xx_ll_usb.o
                0x0800a26a                USB_ReadChInterrupts
 .text.USB_GetMode
                0x0800a2ac       0x1c ./Drivers/STM32F4xx_HAL_Driver/Src/stm32f4xx_ll_usb.o
                0x0800a2ac                USB_GetMode
 .text.USB_CoreReset
                0x0800a2c8       0x62 ./Drivers/STM32F4xx_HAL_Driver/Src/stm32f4xx_ll_usb.o
 *fill*         0x0800a32a        0x2 
 .text.USB_HostInit
                0x0800a32c      0x15c ./Drivers/STM32F4xx_HAL_Driver/Src/stm32f4xx_ll_usb.o
                0x0800a32c                USB_HostInit
 .text.USB_InitFSLSPClkSel
                0x0800a488       0x7a ./Drivers/STM32F4xx_HAL_Driver/Src/stm32f4xx_ll_usb.o
                0x0800a488                USB_InitFSLSPClkSel
 .text.USB_ResetPort
                0x0800a502       0x54 ./Drivers/STM32F4xx_HAL_Driver/Src/stm32f4xx_ll_usb.o
                0x0800a502                USB_ResetPort
 .text.USB_DriveVbus
                0x0800a556       0x72 ./Drivers/STM32F4xx_HAL_Driver/Src/stm32f4xx_ll_usb.o
                0x0800a556                USB_DriveVbus
 .text.USB_GetHostSpeed
                0x0800a5c8       0x2e ./Drivers/STM32F4xx_HAL_Driver/Src/stm32f4xx_ll_usb.o
                0x0800a5c8                USB_GetHostSpeed
 .text.USB_GetCurrentFrame
                0x0800a5f6       0x22 ./Drivers/STM32F4xx_HAL_Driver/Src/stm32f4xx_ll_usb.o
                0x0800a5f6                USB_GetCurrentFrame
 .text.USB_HC_Init
                0x0800a618      0x22c ./Drivers/STM32F4xx_HAL_Driver/Src/stm32f4xx_ll_usb.o
                0x0800a618                USB_HC_Init
 .text.USB_HC_StartXfer
                0x0800a844      0x488 ./Drivers/STM32F4xx_HAL_Driver/Src/stm32f4xx_ll_usb.o
                0x0800a844                USB_HC_StartXfer
 .text.USB_HC_ReadInterrupt
                0x0800accc       0x22 ./Drivers/STM32F4xx_HAL_Driver/Src/stm32f4xx_ll_usb.o
                0x0800accc                USB_HC_ReadInterrupt
 .text.USB_HC_Halt
                0x0800acee      0x240 ./Drivers/STM32F4xx_HAL_Driver/Src/stm32f4xx_ll_usb.o
                0x0800acee                USB_HC_Halt
 .text.USB_StopHost
                0x0800af2e      0x124 ./Drivers/STM32F4xx_HAL_Driver/Src/stm32f4xx_ll_usb.o
                0x0800af2e                USB_StopHost
 *fill*         0x0800b052        0x2 
 .text.MX_FATFS_Init
                0x0800b054       0x24 ./FATFS/App/fatfs.o
                0x0800b054                MX_FATFS_Init
 .text.get_fattime
                0x0800b078       0x10 ./FATFS/App/fatfs.o
                0x0800b078                get_fattime
 .text.USBH_initialize
                0x0800b088       0x18 ./FATFS/Target/usbh_diskio.o
                0x0800b088                USBH_initialize
 .text.USBH_status
                0x0800b0a0       0x38 ./FATFS/Target/usbh_diskio.o
                0x0800b0a0                USBH_status
 .text.USBH_read
                0x0800b0d8       0x74 ./FATFS/Target/usbh_diskio.o
                0x0800b0d8                USBH_read
 .text.USBH_write
                0x0800b14c       0x84 ./FATFS/Target/usbh_diskio.o
                0x0800b14c                USBH_write
 .text.USBH_ioctl
                0x0800b1d0       0xd8 ./FATFS/Target/usbh_diskio.o
                0x0800b1d0                USBH_ioctl
 .text.USBH_MSC_InterfaceInit
                0x0800b2a8      0x244 ./Middlewares/ST/STM32_USB_Host_Library/Class/MSC/Src/usbh_msc.o
 .text.USBH_MSC_InterfaceDeInit
                0x0800b4ec       0x8c ./Middlewares/ST/STM32_USB_Host_Library/Class/MSC/Src/usbh_msc.o
 .text.USBH_MSC_ClassRequest
                0x0800b578       0xce ./Middlewares/ST/STM32_USB_Host_Library/Class/MSC/Src/usbh_msc.o
 *fill*         0x0800b646        0x2 
 .text.USBH_MSC_Process
                0x0800b648      0x5ac ./Middlewares/ST/STM32_USB_Host_Library/Class/MSC/Src/usbh_msc.o
 .text.USBH_MSC_SOFProcess
                0x0800bbf4       0x16 ./Middlewares/ST/STM32_USB_Host_Library/Class/MSC/Src/usbh_msc.o
 .text.USBH_MSC_RdWrProcess
                0x0800bc0a      0x1a0 ./Middlewares/ST/STM32_USB_Host_Library/Class/MSC/Src/usbh_msc.o
 .text.USBH_MSC_UnitIsReady
                0x0800bdaa       0x56 ./Middlewares/ST/STM32_USB_Host_Library/Class/MSC/Src/usbh_msc.o
                0x0800bdaa                USBH_MSC_UnitIsReady
 .text.USBH_MSC_GetLUNInfo
                0x0800be00       0x52 ./Middlewares/ST/STM32_USB_Host_Library/Class/MSC/Src/usbh_msc.o
                0x0800be00                USBH_MSC_GetLUNInfo
 .text.USBH_MSC_Read
                0x0800be52       0xc0 ./Middlewares/ST/STM32_USB_Host_Library/Class/MSC/Src/usbh_msc.o
                0x0800be52                USBH_MSC_Read
 .text.USBH_MSC_Write
                0x0800bf12       0xc0 ./Middlewares/ST/STM32_USB_Host_Library/Class/MSC/Src/usbh_msc.o
                0x0800bf12                USBH_MSC_Write
 .text.USBH_MSC_BOT_REQ_Reset
                0x0800bfd2       0x3a ./Middlewares/ST/STM32_USB_Host_Library/Class/MSC/Src/usbh_msc_bot.o
                0x0800bfd2                USBH_MSC_BOT_REQ_Reset
 .text.USBH_MSC_BOT_REQ_GetMaxLUN
                0x0800c00c       0x3c ./Middlewares/ST/STM32_USB_Host_Library/Class/MSC/Src/usbh_msc_bot.o
                0x0800c00c                USBH_MSC_BOT_REQ_GetMaxLUN
 .text.USBH_MSC_BOT_Init
                0x0800c048       0x44 ./Middlewares/ST/STM32_USB_Host_Library/Class/MSC/Src/usbh_msc_bot.o
                0x0800c048                USBH_MSC_BOT_Init
 .text.USBH_MSC_BOT_Process
                0x0800c08c      0x39c ./Middlewares/ST/STM32_USB_Host_Library/Class/MSC/Src/usbh_msc_bot.o
                0x0800c08c                USBH_MSC_BOT_Process
 .text.USBH_MSC_BOT_Abort
                0x0800c428       0x58 ./Middlewares/ST/STM32_USB_Host_Library/Class/MSC/Src/usbh_msc_bot.o
 .text.USBH_MSC_DecodeCSW
                0x0800c480       0x88 ./Middlewares/ST/STM32_USB_Host_Library/Class/MSC/Src/usbh_msc_bot.o
 .text.USBH_MSC_SCSI_TestUnitReady
                0x0800c508       0x86 ./Middlewares/ST/STM32_USB_Host_Library/Class/MSC/Src/usbh_msc_scsi.o
                0x0800c508                USBH_MSC_SCSI_TestUnitReady
 .text.USBH_MSC_SCSI_ReadCapacity
                0x0800c58e       0xf4 ./Middlewares/ST/STM32_USB_Host_Library/Class/MSC/Src/usbh_msc_scsi.o
                0x0800c58e                USBH_MSC_SCSI_ReadCapacity
 .text.USBH_MSC_SCSI_Inquiry
                0x0800c682      0x14a ./Middlewares/ST/STM32_USB_Host_Library/Class/MSC/Src/usbh_msc_scsi.o
                0x0800c682                USBH_MSC_SCSI_Inquiry
 .text.USBH_MSC_SCSI_RequestSense
                0x0800c7cc       0xfe ./Middlewares/ST/STM32_USB_Host_Library/Class/MSC/Src/usbh_msc_scsi.o
                0x0800c7cc                USBH_MSC_SCSI_RequestSense
 .text.USBH_MSC_SCSI_Write
                0x0800c8ca       0xe0 ./Middlewares/ST/STM32_USB_Host_Library/Class/MSC/Src/usbh_msc_scsi.o
                0x0800c8ca                USBH_MSC_SCSI_Write
 .text.USBH_MSC_SCSI_Read
                0x0800c9aa       0xe0 ./Middlewares/ST/STM32_USB_Host_Library/Class/MSC/Src/usbh_msc_scsi.o
                0x0800c9aa                USBH_MSC_SCSI_Read
 .text.USBH_Init
                0x0800ca8a       0x74 ./Middlewares/ST/STM32_USB_Host_Library/Core/Src/usbh_core.o
                0x0800ca8a                USBH_Init
 .text.DeInitStateMachine
                0x0800cafe       0xe6 ./Middlewares/ST/STM32_USB_Host_Library/Core/Src/usbh_core.o
 .text.USBH_RegisterClass
                0x0800cbe4       0x54 ./Middlewares/ST/STM32_USB_Host_Library/Core/Src/usbh_core.o
                0x0800cbe4                USBH_RegisterClass
 .text.USBH_SelectInterface
                0x0800cc38       0x38 ./Middlewares/ST/STM32_USB_Host_Library/Core/Src/usbh_core.o
                0x0800cc38                USBH_SelectInterface
 .text.USBH_FindInterface
                0x0800cc70       0x8c ./Middlewares/ST/STM32_USB_Host_Library/Core/Src/usbh_core.o
                0x0800cc70                USBH_FindInterface
 .text.USBH_Start
                0x0800ccfc       0x20 ./Middlewares/ST/STM32_USB_Host_Library/Core/Src/usbh_core.o
                0x0800ccfc                USBH_Start
 .text.USBH_Process
                0x0800cd1c      0x3d0 ./Middlewares/ST/STM32_USB_Host_Library/Core/Src/usbh_core.o
                0x0800cd1c                USBH_Process
 .text.USBH_HandleEnum
                0x0800d0ec      0x3c0 ./Middlewares/ST/STM32_USB_Host_Library/Core/Src/usbh_core.o
 .text.USBH_LL_SetTimer
                0x0800d4ac       0x1e ./Middlewares/ST/STM32_USB_Host_Library/Core/Src/usbh_core.o
                0x0800d4ac                USBH_LL_SetTimer
 .text.USBH_LL_IncTimer
                0x0800d4ca       0x24 ./Middlewares/ST/STM32_USB_Host_Library/Core/Src/usbh_core.o
                0x0800d4ca                USBH_LL_IncTimer
 .text.USBH_HandleSof
                0x0800d4ee       0x30 ./Middlewares/ST/STM32_USB_Host_Library/Core/Src/usbh_core.o
 .text.USBH_LL_PortEnabled
                0x0800d51e       0x1c ./Middlewares/ST/STM32_USB_Host_Library/Core/Src/usbh_core.o
                0x0800d51e                USBH_LL_PortEnabled
 .text.USBH_LL_PortDisabled
                0x0800d53a       0x1c ./Middlewares/ST/STM32_USB_Host_Library/Core/Src/usbh_core.o
                0x0800d53a                USBH_LL_PortDisabled
 .text.USBH_LL_Connect
                0x0800d556       0x2e ./Middlewares/ST/STM32_USB_Host_Library/Core/Src/usbh_core.o
                0x0800d556                USBH_LL_Connect
 .text.USBH_LL_Disconnect
                0x0800d584       0x48 ./Middlewares/ST/STM32_USB_Host_Library/Core/Src/usbh_core.o
                0x0800d584                USBH_LL_Disconnect
 .text.USBH_Get_DevDesc
                0x0800d5cc       0x58 ./Middlewares/ST/STM32_USB_Host_Library/Core/Src/usbh_ctlreq.o
                0x0800d5cc                USBH_Get_DevDesc
 .text.USBH_Get_CfgDesc
                0x0800d624       0x54 ./Middlewares/ST/STM32_USB_Host_Library/Core/Src/usbh_ctlreq.o
                0x0800d624                USBH_Get_CfgDesc
 .text.USBH_Get_StringDesc
                0x0800d678       0x68 ./Middlewares/ST/STM32_USB_Host_Library/Core/Src/usbh_ctlreq.o
                0x0800d678                USBH_Get_StringDesc
 .text.USBH_GetDescriptor
                0x0800d6e0       0x6a ./Middlewares/ST/STM32_USB_Host_Library/Core/Src/usbh_ctlreq.o
                0x0800d6e0                USBH_GetDescriptor
 .text.USBH_SetAddress
                0x0800d74a       0x48 ./Middlewares/ST/STM32_USB_Host_Library/Core/Src/usbh_ctlreq.o
                0x0800d74a                USBH_SetAddress
 .text.USBH_SetCfg
                0x0800d792       0x46 ./Middlewares/ST/STM32_USB_Host_Library/Core/Src/usbh_ctlreq.o
                0x0800d792                USBH_SetCfg
 .text.USBH_SetFeature
                0x0800d7d8       0x48 ./Middlewares/ST/STM32_USB_Host_Library/Core/Src/usbh_ctlreq.o
                0x0800d7d8                USBH_SetFeature
 .text.USBH_ClrFeature
                0x0800d820       0x48 ./Middlewares/ST/STM32_USB_Host_Library/Core/Src/usbh_ctlreq.o
                0x0800d820                USBH_ClrFeature
 .text.USBH_ParseDevDesc
                0x0800d868      0x160 ./Middlewares/ST/STM32_USB_Host_Library/Core/Src/usbh_ctlreq.o
 .text.USBH_ParseCfgDesc
                0x0800d9c8      0x1f0 ./Middlewares/ST/STM32_USB_Host_Library/Core/Src/usbh_ctlreq.o
 .text.USBH_ParseInterfaceDesc
                0x0800dbb8       0x68 ./Middlewares/ST/STM32_USB_Host_Library/Core/Src/usbh_ctlreq.o
 .text.USBH_ParseEPDesc
                0x0800dc20      0x1d0 ./Middlewares/ST/STM32_USB_Host_Library/Core/Src/usbh_ctlreq.o
 .text.USBH_ParseStringDesc
                0x0800ddf0       0x66 ./Middlewares/ST/STM32_USB_Host_Library/Core/Src/usbh_ctlreq.o
 .text.USBH_GetNextDesc
                0x0800de56       0x34 ./Middlewares/ST/STM32_USB_Host_Library/Core/Src/usbh_ctlreq.o
                0x0800de56                USBH_GetNextDesc
 .text.USBH_CtlReq
                0x0800de8a       0x7a ./Middlewares/ST/STM32_USB_Host_Library/Core/Src/usbh_ctlreq.o
                0x0800de8a                USBH_CtlReq
 .text.USBH_HandleControl
                0x0800df04      0x2e8 ./Middlewares/ST/STM32_USB_Host_Library/Core/Src/usbh_ctlreq.o
 .text.USBH_CtlSendSetup
                0x0800e1ec       0x34 ./Middlewares/ST/STM32_USB_Host_Library/Core/Src/usbh_ioreq.o
                0x0800e1ec                USBH_CtlSendSetup
 .text.USBH_CtlSendData
                0x0800e220       0x4a ./Middlewares/ST/STM32_USB_Host_Library/Core/Src/usbh_ioreq.o
                0x0800e220                USBH_CtlSendData
 .text.USBH_CtlReceiveData
                0x0800e26a       0x3c ./Middlewares/ST/STM32_USB_Host_Library/Core/Src/usbh_ioreq.o
                0x0800e26a                USBH_CtlReceiveData
 .text.USBH_BulkSendData
                0x0800e2a6       0x4a ./Middlewares/ST/STM32_USB_Host_Library/Core/Src/usbh_ioreq.o
                0x0800e2a6                USBH_BulkSendData
 .text.USBH_BulkReceiveData
                0x0800e2f0       0x3c ./Middlewares/ST/STM32_USB_Host_Library/Core/Src/usbh_ioreq.o
                0x0800e2f0                USBH_BulkReceiveData
 .text.USBH_OpenPipe
                0x0800e32c       0x3e ./Middlewares/ST/STM32_USB_Host_Library/Core/Src/usbh_pipes.o
                0x0800e32c                USBH_OpenPipe
 .text.USBH_ClosePipe
                0x0800e36a       0x20 ./Middlewares/ST/STM32_USB_Host_Library/Core/Src/usbh_pipes.o
                0x0800e36a                USBH_ClosePipe
 .text.USBH_AllocPipe
                0x0800e38a       0x42 ./Middlewares/ST/STM32_USB_Host_Library/Core/Src/usbh_pipes.o
                0x0800e38a                USBH_AllocPipe
 .text.USBH_FreePipe
                0x0800e3cc       0x3c ./Middlewares/ST/STM32_USB_Host_Library/Core/Src/usbh_pipes.o
                0x0800e3cc                USBH_FreePipe
 .text.USBH_GetFreePipe
                0x0800e408       0x48 ./Middlewares/ST/STM32_USB_Host_Library/Core/Src/usbh_pipes.o
 .text.disk_status
                0x0800e450       0x34 ./Middlewares/Third_Party/FatFs/src/diskio.o
                0x0800e450                disk_status
 .text.disk_initialize
                0x0800e484       0x50 ./Middlewares/Third_Party/FatFs/src/diskio.o
                0x0800e484                disk_initialize
 .text.disk_read
                0x0800e4d4       0x40 ./Middlewares/Third_Party/FatFs/src/diskio.o
                0x0800e4d4                disk_read
 .text.disk_write
                0x0800e514       0x40 ./Middlewares/Third_Party/FatFs/src/diskio.o
                0x0800e514                disk_write
 .text.disk_ioctl
                0x0800e554       0x3c ./Middlewares/Third_Party/FatFs/src/diskio.o
                0x0800e554                disk_ioctl
 .text.ld_word  0x0800e590       0x30 ./Middlewares/Third_Party/FatFs/src/ff.o
 .text.ld_dword
                0x0800e5c0       0x46 ./Middlewares/Third_Party/FatFs/src/ff.o
 .text.st_word  0x0800e606       0x36 ./Middlewares/Third_Party/FatFs/src/ff.o
 .text.st_dword
                0x0800e63c       0x58 ./Middlewares/Third_Party/FatFs/src/ff.o
 .text.mem_cpy  0x0800e694       0x42 ./Middlewares/Third_Party/FatFs/src/ff.o
 .text.mem_set  0x0800e6d6       0x36 ./Middlewares/Third_Party/FatFs/src/ff.o
 .text.mem_cmp  0x0800e70c       0x4e ./Middlewares/Third_Party/FatFs/src/ff.o
 .text.chk_chr  0x0800e75a       0x36 ./Middlewares/Third_Party/FatFs/src/ff.o
 .text.chk_lock
                0x0800e790       0xb8 ./Middlewares/Third_Party/FatFs/src/ff.o
 .text.enq_lock
                0x0800e848       0x44 ./Middlewares/Third_Party/FatFs/src/ff.o
 .text.inc_lock
                0x0800e88c      0x11c ./Middlewares/Third_Party/FatFs/src/ff.o
 .text.dec_lock
                0x0800e9a8       0x78 ./Middlewares/Third_Party/FatFs/src/ff.o
 .text.clear_lock
                0x0800ea20       0x48 ./Middlewares/Third_Party/FatFs/src/ff.o
 .text.sync_window
                0x0800ea68       0x88 ./Middlewares/Third_Party/FatFs/src/ff.o
 .text.move_window
                0x0800eaf0       0x5a ./Middlewares/Third_Party/FatFs/src/ff.o
 *fill*         0x0800eb4a        0x2 
 .text.sync_fs  0x0800eb4c       0xdc ./Middlewares/Third_Party/FatFs/src/ff.o
 .text.clust2sect
                0x0800ec28       0x3e ./Middlewares/Third_Party/FatFs/src/ff.o
 .text.get_fat  0x0800ec66      0x14e ./Middlewares/Third_Party/FatFs/src/ff.o
 .text.put_fat  0x0800edb4      0x1d4 ./Middlewares/Third_Party/FatFs/src/ff.o
 .text.remove_chain
                0x0800ef88       0xca ./Middlewares/Third_Party/FatFs/src/ff.o
 .text.create_chain
                0x0800f052      0x130 ./Middlewares/Third_Party/FatFs/src/ff.o
 .text.clmt_clust
                0x0800f182       0x68 ./Middlewares/Third_Party/FatFs/src/ff.o
 .text.dir_sdi  0x0800f1ea       0xf6 ./Middlewares/Third_Party/FatFs/src/ff.o
 .text.dir_next
                0x0800f2e0      0x18a ./Middlewares/Third_Party/FatFs/src/ff.o
 .text.dir_alloc
                0x0800f46a       0x8e ./Middlewares/Third_Party/FatFs/src/ff.o
 .text.ld_clust
                0x0800f4f8       0x3e ./Middlewares/Third_Party/FatFs/src/ff.o
 .text.st_clust
                0x0800f536       0x40 ./Middlewares/Third_Party/FatFs/src/ff.o
 *fill*         0x0800f576        0x2 
 .text.cmp_lfn  0x0800f578       0xe0 ./Middlewares/Third_Party/FatFs/src/ff.o
 .text.pick_lfn
                0x0800f658       0xc8 ./Middlewares/Third_Party/FatFs/src/ff.o
 .text.put_lfn  0x0800f720       0xd0 ./Middlewares/Third_Party/FatFs/src/ff.o
 .text.gen_numname
                0x0800f7f0      0x11c ./Middlewares/Third_Party/FatFs/src/ff.o
 .text.sum_sfn  0x0800f90c       0x42 ./Middlewares/Third_Party/FatFs/src/ff.o
 .text.dir_read
                0x0800f94e      0x14e ./Middlewares/Third_Party/FatFs/src/ff.o
 .text.dir_find
                0x0800fa9c      0x180 ./Middlewares/Third_Party/FatFs/src/ff.o
 .text.dir_register
                0x0800fc1c      0x1f0 ./Middlewares/Third_Party/FatFs/src/ff.o
 .text.get_fileinfo
                0x0800fe0c      0x1bc ./Middlewares/Third_Party/FatFs/src/ff.o
 .text.create_name
                0x0800ffc8      0x370 ./Middlewares/Third_Party/FatFs/src/ff.o
 .text.follow_path
                0x08010338       0xe2 ./Middlewares/Third_Party/FatFs/src/ff.o
 .text.get_ldnumber
                0x0801041a       0x88 ./Middlewares/Third_Party/FatFs/src/ff.o
 *fill*         0x080104a2        0x2 
 .text.check_fs
                0x080104a4       0xac ./Middlewares/Third_Party/FatFs/src/ff.o
 .text.find_volume
                0x08010550      0x4a0 ./Middlewares/Third_Party/FatFs/src/ff.o
 .text.validate
                0x080109f0       0x6a ./Middlewares/Third_Party/FatFs/src/ff.o
 *fill*         0x08010a5a        0x2 
 .text.f_mount  0x08010a5c       0x8c ./Middlewares/Third_Party/FatFs/src/ff.o
                0x08010a5c                f_mount
 .text.f_open   0x08010ae8      0x374 ./Middlewares/Third_Party/FatFs/src/ff.o
                0x08010ae8                f_open
 .text.f_read   0x08010e5c      0x27e ./Middlewares/Third_Party/FatFs/src/ff.o
                0x08010e5c                f_read
 .text.f_sync   0x080110da       0xfc ./Middlewares/Third_Party/FatFs/src/ff.o
                0x080110da                f_sync
 .text.f_close  0x080111d6       0x54 ./Middlewares/Third_Party/FatFs/src/ff.o
                0x080111d6                f_close
 .text.f_lseek  0x0801122a      0x412 ./Middlewares/Third_Party/FatFs/src/ff.o
                0x0801122a                f_lseek
 .text.f_opendir
                0x0801163c       0xe6 ./Middlewares/Third_Party/FatFs/src/ff.o
                0x0801163c                f_opendir
 .text.f_closedir
                0x08011722       0x4c ./Middlewares/Third_Party/FatFs/src/ff.o
                0x08011722                f_closedir
 .text.f_readdir
                0x0801176e       0x7a ./Middlewares/Third_Party/FatFs/src/ff.o
                0x0801176e                f_readdir
 .text.FATFS_LinkDriverEx
                0x080117e8       0x98 ./Middlewares/Third_Party/FatFs/src/ff_gen_drv.o
                0x080117e8                FATFS_LinkDriverEx
 .text.FATFS_LinkDriver
                0x08011880       0x1e ./Middlewares/Third_Party/FatFs/src/ff_gen_drv.o
                0x08011880                FATFS_LinkDriver
 *fill*         0x0801189e        0x2 
 .text.ff_convert
                0x080118a0       0x78 ./Middlewares/Third_Party/FatFs/src/option/ccsbcs.o
                0x080118a0                ff_convert
 .text.ff_wtoupper
                0x08011918      0x114 ./Middlewares/Third_Party/FatFs/src/option/ccsbcs.o
                0x08011918                ff_wtoupper
 .text.MX_USB_HOST_Init
                0x08011a2c       0x4c ./USB_HOST/App/usb_host.o
                0x08011a2c                MX_USB_HOST_Init
 .text.MX_USB_HOST_Process
                0x08011a78       0x14 ./USB_HOST/App/usb_host.o
                0x08011a78                MX_USB_HOST_Process
 .text.USBH_UserProcess
                0x08011a8c       0x5c ./USB_HOST/App/usb_host.o
 .text.HAL_HCD_MspInit
                0x08011ae8       0xc4 ./USB_HOST/Target/usbh_conf.o
                0x08011ae8                HAL_HCD_MspInit
 .text.HAL_HCD_SOF_Callback
                0x08011bac       0x1c ./USB_HOST/Target/usbh_conf.o
                0x08011bac                HAL_HCD_SOF_Callback
 .text.HAL_HCD_Connect_Callback
                0x08011bc8       0x1c ./USB_HOST/Target/usbh_conf.o
                0x08011bc8                HAL_HCD_Connect_Callback
 .text.HAL_HCD_Disconnect_Callback
                0x08011be4       0x1c ./USB_HOST/Target/usbh_conf.o
                0x08011be4                HAL_HCD_Disconnect_Callback
 .text.HAL_HCD_HC_NotifyURBChange_Callback
                0x08011c00       0x1c ./USB_HOST/Target/usbh_conf.o
                0x08011c00                HAL_HCD_HC_NotifyURBChange_Callback
 .text.HAL_HCD_PortEnabled_Callback
                0x08011c1c       0x1c ./USB_HOST/Target/usbh_conf.o
                0x08011c1c                HAL_HCD_PortEnabled_Callback
 .text.HAL_HCD_PortDisabled_Callback
                0x08011c38       0x1c ./USB_HOST/Target/usbh_conf.o
                0x08011c38                HAL_HCD_PortDisabled_Callback
 .text.USBH_LL_Init
                0x08011c54       0x78 ./USB_HOST/Target/usbh_conf.o
                0x08011c54                USBH_LL_Init
 .text.USBH_LL_Start
                0x08011ccc       0x36 ./USB_HOST/Target/usbh_conf.o
                0x08011ccc                USBH_LL_Start
 .text.USBH_LL_Stop
                0x08011d02       0x36 ./USB_HOST/Target/usbh_conf.o
                0x08011d02                USBH_LL_Stop
 .text.USBH_LL_GetSpeed
                0x08011d38       0x4e ./USB_HOST/Target/usbh_conf.o
                0x08011d38                USBH_LL_GetSpeed
 .text.USBH_LL_ResetPort
                0x08011d86       0x36 ./USB_HOST/Target/usbh_conf.o
                0x08011d86                USBH_LL_ResetPort
 .text.USBH_LL_GetLastXferSize
                0x08011dbc       0x26 ./USB_HOST/Target/usbh_conf.o
                0x08011dbc                USBH_LL_GetLastXferSize
 .text.USBH_LL_OpenPipe
                0x08011de2       0x5e ./USB_HOST/Target/usbh_conf.o
                0x08011de2                USBH_LL_OpenPipe
 .text.USBH_LL_ClosePipe
                0x08011e40       0x3e ./USB_HOST/Target/usbh_conf.o
                0x08011e40                USBH_LL_ClosePipe
 .text.USBH_LL_SubmitURB
                0x08011e7e       0x62 ./USB_HOST/Target/usbh_conf.o
                0x08011e7e                USBH_LL_SubmitURB
 .text.USBH_LL_GetURBState
                0x08011ee0       0x26 ./USB_HOST/Target/usbh_conf.o
                0x08011ee0                USBH_LL_GetURBState
 .text.USBH_LL_DriverVBUS
                0x08011f06       0x2e ./USB_HOST/Target/usbh_conf.o
                0x08011f06                USBH_LL_DriverVBUS
 .text.USBH_LL_SetToggle
                0x08011f34       0x66 ./USB_HOST/Target/usbh_conf.o
                0x08011f34                USBH_LL_SetToggle
 .text.USBH_LL_GetToggle
                0x08011f9a       0x66 ./USB_HOST/Target/usbh_conf.o
                0x08011f9a                USBH_LL_GetToggle
 .text.USBH_Delay
                0x08012000       0x16 ./USB_HOST/Target/usbh_conf.o
                0x08012000                USBH_Delay
 *fill*         0x08012016        0x2 
 .text.USBH_Get_USB_Status
                0x08012018       0x58 ./USB_HOST/Target/usbh_conf.o
                0x08012018                USBH_Get_USB_Status
 .text.MX_DriverVbusFS
                0x08012070       0x38 ./USB_HOST/Target/usbh_platform.o
                0x08012070                MX_DriverVbusFS
 .text.malloc   0x080120a8       0x10 C:/ST/STM32CubeIDE_1.16.1/STM32CubeIDE/plugins/com.st.stm32cube.ide.mcu.externaltools.gnu-tools-for-stm32.12.3.rel1.win32_1.0.200.202406191623/tools/bin/../lib/gcc/arm-none-eabi/12.3.1/../../../../arm-none-eabi/lib/thumb/v7e-m+fp/hard\libc_nano.a(libc_a-malloc.o)
                0x080120a8                malloc
 .text.free     0x080120b8       0x10 C:/ST/STM32CubeIDE_1.16.1/STM32CubeIDE/plugins/com.st.stm32cube.ide.mcu.externaltools.gnu-tools-for-stm32.12.3.rel1.win32_1.0.200.202406191623/tools/bin/../lib/gcc/arm-none-eabi/12.3.1/../../../../arm-none-eabi/lib/thumb/v7e-m+fp/hard\libc_nano.a(libc_a-malloc.o)
                0x080120b8                free
 .text.sbrk_aligned
                0x080120c8       0x44 C:/ST/STM32CubeIDE_1.16.1/STM32CubeIDE/plugins/com.st.stm32cube.ide.mcu.externaltools.gnu-tools-for-stm32.12.3.rel1.win32_1.0.200.202406191623/tools/bin/../lib/gcc/arm-none-eabi/12.3.1/../../../../arm-none-eabi/lib/thumb/v7e-m+fp/hard\libc_nano.a(libc_a-mallocr.o)
 .text._malloc_r
                0x0801210c      0x100 C:/ST/STM32CubeIDE_1.16.1/STM32CubeIDE/plugins/com.st.stm32cube.ide.mcu.externaltools.gnu-tools-for-stm32.12.3.rel1.win32_1.0.200.202406191623/tools/bin/../lib/gcc/arm-none-eabi/12.3.1/../../../../arm-none-eabi/lib/thumb/v7e-m+fp/hard\libc_nano.a(libc_a-mallocr.o)
                0x0801210c                _malloc_r
 .text.__malloc_lock
                0x0801220c        0xc C:/ST/STM32CubeIDE_1.16.1/STM32CubeIDE/plugins/com.st.stm32cube.ide.mcu.externaltools.gnu-tools-for-stm32.12.3.rel1.win32_1.0.200.202406191623/tools/bin/../lib/gcc/arm-none-eabi/12.3.1/../../../../arm-none-eabi/lib/thumb/v7e-m+fp/hard\libc_nano.a(libc_a-mlock.o)
                0x0801220c                __malloc_lock
 .text.__malloc_unlock
                0x08012218        0xc C:/ST/STM32CubeIDE_1.16.1/STM32CubeIDE/plugins/com.st.stm32cube.ide.mcu.externaltools.gnu-tools-for-stm32.12.3.rel1.win32_1.0.200.202406191623/tools/bin/../lib/gcc/arm-none-eabi/12.3.1/../../../../arm-none-eabi/lib/thumb/v7e-m+fp/hard\libc_nano.a(libc_a-mlock.o)
                0x08012218                __malloc_unlock
 .text.memset   0x08012224       0x10 C:/ST/STM32CubeIDE_1.16.1/STM32CubeIDE/plugins/com.st.stm32cube.ide.mcu.externaltools.gnu-tools-for-stm32.12.3.rel1.win32_1.0.200.202406191623/tools/bin/../lib/gcc/arm-none-eabi/12.3.1/../../../../arm-none-eabi/lib/thumb/v7e-m+fp/hard\libc_nano.a(libc_a-memset.o)
                0x08012224                memset
 .text.strncpy  0x08012234       0x26 C:/ST/STM32CubeIDE_1.16.1/STM32CubeIDE/plugins/com.st.stm32cube.ide.mcu.externaltools.gnu-tools-for-stm32.12.3.rel1.win32_1.0.200.202406191623/tools/bin/../lib/gcc/arm-none-eabi/12.3.1/../../../../arm-none-eabi/lib/thumb/v7e-m+fp/hard\libc_nano.a(libc_a-strncpy.o)
                0x08012234                strncpy
 .text.strstr   0x0801225a       0x2c C:/ST/STM32CubeIDE_1.16.1/STM32CubeIDE/plugins/com.st.stm32cube.ide.mcu.externaltools.gnu-tools-for-stm32.12.3.rel1.win32_1.0.200.202406191623/tools/bin/../lib/gcc/arm-none-eabi/12.3.1/../../../../arm-none-eabi/lib/thumb/v7e-m+fp/hard\libc_nano.a(libc_a-strstr.o)
                0x0801225a                strstr
 *fill*         0x08012286        0x2 
 .text._sbrk_r  0x08012288       0x20 C:/ST/STM32CubeIDE_1.16.1/STM32CubeIDE/plugins/com.st.stm32cube.ide.mcu.externaltools.gnu-tools-for-stm32.12.3.rel1.win32_1.0.200.202406191623/tools/bin/../lib/gcc/arm-none-eabi/12.3.1/../../../../arm-none-eabi/lib/thumb/v7e-m+fp/hard\libc_nano.a(libc_a-sbrkr.o)
                0x08012288                _sbrk_r
 .text.__errno  0x080122a8        0xc C:/ST/STM32CubeIDE_1.16.1/STM32CubeIDE/plugins/com.st.stm32cube.ide.mcu.externaltools.gnu-tools-for-stm32.12.3.rel1.win32_1.0.200.202406191623/tools/bin/../lib/gcc/arm-none-eabi/12.3.1/../../../../arm-none-eabi/lib/thumb/v7e-m+fp/hard\libc_nano.a(libc_a-errno.o)
                0x080122a8                __errno
 .text.__libc_init_array
                0x080122b4       0x48 C:/ST/STM32CubeIDE_1.16.1/STM32CubeIDE/plugins/com.st.stm32cube.ide.mcu.externaltools.gnu-tools-for-stm32.12.3.rel1.win32_1.0.200.202406191623/tools/bin/../lib/gcc/arm-none-eabi/12.3.1/../../../../arm-none-eabi/lib/thumb/v7e-m+fp/hard\libc_nano.a(libc_a-init.o)
                0x080122b4                __libc_init_array
 .text.__retarget_lock_acquire_recursive
                0x080122fc        0x2 C:/ST/STM32CubeIDE_1.16.1/STM32CubeIDE/plugins/com.st.stm32cube.ide.mcu.externaltools.gnu-tools-for-stm32.12.3.rel1.win32_1.0.200.202406191623/tools/bin/../lib/gcc/arm-none-eabi/12.3.1/../../../../arm-none-eabi/lib/thumb/v7e-m+fp/hard\libc_nano.a(libc_a-lock.o)
                0x080122fc                __retarget_lock_acquire_recursive
 .text.__retarget_lock_release_recursive
                0x080122fe        0x2 C:/ST/STM32CubeIDE_1.16.1/STM32CubeIDE/plugins/com.st.stm32cube.ide.mcu.externaltools.gnu-tools-for-stm32.12.3.rel1.win32_1.0.200.202406191623/tools/bin/../lib/gcc/arm-none-eabi/12.3.1/../../../../arm-none-eabi/lib/thumb/v7e-m+fp/hard\libc_nano.a(libc_a-lock.o)
                0x080122fe                __retarget_lock_release_recursive
 .text.strcpy   0x08012300       0x10 C:/ST/STM32CubeIDE_1.16.1/STM32CubeIDE/plugins/com.st.stm32cube.ide.mcu.externaltools.gnu-tools-for-stm32.12.3.rel1.win32_1.0.200.202406191623/tools/bin/../lib/gcc/arm-none-eabi/12.3.1/../../../../arm-none-eabi/lib/thumb/v7e-m+fp/hard\libc_nano.a(libc_a-strcpy.o)
                0x08012300                strcpy
 .text.memcpy   0x08012310       0x1c C:/ST/STM32CubeIDE_1.16.1/STM32CubeIDE/plugins/com.st.stm32cube.ide.mcu.externaltools.gnu-tools-for-stm32.12.3.rel1.win32_1.0.200.202406191623/tools/bin/../lib/gcc/arm-none-eabi/12.3.1/../../../../arm-none-eabi/lib/thumb/v7e-m+fp/hard\libc_nano.a(libc_a-memcpy-stub.o)
                0x08012310                memcpy
 .text._free_r  0x0801232c       0x94 C:/ST/STM32CubeIDE_1.16.1/STM32CubeIDE/plugins/com.st.stm32cube.ide.mcu.externaltools.gnu-tools-for-stm32.12.3.rel1.win32_1.0.200.202406191623/tools/bin/../lib/gcc/arm-none-eabi/12.3.1/../../../../arm-none-eabi/lib/thumb/v7e-m+fp/hard\libc_nano.a(libc_a-freer.o)
                0x0801232c                _free_r
 *(.glue_7)
 .glue_7        0x080123c0        0x0 linker stubs
 *(.glue_7t)
 .glue_7t       0x080123c0        0x0 linker stubs
 *(.eh_frame)
 .eh_frame      0x080123c0        0x0 C:/ST/STM32CubeIDE_1.16.1/STM32CubeIDE/plugins/com.st.stm32cube.ide.mcu.externaltools.gnu-tools-for-stm32.12.3.rel1.win32_1.0.200.202406191623/tools/bin/../lib/gcc/arm-none-eabi/12.3.1/thumb/v7e-m+fp/hard/crtbegin.o
 *(.init)
 .init          0x080123c0        0x4 C:/ST/STM32CubeIDE_1.16.1/STM32CubeIDE/plugins/com.st.stm32cube.ide.mcu.externaltools.gnu-tools-for-stm32.12.3.rel1.win32_1.0.200.202406191623/tools/bin/../lib/gcc/arm-none-eabi/12.3.1/thumb/v7e-m+fp/hard/crti.o
                0x080123c0                _init
 .init          0x080123c4        0x8 C:/ST/STM32CubeIDE_1.16.1/STM32CubeIDE/plugins/com.st.stm32cube.ide.mcu.externaltools.gnu-tools-for-stm32.12.3.rel1.win32_1.0.200.202406191623/tools/bin/../lib/gcc/arm-none-eabi/12.3.1/thumb/v7e-m+fp/hard/crtn.o
 *(.fini)
 .fini          0x080123cc        0x4 C:/ST/STM32CubeIDE_1.16.1/STM32CubeIDE/plugins/com.st.stm32cube.ide.mcu.externaltools.gnu-tools-for-stm32.12.3.rel1.win32_1.0.200.202406191623/tools/bin/../lib/gcc/arm-none-eabi/12.3.1/thumb/v7e-m+fp/hard/crti.o
                0x080123cc                _fini
 .fini          0x080123d0        0x8 C:/ST/STM32CubeIDE_1.16.1/STM32CubeIDE/plugins/com.st.stm32cube.ide.mcu.externaltools.gnu-tools-for-stm32.12.3.rel1.win32_1.0.200.202406191623/tools/bin/../lib/gcc/arm-none-eabi/12.3.1/thumb/v7e-m+fp/hard/crtn.o
                0x080123d8                        . = ALIGN (0x4)
                0x080123d8                        _etext = .

.vfp11_veneer   0x080123d8        0x0
 .vfp11_veneer  0x080123d8        0x0 linker stubs

.v4_bx          0x080123d8        0x0
 .v4_bx         0x080123d8        0x0 linker stubs

.iplt           0x080123d8        0x0
 .iplt          0x080123d8        0x0 C:/ST/STM32CubeIDE_1.16.1/STM32CubeIDE/plugins/com.st.stm32cube.ide.mcu.externaltools.gnu-tools-for-stm32.12.3.rel1.win32_1.0.200.202406191623/tools/bin/../lib/gcc/arm-none-eabi/12.3.1/thumb/v7e-m+fp/hard/crtbegin.o

.rodata         0x080123d8     0x56ac
                0x080123d8                        . = ALIGN (0x4)
 *(.rodata)
 .rodata        0x080123d8        0x8 ./Core/Src/File_Handling.o
 .rodata        0x080123e0       0x28 ./Core/Src/main.o
 .rodata        0x08012408        0x4 ./Middlewares/ST/STM32_USB_Host_Library/Class/MSC/Src/usbh_msc.o
 .rodata        0x0801240c       0x48 ./Middlewares/Third_Party/FatFs/src/ff.o
 *(.rodata*)
 .rodata.I2SFreq
                0x08012454       0x20 ./Core/Src/AUDIO.o
                0x08012454                I2SFreq
 .rodata.I2SPLLN
                0x08012474       0x20 ./Core/Src/AUDIO.o
                0x08012474                I2SPLLN
 .rodata.I2SPLLR
                0x08012494       0x20 ./Core/Src/AUDIO.o
                0x08012494                I2SPLLR
 .rodata.Font11x18
                0x080124b4      0xd5c ./Core/Src/fonts.o
                0x080124b4                Font11x18
 .rodata.skater1
                0x08013210      0x400 ./Core/Src/main.o
                0x08013210                skater1
 .rodata.skater2
                0x08013610      0x400 ./Core/Src/main.o
                0x08013610                skater2
 .rodata.skater3
                0x08013a10      0x400 ./Core/Src/main.o
                0x08013a10                skater3
 .rodata.skater4
                0x08013e10      0x400 ./Core/Src/main.o
                0x08013e10                skater4
 .rodata.skater5
                0x08014210      0x400 ./Core/Src/main.o
                0x08014210                skater5
 .rodata.skater6
                0x08014610      0x400 ./Core/Src/main.o
                0x08014610                skater6
 .rodata.fumador1
                0x08014a10      0x400 ./Core/Src/main.o
                0x08014a10                fumador1
 .rodata.fumador2
                0x08014e10      0x400 ./Core/Src/main.o
                0x08014e10                fumador2
 .rodata.fumador3
                0x08015210      0x400 ./Core/Src/main.o
                0x08015210                fumador3
 .rodata.fumador4
                0x08015610      0x400 ./Core/Src/main.o
                0x08015610                fumador4
 .rodata.bailadora1
                0x08015a10      0x400 ./Core/Src/main.o
                0x08015a10                bailadora1
 .rodata.bailadora2
                0x08015e10      0x400 ./Core/Src/main.o
                0x08015e10                bailadora2
 .rodata.bailadora3
                0x08016210      0x400 ./Core/Src/main.o
                0x08016210                bailadora3
 .rodata.bailadora4
                0x08016610      0x400 ./Core/Src/main.o
                0x08016610                bailadora4
 .rodata.PAUSA  0x08016a10      0x400 ./Core/Src/main.o
                0x08016a10                PAUSA
 .rodata.PORTADA1
                0x08016e10      0x400 ./Core/Src/main.o
                0x08016e10                PORTADA1
 .rodata.PORTADA2
                0x08017210      0x400 ./Core/Src/main.o
                0x08017210                PORTADA2
 .rodata.AHBPrescTable
                0x08017610       0x10 ./Core/Src/system_stm32f4xx.o
                0x08017610                AHBPrescTable
 .rodata.APBPrescTable
                0x08017620        0x8 ./Core/Src/system_stm32f4xx.o
                0x08017620                APBPrescTable
 .rodata.flagBitshiftOffset.0
                0x08017628        0x8 ./Drivers/STM32F4xx_HAL_Driver/Src/stm32f4xx_hal_dma.o
 .rodata.USBH_Driver
                0x08017630       0x14 ./FATFS/Target/usbh_diskio.o
                0x08017630                USBH_Driver
 .rodata.ExCvt  0x08017644       0x80 ./Middlewares/Third_Party/FatFs/src/ff.o
 .rodata.LfnOfs
                0x080176c4        0xd ./Middlewares/Third_Party/FatFs/src/ff.o
 *fill*         0x080176d1        0x3 
 .rodata.Tbl    0x080176d4      0x100 ./Middlewares/Third_Party/FatFs/src/option/ccsbcs.o
 .rodata.cvt1.1
                0x080177d4      0x1f2 ./Middlewares/Third_Party/FatFs/src/option/ccsbcs.o
 *fill*         0x080179c6        0x2 
 .rodata.cvt2.0
                0x080179c8       0xbc ./Middlewares/Third_Party/FatFs/src/option/ccsbcs.o
                0x08017a84                        . = ALIGN (0x4)

.ARM.extab      0x08017a84        0x0
                0x08017a84                        . = ALIGN (0x4)
 *(.ARM.extab* .gnu.linkonce.armextab.*)
                0x08017a84                        . = ALIGN (0x4)

.ARM            0x08017a84        0x8
                0x08017a84                        . = ALIGN (0x4)
                0x08017a84                        __exidx_start = .
 *(.ARM.exidx*)
 .ARM.exidx     0x08017a84        0x8 C:/ST/STM32CubeIDE_1.16.1/STM32CubeIDE/plugins/com.st.stm32cube.ide.mcu.externaltools.gnu-tools-for-stm32.12.3.rel1.win32_1.0.200.202406191623/tools/bin/../lib/gcc/arm-none-eabi/12.3.1/../../../../arm-none-eabi/lib/thumb/v7e-m+fp/hard\libc_nano.a(libc_a-strlen.o)
 .ARM.exidx     0x08017a8c        0x0 C:/ST/STM32CubeIDE_1.16.1/STM32CubeIDE/plugins/com.st.stm32cube.ide.mcu.externaltools.gnu-tools-for-stm32.12.3.rel1.win32_1.0.200.202406191623/tools/bin/../lib/gcc/arm-none-eabi/12.3.1/thumb/v7e-m+fp/hard\libgcc.a(_udivmoddi4.o)
                                  0x8 (size before relaxing)
                0x08017a8c                        __exidx_end = .
                0x08017a8c                        . = ALIGN (0x4)

.rel.dyn        0x08017a8c        0x0
 .rel.iplt      0x08017a8c        0x0 C:/ST/STM32CubeIDE_1.16.1/STM32CubeIDE/plugins/com.st.stm32cube.ide.mcu.externaltools.gnu-tools-for-stm32.12.3.rel1.win32_1.0.200.202406191623/tools/bin/../lib/gcc/arm-none-eabi/12.3.1/thumb/v7e-m+fp/hard/crtbegin.o

.preinit_array  0x08017a8c        0x0
                0x08017a8c                        . = ALIGN (0x4)
                0x08017a8c                        PROVIDE (__preinit_array_start = .)
 *(.preinit_array*)
                0x08017a8c                        PROVIDE (__preinit_array_end = .)
                0x08017a8c                        . = ALIGN (0x4)

.init_array     0x08017a8c        0x4
                0x08017a8c                        . = ALIGN (0x4)
                0x08017a8c                        PROVIDE (__init_array_start = .)
 *(SORT_BY_NAME(.init_array.*))
 *(.init_array*)
 .init_array    0x08017a8c        0x4 C:/ST/STM32CubeIDE_1.16.1/STM32CubeIDE/plugins/com.st.stm32cube.ide.mcu.externaltools.gnu-tools-for-stm32.12.3.rel1.win32_1.0.200.202406191623/tools/bin/../lib/gcc/arm-none-eabi/12.3.1/thumb/v7e-m+fp/hard/crtbegin.o
                0x08017a90                        PROVIDE (__init_array_end = .)
                0x08017a90                        . = ALIGN (0x4)

.fini_array     0x08017a90        0x4
                0x08017a90                        . = ALIGN (0x4)
                [!provide]                        PROVIDE (__fini_array_start = .)
 *(SORT_BY_NAME(.fini_array.*))
 *(.fini_array*)
 .fini_array    0x08017a90        0x4 C:/ST/STM32CubeIDE_1.16.1/STM32CubeIDE/plugins/com.st.stm32cube.ide.mcu.externaltools.gnu-tools-for-stm32.12.3.rel1.win32_1.0.200.202406191623/tools/bin/../lib/gcc/arm-none-eabi/12.3.1/thumb/v7e-m+fp/hard/crtbegin.o
                [!provide]                        PROVIDE (__fini_array_end = .)
                0x08017a94                        . = ALIGN (0x4)
                0x08017a94                        _sidata = LOADADDR (.data)

.data           0x20000000       0xc4 load address 0x08017a94
                0x20000000                        . = ALIGN (0x4)
                0x20000000                        _sdata = .
 *(.data)
 *(.data*)
 .data.I2cxTimeout
                0x20000000        0x4 ./Core/Src/AUDIO_LINK.o
                0x20000000                I2cxTimeout
 .data.cs43l22_drv
                0x20000004       0x30 ./Core/Src/cs43l22.o
                0x20000004                cs43l22_drv
 .data.Is_cs43l22_Stop
                0x20000034        0x1 ./Core/Src/cs43l22.o
 *fill*         0x20000035        0x3 
 .data.Font_11x18
                0x20000038        0x8 ./Core/Src/fonts.o
                0x20000038                Font_11x18
 .data.current_anim_state
                0x20000040        0x4 ./Core/Src/main.o
                0x20000040                current_anim_state
 .data.SystemCoreClock
                0x20000044        0x4 ./Core/Src/system_stm32f4xx.o
                0x20000044                SystemCoreClock
 .data.uwVolume
                0x20000048        0x4 ./Core/Src/waveplayer.o
 .data.uwTickPrio
                0x2000004c        0x4 ./Drivers/STM32F4xx_HAL_Driver/Src/stm32f4xx_hal.o
                0x2000004c                uwTickPrio
 .data.uwTickFreq
                0x20000050        0x1 ./Drivers/STM32F4xx_HAL_Driver/Src/stm32f4xx_hal.o
                0x20000050                uwTickFreq
 *fill*         0x20000051        0x3 
 .data.USBH_msc
                0x20000054       0x20 ./Middlewares/ST/STM32_USB_Host_Library/Class/MSC/Src/usbh_msc.o
                0x20000054                USBH_msc
 .data._impure_ptr
                0x20000074        0x4 C:/ST/STM32CubeIDE_1.16.1/STM32CubeIDE/plugins/com.st.stm32cube.ide.mcu.externaltools.gnu-tools-for-stm32.12.3.rel1.win32_1.0.200.202406191623/tools/bin/../lib/gcc/arm-none-eabi/12.3.1/../../../../arm-none-eabi/lib/thumb/v7e-m+fp/hard\libc_nano.a(libc_a-impure.o)
                0x20000074                _impure_ptr
 .data._impure_data
                0x20000078       0x4c C:/ST/STM32CubeIDE_1.16.1/STM32CubeIDE/plugins/com.st.stm32cube.ide.mcu.externaltools.gnu-tools-for-stm32.12.3.rel1.win32_1.0.200.202406191623/tools/bin/../lib/gcc/arm-none-eabi/12.3.1/../../../../arm-none-eabi/lib/thumb/v7e-m+fp/hard\libc_nano.a(libc_a-impure.o)
                0x20000078                _impure_data
 *(.RamFunc)
 *(.RamFunc*)
                0x200000c4                        . = ALIGN (0x4)
                0x200000c4                        _edata = .

.igot.plt       0x200000c4        0x0 load address 0x08017b58
 .igot.plt      0x200000c4        0x0 C:/ST/STM32CubeIDE_1.16.1/STM32CubeIDE/plugins/com.st.stm32cube.ide.mcu.externaltools.gnu-tools-for-stm32.12.3.rel1.win32_1.0.200.202406191623/tools/bin/../lib/gcc/arm-none-eabi/12.3.1/thumb/v7e-m+fp/hard/crtbegin.o
                0x200000c4                        . = ALIGN (0x4)

.bss            0x200000c4     0x2ab4 load address 0x08017b58
                0x200000c4                        _sbss = .
                0x200000c4                        __bss_start__ = _sbss
 *(.bss)
 .bss           0x200000c4       0x1c C:/ST/STM32CubeIDE_1.16.1/STM32CubeIDE/plugins/com.st.stm32cube.ide.mcu.externaltools.gnu-tools-for-stm32.12.3.rel1.win32_1.0.200.202406191623/tools/bin/../lib/gcc/arm-none-eabi/12.3.1/thumb/v7e-m+fp/hard/crtbegin.o
 *(.bss*)
 .bss.pAudioDrv
                0x200000e0        0x4 ./Core/Src/AUDIO.o
 .bss.hAudioOutI2s
                0x200000e4       0x48 ./Core/Src/AUDIO.o
                0x200000e4                hAudioOutI2s
 .bss.hdma_i2sTx.0
                0x2000012c       0x60 ./Core/Src/AUDIO.o
 .bss.I2cHandle
                0x2000018c       0x54 ./Core/Src/AUDIO_LINK.o
 .bss.fresult   0x200001e0        0x1 ./Core/Src/File_Handling.o
                0x200001e0                fresult
 *fill*         0x200001e1        0x1 
 .bss.NumObs    0x200001e2        0x2 ./Core/Src/File_Handling.o
                0x200001e2                NumObs
 .bss.OutputDev
                0x200001e4        0x1 ./Core/Src/cs43l22.o
                0x200001e4                OutputDev
 *fill*         0x200001e5        0x3 
 .bss.hi2c1     0x200001e8       0x54 ./Core/Src/main.o
                0x200001e8                hi2c1
 .bss.hi2c2     0x2000023c       0x54 ./Core/Src/main.o
                0x2000023c                hi2c2
 .bss.hi2s3     0x20000290       0x48 ./Core/Src/main.o
                0x20000290                hi2s3
 .bss.hdma_spi3_tx
                0x200002d8       0x60 ./Core/Src/main.o
                0x200002d8                hdma_spi3_tx
 .bss.htim10    0x20000338       0x48 ./Core/Src/main.o
                0x20000338                htim10
 .bss.IsFinished
                0x20000380        0x4 ./Core/Src/main.o
                0x20000380                IsFinished
 .bss.frame_anim
                0x20000384        0x1 ./Core/Src/main.o
                0x20000384                frame_anim
 *fill*         0x20000385        0x3 
 .bss.SSD1306_Buffer
                0x20000388      0x400 ./Core/Src/ssd1306.o
 .bss.SSD1306   0x20000788        0x6 ./Core/Src/ssd1306.o
 *fill*         0x2000078e        0x2 
 .bss.__sbrk_heap_end
                0x20000790        0x4 ./Core/Src/sysmem.o
 .bss.BufferCtl
                0x20000794     0x1008 ./Core/Src/waveplayer.o
 .bss.AudioState
                0x2000179c        0x1 ./Core/Src/waveplayer.o
                0x2000179c                AudioState
 *fill*         0x2000179d        0x1 
 .bss.FilePos   0x2000179e        0x2 ./Core/Src/waveplayer.o
 .bss.current_song
                0x200017a0       0x28 ./Core/Src/waveplayer.o
                0x200017a0                current_song
 .bss.FileList  0x200017c8      0x3da ./Core/Src/waveplayer.o
                0x200017c8                FileList
 *fill*         0x20001ba2        0x2 
 .bss.WaveFormat
                0x20001ba4       0x2c ./Core/Src/waveplayer.o
                0x20001ba4                WaveFormat
 .bss.WavFile   0x20001bd0      0x230 ./Core/Src/waveplayer.o
                0x20001bd0                WavFile
 .bss.uwTick    0x20001e00        0x4 ./Drivers/STM32F4xx_HAL_Driver/Src/stm32f4xx_hal.o
                0x20001e00                uwTick
 .bss.retUSBH   0x20001e04        0x1 ./FATFS/App/fatfs.o
                0x20001e04                retUSBH
 *fill*         0x20001e05        0x3 
 .bss.USBHPath  0x20001e08        0x4 ./FATFS/App/fatfs.o
                0x20001e08                USBHPath
 .bss.USBHFatFS
                0x20001e0c      0x234 ./FATFS/App/fatfs.o
                0x20001e0c                USBHFatFS
 .bss.FatFs     0x20002040        0x4 ./Middlewares/Third_Party/FatFs/src/ff.o
 .bss.Fsid      0x20002044        0x2 ./Middlewares/Third_Party/FatFs/src/ff.o
 *fill*         0x20002046        0x2 
 .bss.Files     0x20002048       0x20 ./Middlewares/Third_Party/FatFs/src/ff.o
 .bss.LfnBuf    0x20002068      0x200 ./Middlewares/Third_Party/FatFs/src/ff.o
 .bss.disk      0x20002268        0xc ./Middlewares/Third_Party/FatFs/src/ff_gen_drv.o
                0x20002268                disk
 .bss.hUsbHostFS
                0x20002274      0x3d8 ./USB_HOST/App/usb_host.o
                0x20002274                hUsbHostFS
 .bss.Appli_state
                0x2000264c        0x1 ./USB_HOST/App/usb_host.o
                0x2000264c                Appli_state
 *fill*         0x2000264d        0x3 
 .bss.hhcd_USB_OTG_FS
                0x20002650      0x3e0 ./USB_HOST/Target/usbh_conf.o
                0x20002650                hhcd_USB_OTG_FS
 .bss.__malloc_sbrk_start
                0x20002a30        0x4 C:/ST/STM32CubeIDE_1.16.1/STM32CubeIDE/plugins/com.st.stm32cube.ide.mcu.externaltools.gnu-tools-for-stm32.12.3.rel1.win32_1.0.200.202406191623/tools/bin/../lib/gcc/arm-none-eabi/12.3.1/../../../../arm-none-eabi/lib/thumb/v7e-m+fp/hard\libc_nano.a(libc_a-mallocr.o)
                0x20002a30                __malloc_sbrk_start
 .bss.__malloc_free_list
                0x20002a34        0x4 C:/ST/STM32CubeIDE_1.16.1/STM32CubeIDE/plugins/com.st.stm32cube.ide.mcu.externaltools.gnu-tools-for-stm32.12.3.rel1.win32_1.0.200.202406191623/tools/bin/../lib/gcc/arm-none-eabi/12.3.1/../../../../arm-none-eabi/lib/thumb/v7e-m+fp/hard\libc_nano.a(libc_a-mallocr.o)
                0x20002a34                __malloc_free_list
 .bss.__sf      0x20002a38      0x138 C:/ST/STM32CubeIDE_1.16.1/STM32CubeIDE/plugins/com.st.stm32cube.ide.mcu.externaltools.gnu-tools-for-stm32.12.3.rel1.win32_1.0.200.202406191623/tools/bin/../lib/gcc/arm-none-eabi/12.3.1/../../../../arm-none-eabi/lib/thumb/v7e-m+fp/hard\libc_nano.a(libc_a-findfp.o)
                0x20002a38                __sf
 .bss.errno     0x20002b70        0x4 C:/ST/STM32CubeIDE_1.16.1/STM32CubeIDE/plugins/com.st.stm32cube.ide.mcu.externaltools.gnu-tools-for-stm32.12.3.rel1.win32_1.0.200.202406191623/tools/bin/../lib/gcc/arm-none-eabi/12.3.1/../../../../arm-none-eabi/lib/thumb/v7e-m+fp/hard\libc_nano.a(libc_a-reent.o)
                0x20002b70                errno
 .bss.__lock___malloc_recursive_mutex
                0x20002b74        0x1 C:/ST/STM32CubeIDE_1.16.1/STM32CubeIDE/plugins/com.st.stm32cube.ide.mcu.externaltools.gnu-tools-for-stm32.12.3.rel1.win32_1.0.200.202406191623/tools/bin/../lib/gcc/arm-none-eabi/12.3.1/../../../../arm-none-eabi/lib/thumb/v7e-m+fp/hard\libc_nano.a(libc_a-lock.o)
                0x20002b74                __lock___malloc_recursive_mutex
 *(COMMON)
                0x20002b78                        . = ALIGN (0x4)
 *fill*         0x20002b75        0x3 
                0x20002b78                        _ebss = .
                0x20002b78                        __bss_end__ = _ebss
