Archive member included to satisfy reference by file (symbol)

C:/ST/STM32CubeIDE_1.16.1/STM32CubeIDE/plugins/com.st.stm32cube.ide.mcu.externaltools.gnu-tools-for-stm32.12.3.rel1.win32_1.0.200.202406191623/tools/bin/../lib/gcc/arm-none-eabi/12.3.1/../../../../arm-none-eabi/lib/thumb/v7e-m+fp/hard\libc_nano.a(libc_a-exit.o)
                              C:/ST/STM32CubeIDE_1.16.1/STM32CubeIDE/plugins/com.st.stm32cube.ide.mcu.externaltools.gnu-tools-for-stm32.12.3.rel1.win32_1.0.200.202406191623/tools/bin/../lib/gcc/arm-none-eabi/12.3.1/../../../../arm-none-eabi/lib/thumb/v7e-m+fp/hard/crt0.o (exit)
C:/ST/STM32CubeIDE_1.16.1/STM32CubeIDE/plugins/com.st.stm32cube.ide.mcu.externaltools.gnu-tools-for-stm32.12.3.rel1.win32_1.0.200.202406191623/tools/bin/../lib/gcc/arm-none-eabi/12.3.1/../../../../arm-none-eabi/lib/thumb/v7e-m+fp/hard\libc_nano.a(libc_a-malloc.o)
                              ./Core/Src/waveplayer.o (malloc)
C:/ST/STM32CubeIDE_1.16.1/STM32CubeIDE/plugins/com.st.stm32cube.ide.mcu.externaltools.gnu-tools-for-stm32.12.3.rel1.win32_1.0.200.202406191623/tools/bin/../lib/gcc/arm-none-eabi/12.3.1/../../../../arm-none-eabi/lib/thumb/v7e-m+fp/hard\libc_nano.a(libc_a-mallocr.o)
                              C:/ST/STM32CubeIDE_1.16.1/STM32CubeIDE/plugins/com.st.stm32cube.ide.mcu.externaltools.gnu-tools-for-stm32.12.3.rel1.win32_1.0.200.202406191623/tools/bin/../lib/gcc/arm-none-eabi/12.3.1/../../../../arm-none-eabi/lib/thumb/v7e-m+fp/hard\libc_nano.a(libc_a-malloc.o) (_malloc_r)
C:/ST/STM32CubeIDE_1.16.1/STM32CubeIDE/plugins/com.st.stm32cube.ide.mcu.externaltools.gnu-tools-for-stm32.12.3.rel1.win32_1.0.200.202406191623/tools/bin/../lib/gcc/arm-none-eabi/12.3.1/../../../../arm-none-eabi/lib/thumb/v7e-m+fp/hard\libc_nano.a(libc_a-mlock.o)
                              C:/ST/STM32CubeIDE_1.16.1/STM32CubeIDE/plugins/com.st.stm32cube.ide.mcu.externaltools.gnu-tools-for-stm32.12.3.rel1.win32_1.0.200.202406191623/tools/bin/../lib/gcc/arm-none-eabi/12.3.1/../../../../arm-none-eabi/lib/thumb/v7e-m+fp/hard\libc_nano.a(libc_a-mallocr.o) (__malloc_lock)
C:/ST/STM32CubeIDE_1.16.1/STM32CubeIDE/plugins/com.st.stm32cube.ide.mcu.externaltools.gnu-tools-for-stm32.12.3.rel1.win32_1.0.200.202406191623/tools/bin/../lib/gcc/arm-none-eabi/12.3.1/../../../../arm-none-eabi/lib/thumb/v7e-m+fp/hard\libc_nano.a(libc_a-findfp.o)
                              C:/ST/STM32CubeIDE_1.16.1/STM32CubeIDE/plugins/com.st.stm32cube.ide.mcu.externaltools.gnu-tools-for-stm32.12.3.rel1.win32_1.0.200.202406191623/tools/bin/../lib/gcc/arm-none-eabi/12.3.1/../../../../arm-none-eabi/lib/thumb/v7e-m+fp/hard\libc_nano.a(libc_a-exit.o) (__stdio_exit_handler)
C:/ST/STM32CubeIDE_1.16.1/STM32CubeIDE/plugins/com.st.stm32cube.ide.mcu.externaltools.gnu-tools-for-stm32.12.3.rel1.win32_1.0.200.202406191623/tools/bin/../lib/gcc/arm-none-eabi/12.3.1/../../../../arm-none-eabi/lib/thumb/v7e-m+fp/hard\libc_nano.a(libc_a-fwalk.o)
                              C:/ST/STM32CubeIDE_1.16.1/STM32CubeIDE/plugins/com.st.stm32cube.ide.mcu.externaltools.gnu-tools-for-stm32.12.3.rel1.win32_1.0.200.202406191623/tools/bin/../lib/gcc/arm-none-eabi/12.3.1/../../../../arm-none-eabi/lib/thumb/v7e-m+fp/hard\libc_nano.a(libc_a-findfp.o) (_fwalk_sglue)
C:/ST/STM32CubeIDE_1.16.1/STM32CubeIDE/plugins/com.st.stm32cube.ide.mcu.externaltools.gnu-tools-for-stm32.12.3.rel1.win32_1.0.200.202406191623/tools/bin/../lib/gcc/arm-none-eabi/12.3.1/../../../../arm-none-eabi/lib/thumb/v7e-m+fp/hard\libc_nano.a(libc_a-sprintf.o)
                              ./Core/Src/main.o (sprintf)
C:/ST/STM32CubeIDE_1.16.1/STM32CubeIDE/plugins/com.st.stm32cube.ide.mcu.externaltools.gnu-tools-for-stm32.12.3.rel1.win32_1.0.200.202406191623/tools/bin/../lib/gcc/arm-none-eabi/12.3.1/../../../../arm-none-eabi/lib/thumb/v7e-m+fp/hard\libc_nano.a(libc_a-stdio.o)
                              C:/ST/STM32CubeIDE_1.16.1/STM32CubeIDE/plugins/com.st.stm32cube.ide.mcu.externaltools.gnu-tools-for-stm32.12.3.rel1.win32_1.0.200.202406191623/tools/bin/../lib/gcc/arm-none-eabi/12.3.1/../../../../arm-none-eabi/lib/thumb/v7e-m+fp/hard\libc_nano.a(libc_a-findfp.o) (__sread)
C:/ST/STM32CubeIDE_1.16.1/STM32CubeIDE/plugins/com.st.stm32cube.ide.mcu.externaltools.gnu-tools-for-stm32.12.3.rel1.win32_1.0.200.202406191623/tools/bin/../lib/gcc/arm-none-eabi/12.3.1/../../../../arm-none-eabi/lib/thumb/v7e-m+fp/hard\libc_nano.a(libc_a-memset.o)
                              C:/ST/STM32CubeIDE_1.16.1/STM32CubeIDE/plugins/com.st.stm32cube.ide.mcu.externaltools.gnu-tools-for-stm32.12.3.rel1.win32_1.0.200.202406191623/tools/bin/../lib/gcc/arm-none-eabi/12.3.1/../../../../arm-none-eabi/lib/thumb/v7e-m+fp/hard/crt0.o (memset)
C:/ST/STM32CubeIDE_1.16.1/STM32CubeIDE/plugins/com.st.stm32cube.ide.mcu.externaltools.gnu-tools-for-stm32.12.3.rel1.win32_1.0.200.202406191623/tools/bin/../lib/gcc/arm-none-eabi/12.3.1/../../../../arm-none-eabi/lib/thumb/v7e-m+fp/hard\libc_nano.a(libc_a-strncpy.o)
[...]
Memory Configuration

Name             Origin             Length             Attributes
RAM              0x20000000         0x00020000         xrw
FLASH            0x08000000         0x00080000         xr
*default*        0x00000000         0xffffffff

Linker script and memory map

LOAD C:/ST/STM32CubeIDE_1.16.1/STM32CubeIDE/plugins/com.st.stm32cube.ide.mcu.externaltools.gnu-tools-for-stm32.12.3.rel1.win32_1.0.200.202406191623/tools/bin/../lib/gcc/arm-none-eabi/12.3.1/thumb/v7e-m+fp/hard/crti.o
LOAD C:/ST/STM32CubeIDE_1.16.1/STM32CubeIDE/plugins/com.st.stm32cube.ide.mcu.externaltools.gnu-tools-for-stm32.12.3.rel1.win32_1.0.200.202406191623/tools/bin/../lib/gcc/arm-none-eabi/12.3.1/thumb/v7e-m+fp/hard/crtbegin.o
LOAD C:/ST/STM32CubeIDE_1.16.1/STM32CubeIDE/plugins/com.st.stm32cube.ide.mcu.externaltools.gnu-tools-for-stm32.12.3.rel1.win32_1.0.200.202406191623/tools/bin/../lib/gcc/arm-none-eabi/12.3.1/../../../../arm-none-eabi/lib/thumb/v7e-m+fp/hard/crt0.o
LOAD ./Core/Src/AUDIO.o
LOAD ./Core/Src/AUDIO_LINK.o
LOAD ./Core/Src/File_Handling.o
LOAD ./Core/Src/cs43l22.o
LOAD ./Core/Src/fonts.o
LOAD ./Core/Src/main.o
LOAD ./Core/Src/ssd1306.o
LOAD ./Core/Src/stm32f4xx_hal_msp.o
LOAD ./Core/Src/stm32f4xx_it.o
LOAD ./Core/Src/syscalls.o
LOAD ./Core/Src/sysmem.o
LOAD ./Core/Src/system_stm32f4xx.o
LOAD ./Core/Src/waveplayer.o
LOAD ./Core/Startup/startup_stm32f411vetx.o
LOAD ./Drivers/STM32F4xx_HAL_Driver/Src/stm32f4xx_hal.o
LOAD ./Drivers/STM32F4xx_HAL_Driver/Src/stm32f4xx_hal_adc.o
LOAD ./Drivers/STM32F4xx_HAL_Driver/Src/stm32f4xx_hal_adc_ex.o
LOAD ./Drivers/STM32F4xx_HAL_Driver/Src/stm32f4xx_hal_cortex.o
LOAD ./Drivers/STM32F4xx_HAL_Driver/Src/stm32f4xx_hal_dma.o
LOAD ./Drivers/STM32F4xx_HAL_Driver/Src/stm32f4xx_hal_dma_ex.o
LOAD ./Drivers/STM32F4xx_HAL_Driver/Src/stm32f4xx_hal_exti.o
LOAD ./Drivers/STM32F4xx_HAL_Driver/Src/stm32f4xx_hal_flash.o
LOAD ./Drivers/STM32F4xx_HAL_Driver/Src/stm32f4xx_hal_flash_ex.o
LOAD ./Drivers/STM32F4xx_HAL_Driver/Src/stm32f4xx_hal_flash_ramfunc.o
LOAD ./Drivers/STM32F4xx_HAL_Driver/Src/stm32f4xx_hal_gpio.o
LOAD ./Drivers/STM32F4xx_HAL_Driver/Src/stm32f4xx_hal_hcd.o
LOAD ./Drivers/STM32F4xx_HAL_Driver/Src/stm32f4xx_hal_i2c.o
LOAD ./Drivers/STM32F4xx_HAL_Driver/Src/stm32f4xx_hal_i2c_ex.o
LOAD ./Drivers/STM32F4xx_HAL_Driver/Src/stm32f4xx_hal_i2s.o
LOAD ./Drivers/STM32F4xx_HAL_Driver/Src/stm32f4xx_hal_i2s_ex.o
LOAD ./Drivers/STM32F4xx_HAL_Driver/Src/stm32f4xx_hal_pwr.o
LOAD ./Drivers/STM32F4xx_HAL_Driver/Src/stm32f4xx_hal_pwr_ex.o
LOAD ./Drivers/STM32F4xx_HAL_Driver/Src/stm32f4xx_hal_rcc.o
LOAD ./Drivers/STM32F4xx_HAL_Driver/Src/stm32f4xx_hal_rcc_ex.o
LOAD ./Drivers/STM32F4xx_HAL_Driver/Src/stm32f4xx_hal_tim.o
LOAD ./Drivers/STM32F4xx_HAL_Driver/Src/stm32f4xx_hal_tim_ex.o
LOAD ./Drivers/STM32F4xx_HAL_Driver/Src/stm32f4xx_ll_adc.o
LOAD ./Drivers/STM32F4xx_HAL_Driver/Src/stm32f4xx_ll_usb.o
LOAD ./FATFS/App/fatfs.o
LOAD ./FATFS/Target/usbh_diskio.o
LOAD ./Middlewares/ST/STM32_USB_Host_Library/Class/MSC/Src/usbh_msc.o
LOAD ./Middlewares/ST/STM32_USB_Host_Library/Class/MSC/Src/usbh_msc_bot.o
LOAD ./Middlewares/ST/STM32_USB_Host_Library/Class/MSC/Src/usbh_msc_scsi.o
LOAD ./Middlewares/ST/STM32_USB_Host_Library/Core/Src/usbh_core.o
LOAD ./Middlewares/ST/STM32_USB_Host_Library/Core/Src/usbh_ctlreq.o
LOAD ./Middlewares/ST/STM32_USB_Host_Library/Core/Src/usbh_ioreq.o
LOAD ./Middlewares/ST/STM32_USB_Host_Library/Core/Src/usbh_pipes.o
LOAD ./Middlewares/Third_Party/FatFs/src/diskio.o
LOAD ./Middlewares/Third_Party/FatFs/src/ff.o
LOAD ./Middlewares/Third_Party/FatFs/src/ff_gen_drv.o
LOAD ./Middlewares/Third_Party/FatFs/src/option/ccsbcs.o
LOAD ./Middlewares/Third_Party/FatFs/src/option/syscall.o
LOAD ./USB_HOST/App/usb_host.o
LOAD ./USB_HOST/Target/usbh_conf.o
LOAD ./USB_HOST/Target/usbh_platform.o
START GROUP
LOAD C:/ST/STM32CubeIDE_1.16.1/STM32CubeIDE/plugins/com.st.stm32cube.ide.mcu.externaltools.gnu-tools-for-stm32.12.3.rel1.win32_1.0.200.202406191623/tools/bin/../lib/gcc/arm-none-eabi/12.3.1/../../../../arm-none-eabi/lib/thumb/v7e-m+fp/hard\libc_nano.a
LOAD C:/ST/STM32CubeIDE_1.16.1/STM32CubeIDE/plugins/com.st.stm32cube.ide.mcu.externaltools.gnu-tools-for-stm32.12.3.rel1.win32_1.0.200.202406191623/tools/bin/../lib/gcc/arm-none-eabi/12.3.1/../../../../arm-none-eabi/lib/thumb/v7e-m+fp/hard\libm.a
END GROUP
START GROUP
LOAD C:/ST/STM32CubeIDE_1.16.1/STM32CubeIDE/plugins/com.st.stm32cube.ide.mcu.externaltools.gnu-tools-for-stm32.12.3.rel1.win32_1.0.200.202406191623/tools/bin/../lib/gcc/arm-none-eabi/12.3.1/thumb/v7e-m+fp/hard\libgcc.a
LOAD C:/ST/STM32CubeIDE_1.16.1/STM32CubeIDE/plugins/com.st.stm32cube.ide.mcu.externaltools.gnu-tools-for-stm32.12.3.rel1.win32_1.0.200.202406191623/tools/bin/../lib/gcc/arm-none-eabi/12.3.1/../../../../arm-none-eabi/lib/thumb/v7e-m+fp/hard\libc_nano.a
END GROUP
START GROUP
LOAD C:/ST/STM32CubeIDE_1.16.1/STM32CubeIDE/plugins/com.st.stm32cube.ide.mcu.externaltools.gnu-tools-for-stm32.12.3.rel1.win32_1.0.200.202406191623/tools/bin/../lib/gcc/arm-none-eabi/12.3.1/thumb/v7e-m+fp/hard\libgcc.a
LOAD C:/ST/STM32CubeIDE_1.16.1/STM32CubeIDE/plugins/com.st.stm32cube.ide.mcu.externaltools.gnu-tools-for-stm32.12.3.rel1.win32_1.0.200.202406191623/tools/bin/../lib/gcc/arm-none-eabi/12.3.1/../../../../arm-none-eabi/lib/thumb/v7e-m+fp/hard\libc_nano.a
LOAD C:/ST/STM32CubeIDE_1.16.1/STM32CubeIDE/plugins/com.st.stm32cube.ide.mcu.externaltools.gnu-tools-for-stm32.12.3.rel1.win32_1.0.200.202406191623/tools/bin/../lib/gcc/arm-none-eabi/12.3.1/../../../../arm-none-eabi/lib/thumb/v7e-m+fp/hard\libnosys.a
END GROUP
START GROUP
LOAD C:/ST/STM32CubeIDE_1.16.1/STM32CubeIDE/plugins/com.st.stm32cube.ide.mcu.externaltools.gnu-tools-for-stm32.12.3.rel1.win32_1.0.200.202406191623/tools/bin/../lib/gcc/arm-none-eabi/12.3.1/thumb/v7e-m+fp/hard\libgcc.a
LOAD C:/ST/STM32CubeIDE_1.16.1/STM32CubeIDE/plugins/com.st.stm32cube.ide.mcu.externaltools.gnu-tools-for-stm32.12.3.rel1.win32_1.0.200.202406191623/tools/bin/../lib/gcc/arm-none-eabi/12.3.1/../../../../arm-none-eabi/lib/thumb/v7e-m+fp/hard\libc_nano.a
LOAD C:/ST/STM32CubeIDE_1.16.1/STM32CubeIDE/plugins/com.st.stm32cube.ide.mcu.externaltools.gnu-tools-for-stm32.12.3.rel1.win32_1.0.200.202406191623/tools/bin/../lib/gcc/arm-none-eabi/12.3.1/../../../../arm-none-eabi/lib/thumb/v7e-m+fp/hard\libnosys.a
END GROUP
LOAD C:/ST/STM32CubeIDE_1.16.1/STM32CubeIDE/plugins/com.st.stm32cube.ide.mcu.externaltools.gnu-tools-for-stm32.12.3.rel1.win32_1.0.200.202406191623/tools/bin/../lib/gcc/arm-none-eabi/12.3.1/thumb/v7e-m+fp/hard/crtend.o
LOAD C:/ST/STM32CubeIDE_1.16.1/STM32CubeIDE/plugins/com.st.stm32cube.ide.mcu.externaltools.gnu-tools-for-stm32.12.3.rel1.win32_1.0.200.202406191623/tools/bin/../lib/gcc/arm-none-eabi/12.3.1/thumb/v7e-m+fp/hard/crtn.o
                0x20020000                        _estack = (ORIGIN (RAM) + LENGTH (RAM))
                0x00000200                        _Min_Heap_Size = 0x200
                0x00000400                        _Min_Stack_Size = 0x400

.isr_vector     0x08000000      0x198
                0x08000000                        . = ALIGN (0x4)
 *(.isr_vector)
 .isr_vector    0x08000000      0x198 ./Core/Startup/startup_stm32f411vetx.o
                0x08000000                g_pfnVectors
                0x08000198                        . = ALIGN (0x4)

.text           0x080001a0    0x136a8
                0x080001a0                        . = ALIGN (0x4)
 *(.text)
 .text          0x080001a0       0x40 C:/ST/STM32CubeIDE_1.16.1/STM32CubeIDE/plugins/com.st.stm32cube.ide.mcu.externaltools.gnu-tools-for-stm32.12.3.rel1.win32_1.0.200.202406191623/tools/bin/../lib/gcc/arm-none-eabi/12.3.1/thumb/v7e-m+fp/hard/crtbegin.o
 .text          0x080001e0       0x10 C:/ST/STM32CubeIDE_1.16.1/STM32CubeIDE/plugins/com.st.stm32cube.ide.mcu.externaltools.gnu-tools-for-stm32.12.3.rel1.win32_1.0.200.202406191623/tools/bin/../lib/gcc/arm-none-eabi/12.3.1/../../../../arm-none-eabi/lib/thumb/v7e-m+fp/hard\libc_nano.a(libc_a-strlen.o)
                0x080001e0                strlen
 .text          0x080001f0       0xa0 C:/ST/STM32CubeIDE_1.16.1/STM32CubeIDE/plugins/com.st.stm32cube.ide.mcu.externaltools.gnu-tools-for-stm32.12.3.rel1.win32_1.0.200.202406191623/tools/bin/../lib/gcc/arm-none-eabi/12.3.1/../../../../arm-none-eabi/lib/thumb/v7e-m+fp/hard\libc_nano.a(libc_a-memchr.o)
                0x080001f0                memchr
 .text          0x08000290       0x30 C:/ST/STM32CubeIDE_1.16.1/STM32CubeIDE/plugins/com.st.stm32cube.ide.mcu.externaltools.gnu-tools-for-stm32.12.3.rel1.win32_1.0.200.202406191623/tools/bin/../lib/gcc/arm-none-eabi/12.3.1/thumb/v7e-m+fp/hard\libgcc.a(_aeabi_uldivmod.o)
                0x08000290                __aeabi_uldivmod
 .text          0x080002c0      0x2bc C:/ST/STM32CubeIDE_1.16.1/STM32CubeIDE/plugins/com.st.stm32cube.ide.mcu.externaltools.gnu-tools-for-stm32.12.3.rel1.win32_1.0.200.202406191623/tools/bin/../lib/gcc/arm-none-eabi/12.3.1/thumb/v7e-m+fp/hard\libgcc.a(_udivmoddi4.o)
                0x080002c0                __udivmoddi4
 .text          0x0800057c        0x4 C:/ST/STM32CubeIDE_1.16.1/STM32CubeIDE/plugins/com.st.stm32cube.ide.mcu.externaltools.gnu-tools-for-stm32.12.3.rel1.win32_1.0.200.202406191623/tools/bin/../lib/gcc/arm-none-eabi/12.3.1/thumb/v7e-m+fp/hard\libgcc.a(_dvmd_tls.o)
                0x0800057c                __aeabi_idiv0
                0x0800057c                __aeabi_ldiv0
 *(.text*)
 .text.AUDIO_OUT_Init
                0x08000580       0x9c ./Core/Src/AUDIO.o
                0x08000580                AUDIO_OUT_Init
 .text.AUDIO_OUT_Play
                0x0800061c       0x54 ./Core/Src/AUDIO.o
                0x0800061c                AUDIO_OUT_Play
 .text.AUDIO_OUT_Pause
                0x08000670       0x2c ./Core/Src/AUDIO.o
                0x08000670                AUDIO_OUT_Pause
 .text.AUDIO_OUT_Resume
                0x0800069c       0x2c ./Core/Src/AUDIO.o
                0x0800069c                AUDIO_OUT_Resume
 .text.AUDIO_OUT_Stop
                0x080006c8       0x50 ./Core/Src/AUDIO.o
                0x080006c8                AUDIO_OUT_Stop
 .text.AUDIO_OUT_SetVolume
                0x08000718       0x30 ./Core/Src/AUDIO.o
                0x08000718                AUDIO_OUT_SetVolume
 .text.HAL_I2S_TxCpltCallback
                0x08000748       0x24 ./Core/Src/AUDIO.o
                0x08000748                HAL_I2S_TxCpltCallback
 .text.HAL_I2S_TxHalfCpltCallback
                0x0800076c       0x24 ./Core/Src/AUDIO.o
                0x0800076c                HAL_I2S_TxHalfCpltCallback
 .text.AUDIO_OUT_ClockConfig
                0x08000790       0xbc ./Core/Src/AUDIO.o
                0x08000790                AUDIO_OUT_ClockConfig
 .text.AUDIO_OUT_MspInit
                0x0800084c      0x180 ./Core/Src/AUDIO.o
                0x0800084c                AUDIO_OUT_MspInit
 .text.AUDIO_OUT_Error_CallBack
                0x080009cc        0xe ./Core/Src/AUDIO.o
                0x080009cc                AUDIO_OUT_Error_CallBack
 *fill*         0x080009da        0x2 
 .text.I2S3_Init
                0x080009dc       0x70 ./Core/Src/AUDIO.o
 .text.HAL_I2S_ErrorCallback
                0x08000a4c       0x24 ./Core/Src/AUDIO.o
                0x08000a4c                HAL_I2S_ErrorCallback
 .text.I2Cx_Init
                0x08000a70       0x64 ./Core/Src/AUDIO_LINK.o
 .text.I2Cx_WriteData
                0x08000ad4       0x50 ./Core/Src/AUDIO_LINK.o
 .text.I2Cx_ReadData
                0x08000b24       0x58 ./Core/Src/AUDIO_LINK.o
 .text.I2Cx_Error
                0x08000b7c       0x18 ./Core/Src/AUDIO_LINK.o
 .text.I2Cx_MspInit
                0x08000b94       0xac ./Core/Src/AUDIO_LINK.o
 .text.AUDIO_IO_Init
                0x08000c40       0x70 ./Core/Src/AUDIO_LINK.o
                0x08000c40                AUDIO_IO_Init
 .text.AUDIO_IO_DeInit
                0x08000cb0        0xe ./Core/Src/AUDIO_LINK.o
                0x08000cb0                AUDIO_IO_DeInit
 .text.AUDIO_IO_Write
                0x08000cbe       0x28 ./Core/Src/AUDIO_LINK.o
                0x08000cbe                AUDIO_IO_Write
 .text.AUDIO_IO_Read
                0x08000ce6       0x28 ./Core/Src/AUDIO_LINK.o
                0x08000ce6                AUDIO_IO_Read
 *fill*         0x08000d0e        0x2 
 .text.AUDIO_StorageParse
                0x08000d10      0x140 ./Core/Src/File_Handling.o
                0x08000d10                AUDIO_StorageParse
 .text.AUDIO_GetWavObjectNumber
                0x08000e50       0x1c ./Core/Src/File_Handling.o
                0x08000e50                AUDIO_GetWavObjectNumber
 .text.Mount_USB
                0x08000e6c       0x28 ./Core/Src/File_Handling.o
                0x08000e6c                Mount_USB
 .text.cs43l22_Init
                0x08000e94      0x1c8 ./Core/Src/cs43l22.o
                0x08000e94                cs43l22_Init
 .text.cs43l22_DeInit
                0x0800105c        0xc ./Core/Src/cs43l22.o
                0x0800105c                cs43l22_DeInit
 .text.cs43l22_ReadID
                0x08001068       0x30 ./Core/Src/cs43l22.o
                0x08001068                cs43l22_ReadID
 .text.cs43l22_Play
                0x08001098       0x74 ./Core/Src/cs43l22.o
                0x08001098                cs43l22_Play
 .text.cs43l22_Pause
                0x0800110c       0x42 ./Core/Src/cs43l22.o
                0x0800110c                cs43l22_Pause
 *fill*         0x0800114e        0x2 
 .text.cs43l22_Resume
                0x08001150       0x78 ./Core/Src/cs43l22.o
                0x08001150                cs43l22_Resume
 .text.cs43l22_Stop
                0x080011c8       0x68 ./Core/Src/cs43l22.o
                0x080011c8                cs43l22_Stop
 .text.cs43l22_SetVolume
                0x08001230       0xbc ./Core/Src/cs43l22.o
                0x08001230                cs43l22_SetVolume
 .text.cs43l22_SetFrequency
                0x080012ec       0x1a ./Core/Src/cs43l22.o
                0x080012ec                cs43l22_SetFrequency
 *fill*         0x08001306        0x2 
 .text.cs43l22_SetMute
                0x08001308       0xbc ./Core/Src/cs43l22.o
                0x08001308                cs43l22_SetMute
 .text.cs43l22_SetOutputMode
                0x080013c4       0xe4 ./Core/Src/cs43l22.o
                0x080013c4                cs43l22_SetOutputMode
 .text.cs43l22_Reset
                0x080014a8       0x18 ./Core/Src/cs43l22.o
                0x080014a8                cs43l22_Reset
 .text.CODEC_IO_Write
                0x080014c0       0x2e ./Core/Src/cs43l22.o
 *fill*         0x080014ee        0x2 
 .text.map_to_scale
                0x080014f0       0x30 ./Core/Src/main.o
                0x080014f0                map_to_scale
 .text.HAL_ADC_ConvCpltCallback
                0x08001520       0x58 ./Core/Src/main.o
                0x08001520                HAL_ADC_ConvCpltCallback
 .text.change_animation
                0x08001578       0x50 ./Core/Src/main.o
                0x08001578                change_animation
 .text.HAL_GPIO_EXTI_Callback
                0x080015c8       0x88 ./Core/Src/main.o
                0x080015c8                HAL_GPIO_EXTI_Callback
 .text.HAL_TIM_PeriodElapsedCallback
                0x08001650      0x10c ./Core/Src/main.o
                0x08001650                HAL_TIM_PeriodElapsedCallback
 .text.animacion1
                0x0800175c      0x4b8 ./Core/Src/main.o
                0x0800175c                animacion1
 .text.animacion2
                0x08001c14      0x1f0 ./Core/Src/main.o
                0x08001c14                animacion2
 .text.animacion3
                0x08001e04      0x278 ./Core/Src/main.o
                0x08001e04                animacion3
 .text.animacion4
                0x0800207c      0x1e8 ./Core/Src/main.o
                0x0800207c                animacion4
 .text.main     0x08002264       0xe4 ./Core/Src/main.o
                0x08002264                main
 .text.SystemClock_Config
                0x08002348       0xd0 ./Core/Src/main.o
                0x08002348                SystemClock_Config
 .text.MX_ADC1_Init
                0x08002418       0xa8 ./Core/Src/main.o
 .text.MX_I2C1_Init
                0x080024c0       0x5c ./Core/Src/main.o
 .text.MX_I2C2_Init
                0x0800251c       0x5c ./Core/Src/main.o
 .text.MX_I2S3_Init
                0x08002578       0x5c ./Core/Src/main.o
 .text.MX_TIM10_Init
                0x080025d4       0x48 ./Core/Src/main.o
 .text.MX_DMA_Init
                0x0800261c       0x40 ./Core/Src/main.o
 .text.MX_GPIO_Init
                0x0800265c      0x10c ./Core/Src/main.o
 .text.Error_Handler
                0x08002768        0xc ./Core/Src/main.o
                0x08002768                Error_Handler
 .text.SSD1306_Init
                0x08002774      0x188 ./Core/Src/ssd1306.o
                0x08002774                SSD1306_Init
 .text.SSD1306_UpdateScreen
                0x080028fc       0x5c ./Core/Src/ssd1306.o
                0x080028fc                SSD1306_UpdateScreen
 .text.SSD1306_Fill
                0x08002958       0x30 ./Core/Src/ssd1306.o
                0x08002958                SSD1306_Fill
 .text.SSD1306_DrawPixel
                0x08002988       0xc0 ./Core/Src/ssd1306.o
                0x08002988                SSD1306_DrawPixel
 .text.SSD1306_GotoXY
                0x08002a48       0x2c ./Core/Src/ssd1306.o
                0x08002a48                SSD1306_GotoXY
 .text.SSD1306_Putc
                0x08002a74       0xfc ./Core/Src/ssd1306.o
                0x08002a74                SSD1306_Putc
 .text.SSD1306_Puts
                0x08002b70       0x4a ./Core/Src/ssd1306.o
                0x08002b70                SSD1306_Puts
 .text.SSD1306_DrawBitmap
                0x08002bba       0xd0 ./Core/Src/ssd1306.o
                0x08002bba                SSD1306_DrawBitmap
 .text.SSD1306_Clear
                0x08002c8a       0x12 ./Core/Src/ssd1306.o
                0x08002c8a                SSD1306_Clear
 .text.ssd1306_I2C_Init
                0x08002c9c       0x2c ./Core/Src/ssd1306.o
                0x08002c9c                ssd1306_I2C_Init
 .text.ssd1306_I2C_WriteMulti
                0x08002cc8       0xcc ./Core/Src/ssd1306.o
                0x08002cc8                ssd1306_I2C_WriteMulti
 .text.ssd1306_I2C_Write
                0x08002d94       0x3c ./Core/Src/ssd1306.o
                0x08002d94                ssd1306_I2C_Write
 .text.HAL_MspInit
                0x08002dd0       0x50 ./Core/Src/stm32f4xx_hal_msp.o
                0x08002dd0                HAL_MspInit
 .text.HAL_ADC_MspInit
                0x08002e20       0x98 ./Core/Src/stm32f4xx_hal_msp.o
                0x08002e20                HAL_ADC_MspInit
 .text.HAL_I2C_MspInit
                0x08002eb8      0x11c ./Core/Src/stm32f4xx_hal_msp.o
                0x08002eb8                HAL_I2C_MspInit
 .text.HAL_I2C_MspDeInit
                0x08002fd4       0x74 ./Core/Src/stm32f4xx_hal_msp.o
                0x08002fd4                HAL_I2C_MspDeInit
 .text.HAL_I2S_MspInit
                0x08003048      0x184 ./Core/Src/stm32f4xx_hal_msp.o
                0x08003048                HAL_I2S_MspInit
 .text.HAL_TIM_Base_MspInit
                0x080031cc       0x50 ./Core/Src/stm32f4xx_hal_msp.o
                0x080031cc                HAL_TIM_Base_MspInit
 .text.NMI_Handler
                0x0800321c        0x8 ./Core/Src/stm32f4xx_it.o
                0x0800321c                NMI_Handler
 .text.HardFault_Handler
                0x08003224        0x8 ./Core/Src/stm32f4xx_it.o
                0x08003224                HardFault_Handler
 .text.MemManage_Handler
                0x0800322c        0x8 ./Core/Src/stm32f4xx_it.o
                0x0800322c                MemManage_Handler
 .text.BusFault_Handler
                0x08003234        0x8 ./Core/Src/stm32f4xx_it.o
                0x08003234                BusFault_Handler
 .text.UsageFault_Handler
                0x0800323c        0x8 ./Core/Src/stm32f4xx_it.o
                0x0800323c                UsageFault_Handler
 .text.SVC_Handler
                0x08003244        0xe ./Core/Src/stm32f4xx_it.o
                0x08003244                SVC_Handler
 .text.DebugMon_Handler
                0x08003252        0xe ./Core/Src/stm32f4xx_it.o
                0x08003252                DebugMon_Handler
 .text.PendSV_Handler
                0x08003260        0xe ./Core/Src/stm32f4xx_it.o
                0x08003260                PendSV_Handler
 .text.SysTick_Handler
                0x0800326e        0xc ./Core/Src/stm32f4xx_it.o
                0x0800326e                SysTick_Handler
 .text.EXTI0_IRQHandler
                0x0800327a        0xe ./Core/Src/stm32f4xx_it.o
                0x0800327a                EXTI0_IRQHandler
 .text.EXTI1_IRQHandler
                0x08003288        0xe ./Core/Src/stm32f4xx_it.o
                0x08003288                EXTI1_IRQHandler
 .text.EXTI2_IRQHandler
                0x08003296        0xe ./Core/Src/stm32f4xx_it.o
                0x08003296                EXTI2_IRQHandler
 .text.DMA1_Stream5_IRQHandler
                0x080032a4       0x14 ./Core/Src/stm32f4xx_it.o
                0x080032a4                DMA1_Stream5_IRQHandler
 .text.ADC_IRQHandler
                0x080032b8       0x14 ./Core/Src/stm32f4xx_it.o
                0x080032b8                ADC_IRQHandler
 .text.TIM1_UP_TIM10_IRQHandler
                0x080032cc       0x14 ./Core/Src/stm32f4xx_it.o
                0x080032cc                TIM1_UP_TIM10_IRQHandler
 .text.OTG_FS_IRQHandler
                0x080032e0       0x14 ./Core/Src/stm32f4xx_it.o
                0x080032e0                OTG_FS_IRQHandler
 .text._sbrk    0x080032f4       0x6c ./Core/Src/sysmem.o
                0x080032f4                _sbrk
 .text.SystemInit
                0x08003360       0x2c ./Core/Src/system_stm32f4xx.o
                0x08003360                SystemInit
 .text.PlayerInit
                0x0800338c       0x30 ./Core/Src/waveplayer.o
                0x0800338c                PlayerInit
 .text.AUDIO_PLAYER_Start
                0x080033bc       0xe0 ./Core/Src/waveplayer.o
                0x080033bc                AUDIO_PLAYER_Start
 .text.get_name
                0x0800349c       0x14 ./Core/Src/waveplayer.o
                0x0800349c                get_name
 .text.quitar_extension
                0x080034b0       0x3e ./Core/Src/waveplayer.o
                0x080034b0                quitar_extension
 *fill*         0x080034ee        0x2 
 .text.AUDIO_PLAYER_Process
                0x080034f0      0x248 ./Core/Src/waveplayer.o
                0x080034f0                AUDIO_PLAYER_Process
 .text.AUDIO_OUT_TransferComplete_CallBack
                0x08003738       0x28 ./Core/Src/waveplayer.o
                0x08003738                AUDIO_OUT_TransferComplete_CallBack
 .text.AUDIO_OUT_HalfTransfer_CallBack
                0x08003760       0x28 ./Core/Src/waveplayer.o
                0x08003760                AUDIO_OUT_HalfTransfer_CallBack
 .text.Reset_Handler
                0x08003788       0x50 ./Core/Startup/startup_stm32f411vetx.o
                0x08003788                Reset_Handler
 .text.Default_Handler
                0x080037d8        0x2 ./Core/Startup/startup_stm32f411vetx.o
                0x080037d8                RTC_Alarm_IRQHandler
                0x080037d8                SPI4_IRQHandler
                0x080037d8                TIM1_CC_IRQHandler
                0x080037d8                DMA2_Stream5_IRQHandler
                0x080037d8                PVD_IRQHandler
                0x080037d8                SDIO_IRQHandler
                0x080037d8                TAMP_STAMP_IRQHandler
                0x080037d8                EXTI3_IRQHandler
                0x080037d8                I2C3_ER_IRQHandler
                0x080037d8                I2C2_EV_IRQHandler
                0x080037d8                DMA1_Stream2_IRQHandler
                0x080037d8                FPU_IRQHandler
                0x080037d8                DMA2_Stream2_IRQHandler
                0x080037d8                SPI1_IRQHandler
                0x080037d8                TIM1_BRK_TIM9_IRQHandler
                0x080037d8                DMA2_Stream3_IRQHandler
                0x080037d8                USART6_IRQHandler
                0x080037d8                DMA2_Stream0_IRQHandler
                0x080037d8                TIM4_IRQHandler
                0x080037d8                I2C1_EV_IRQHandler
                0x080037d8                DMA1_Stream6_IRQHandler
                0x080037d8                DMA1_Stream1_IRQHandler
                0x080037d8                TIM3_IRQHandler
                0x080037d8                RCC_IRQHandler
                0x080037d8                Default_Handler
                0x080037d8                EXTI15_10_IRQHandler
                0x080037d8                DMA1_Stream7_IRQHandler
                0x080037d8                SPI5_IRQHandler
                0x080037d8                TIM5_IRQHandler
                0x080037d8                DMA2_Stream7_IRQHandler
                0x080037d8                I2C3_EV_IRQHandler
                0x080037d8                EXTI9_5_IRQHandler
                0x080037d8                RTC_WKUP_IRQHandler
                0x080037d8                SPI2_IRQHandler
                0x080037d8                DMA1_Stream0_IRQHandler
                0x080037d8                EXTI4_IRQHandler
                0x080037d8                WWDG_IRQHandler
                0x080037d8                TIM2_IRQHandler
                0x080037d8                OTG_FS_WKUP_IRQHandler
                0x080037d8                TIM1_TRG_COM_TIM11_IRQHandler
                0x080037d8                USART2_IRQHandler
                0x080037d8                I2C2_ER_IRQHandler
                0x080037d8                DMA2_Stream1_IRQHandler
                0x080037d8                FLASH_IRQHandler
                0x080037d8                DMA2_Stream4_IRQHandler
                0x080037d8                USART1_IRQHandler
                0x080037d8                SPI3_IRQHandler
                0x080037d8                DMA1_Stream4_IRQHandler
                0x080037d8                I2C1_ER_IRQHandler
                0x080037d8                DMA2_Stream6_IRQHandler
                0x080037d8                DMA1_Stream3_IRQHandler
 *fill*         0x080037da        0x2 
 .text.HAL_Init
                0x080037dc       0x44 ./Drivers/STM32F4xx_HAL_Driver/Src/stm32f4xx_hal.o
                0x080037dc                HAL_Init
 .text.HAL_InitTick
                0x08003820       0x60 ./Drivers/STM32F4xx_HAL_Driver/Src/stm32f4xx_hal.o
                0x08003820                HAL_InitTick
 .text.HAL_IncTick
                0x08003880       0x28 ./Drivers/STM32F4xx_HAL_Driver/Src/stm32f4xx_hal.o
                0x08003880                HAL_IncTick
 .text.HAL_GetTick
                0x080038a8       0x18 ./Drivers/STM32F4xx_HAL_Driver/Src/stm32f4xx_hal.o
                0x080038a8                HAL_GetTick
 .text.HAL_Delay
                0x080038c0       0x48 ./Drivers/STM32F4xx_HAL_Driver/Src/stm32f4xx_hal.o
                0x080038c0                HAL_Delay
 .text.HAL_ADC_Init
                0x08003908       0x86 ./Drivers/STM32F4xx_HAL_Driver/Src/stm32f4xx_hal_adc.o
                0x08003908                HAL_ADC_Init
 *fill*         0x0800398e        0x2 
 .text.HAL_ADC_Start_IT
                0x08003990      0x17c ./Drivers/STM32F4xx_HAL_Driver/Src/stm32f4xx_hal_adc.o
                0x08003990                HAL_ADC_Start_IT
 .text.HAL_ADC_IRQHandler
                0x08003b0c      0x220 ./Drivers/STM32F4xx_HAL_Driver/Src/stm32f4xx_hal_adc.o
                0x08003b0c                HAL_ADC_IRQHandler
 .text.HAL_ADC_GetValue
                0x08003d2c       0x1a ./Drivers/STM32F4xx_HAL_Driver/Src/stm32f4xx_hal_adc.o
                0x08003d2c                HAL_ADC_GetValue
 .text.HAL_ADC_LevelOutOfWindowCallback
                0x08003d46       0x14 ./Drivers/STM32F4xx_HAL_Driver/Src/stm32f4xx_hal_adc.o
                0x08003d46                HAL_ADC_LevelOutOfWindowCallback
 .text.HAL_ADC_ErrorCallback
                0x08003d5a       0x14 ./Drivers/STM32F4xx_HAL_Driver/Src/stm32f4xx_hal_adc.o
                0x08003d5a                HAL_ADC_ErrorCallback
 *fill*         0x08003d6e        0x2 
 .text.HAL_ADC_ConfigChannel
                0x08003d70      0x264 ./Drivers/STM32F4xx_HAL_Driver/Src/stm32f4xx_hal_adc.o
                0x08003d70                HAL_ADC_ConfigChannel
 .text.ADC_Init
                0x08003fd4      0x1f8 ./Drivers/STM32F4xx_HAL_Driver/Src/stm32f4xx_hal_adc.o
 .text.HAL_ADCEx_InjectedConvCpltCallback
                0x080041cc       0x14 ./Drivers/STM32F4xx_HAL_Driver/Src/stm32f4xx_hal_adc_ex.o
                0x080041cc                HAL_ADCEx_InjectedConvCpltCallback
 .text.__NVIC_SetPriorityGrouping
                0x080041e0       0x48 ./Drivers/STM32F4xx_HAL_Driver/Src/stm32f4xx_hal_cortex.o
 .text.__NVIC_GetPriorityGrouping
                0x08004228       0x1c ./Drivers/STM32F4xx_HAL_Driver/Src/stm32f4xx_hal_cortex.o
 .text.__NVIC_EnableIRQ
                0x08004244       0x3c ./Drivers/STM32F4xx_HAL_Driver/Src/stm32f4xx_hal_cortex.o
 .text.__NVIC_SetPriority
                0x08004280       0x54 ./Drivers/STM32F4xx_HAL_Driver/Src/stm32f4xx_hal_cortex.o
 .text.NVIC_EncodePriority
                0x080042d4       0x66 ./Drivers/STM32F4xx_HAL_Driver/Src/stm32f4xx_hal_cortex.o
 *fill*         0x0800433a        0x2 
 .text.SysTick_Config
                0x0800433c       0x44 ./Drivers/STM32F4xx_HAL_Driver/Src/stm32f4xx_hal_cortex.o
 .text.HAL_NVIC_SetPriorityGrouping
                0x08004380       0x16 ./Drivers/STM32F4xx_HAL_Driver/Src/stm32f4xx_hal_cortex.o
                0x08004380                HAL_NVIC_SetPriorityGrouping
 .text.HAL_NVIC_SetPriority
                0x08004396       0x38 ./Drivers/STM32F4xx_HAL_Driver/Src/stm32f4xx_hal_cortex.o
                0x08004396                HAL_NVIC_SetPriority
 .text.HAL_NVIC_EnableIRQ
                0x080043ce       0x1c ./Drivers/STM32F4xx_HAL_Driver/Src/stm32f4xx_hal_cortex.o
                0x080043ce                HAL_NVIC_EnableIRQ
 .text.HAL_SYSTICK_Config
                0x080043ea       0x18 ./Drivers/STM32F4xx_HAL_Driver/Src/stm32f4xx_hal_cortex.o
                0x080043ea                HAL_SYSTICK_Config
 *fill*         0x08004402        0x2 
 .text.HAL_DMA_Init
                0x08004404      0x15c ./Drivers/STM32F4xx_HAL_Driver/Src/stm32f4xx_hal_dma.o
                0x08004404                HAL_DMA_Init
 .text.HAL_DMA_DeInit
                0x08004560       0xbc ./Drivers/STM32F4xx_HAL_Driver/Src/stm32f4xx_hal_dma.o
                0x08004560                HAL_DMA_DeInit
 .text.HAL_DMA_Start_IT
                0x0800461c       0xb0 ./Drivers/STM32F4xx_HAL_Driver/Src/stm32f4xx_hal_dma.o
                0x0800461c                HAL_DMA_Start_IT
 .text.HAL_DMA_Abort
                0x080046cc       0xe0 ./Drivers/STM32F4xx_HAL_Driver/Src/stm32f4xx_hal_dma.o
                0x080046cc                HAL_DMA_Abort
 .text.HAL_DMA_IRQHandler
                0x080047ac      0x314 ./Drivers/STM32F4xx_HAL_Driver/Src/stm32f4xx_hal_dma.o
                0x080047ac                HAL_DMA_IRQHandler
 .text.DMA_SetConfig
                0x08004ac0       0x5c ./Drivers/STM32F4xx_HAL_Driver/Src/stm32f4xx_hal_dma.o
 .text.DMA_CalcBaseAndBitshift
                0x08004b1c       0x6c ./Drivers/STM32F4xx_HAL_Driver/Src/stm32f4xx_hal_dma.o
 .text.DMA_CheckFifoParam
                0x08004b88       0xf8 ./Drivers/STM32F4xx_HAL_Driver/Src/stm32f4xx_hal_dma.o
 .text.HAL_GPIO_Init
                0x08004c80      0x308 ./Drivers/STM32F4xx_HAL_Driver/Src/stm32f4xx_hal_gpio.o
                0x08004c80                HAL_GPIO_Init
 .text.HAL_GPIO_DeInit
                0x08004f88      0x1c8 ./Drivers/STM32F4xx_HAL_Driver/Src/stm32f4xx_hal_gpio.o
                0x08004f88                HAL_GPIO_DeInit
 .text.HAL_GPIO_WritePin
                0x08005150       0x32 ./Drivers/STM32F4xx_HAL_Driver/Src/stm32f4xx_hal_gpio.o
                0x08005150                HAL_GPIO_WritePin
 *fill*         0x08005182        0x2 
 .text.HAL_GPIO_EXTI_IRQHandler
                0x08005184       0x30 ./Drivers/STM32F4xx_HAL_Driver/Src/stm32f4xx_hal_gpio.o
                0x08005184                HAL_GPIO_EXTI_IRQHandler
 .text.HAL_HCD_Init
                0x080051b4       0xce ./Drivers/STM32F4xx_HAL_Driver/Src/stm32f4xx_hal_hcd.o
                0x080051b4                HAL_HCD_Init
 .text.HAL_HCD_HC_Init
                0x08005282      0x170 ./Drivers/STM32F4xx_HAL_Driver/Src/stm32f4xx_hal_hcd.o
                0x08005282                HAL_HCD_HC_Init
 .text.HAL_HCD_HC_Halt
                0x080053f2       0x46 ./Drivers/STM32F4xx_HAL_Driver/Src/stm32f4xx_hal_hcd.o
                0x080053f2                HAL_HCD_HC_Halt
 .text.HAL_HCD_HC_SubmitRequest
                0x08005438      0x33c ./Drivers/STM32F4xx_HAL_Driver/Src/stm32f4xx_hal_hcd.o
                0x08005438                HAL_HCD_HC_SubmitRequest
 .text.HAL_HCD_IRQHandler
                0x08005774      0x220 ./Drivers/STM32F4xx_HAL_Driver/Src/stm32f4xx_hal_hcd.o
                0x08005774                HAL_HCD_IRQHandler
 .text.HAL_HCD_Start
                0x08005994       0x46 ./Drivers/STM32F4xx_HAL_Driver/Src/stm32f4xx_hal_hcd.o
                0x08005994                HAL_HCD_Start
 .text.HAL_HCD_Stop
                0x080059da       0x3a ./Drivers/STM32F4xx_HAL_Driver/Src/stm32f4xx_hal_hcd.o
                0x080059da                HAL_HCD_Stop
 .text.HAL_HCD_ResetPort
                0x08005a14       0x1c ./Drivers/STM32F4xx_HAL_Driver/Src/stm32f4xx_hal_hcd.o
                0x08005a14                HAL_HCD_ResetPort
 .text.HAL_HCD_HC_GetURBState
                0x08005a30       0x2a ./Drivers/STM32F4xx_HAL_Driver/Src/stm32f4xx_hal_hcd.o
                0x08005a30                HAL_HCD_HC_GetURBState
 .text.HAL_HCD_HC_GetXferCount
                0x08005a5a       0x2a ./Drivers/STM32F4xx_HAL_Driver/Src/stm32f4xx_hal_hcd.o
                0x08005a5a                HAL_HCD_HC_GetXferCount
 .text.HAL_HCD_GetCurrentFrame
                0x08005a84       0x1c ./Drivers/STM32F4xx_HAL_Driver/Src/stm32f4xx_hal_hcd.o
                0x08005a84                HAL_HCD_GetCurrentFrame
 .text.HAL_HCD_GetCurrentSpeed
                0x08005aa0       0x1c ./Drivers/STM32F4xx_HAL_Driver/Src/stm32f4xx_hal_hcd.o
                0x08005aa0                HAL_HCD_GetCurrentSpeed
 .text.HAL_HCD_HC_ClearHubInfo
                0x08005abc       0x6a ./Drivers/STM32F4xx_HAL_Driver/Src/stm32f4xx_hal_hcd.o
                0x08005abc                HAL_HCD_HC_ClearHubInfo
 .text.HCD_HC_IN_IRQHandler
                0x08005b26      0xcd2 ./Drivers/STM32F4xx_HAL_Driver/Src/stm32f4xx_hal_hcd.o
 .text.HCD_HC_OUT_IRQHandler
                0x080067f8      0x97e ./Drivers/STM32F4xx_HAL_Driver/Src/stm32f4xx_hal_hcd.o
 .text.HCD_RXQLVL_IRQHandler
                0x08007176      0x1be ./Drivers/STM32F4xx_HAL_Driver/Src/stm32f4xx_hal_hcd.o
 .text.HCD_Port_IRQHandler
                0x08007334       0xe6 ./Drivers/STM32F4xx_HAL_Driver/Src/stm32f4xx_hal_hcd.o
 *fill*         0x0800741a        0x2 
 .text.HAL_I2C_Init
                0x0800741c      0x288 ./Drivers/STM32F4xx_HAL_Driver/Src/stm32f4xx_hal_i2c.o
                0x0800741c                HAL_I2C_Init
 .text.HAL_I2C_DeInit
                0x080076a4       0x5e ./Drivers/STM32F4xx_HAL_Driver/Src/stm32f4xx_hal_i2c.o
                0x080076a4                HAL_I2C_DeInit
 *fill*         0x08007702        0x2 
 .text.HAL_I2C_Master_Transmit
                0x08007704      0x1fc ./Drivers/STM32F4xx_HAL_Driver/Src/stm32f4xx_hal_i2c.o
                0x08007704                HAL_I2C_Master_Transmit
 .text.HAL_I2C_Mem_Write
                0x08007900      0x1f4 ./Drivers/STM32F4xx_HAL_Driver/Src/stm32f4xx_hal_i2c.o
                0x08007900                HAL_I2C_Mem_Write
 .text.HAL_I2C_Mem_Read
                0x08007af4      0x464 ./Drivers/STM32F4xx_HAL_Driver/Src/stm32f4xx_hal_i2c.o
                0x08007af4                HAL_I2C_Mem_Read
 .text.HAL_I2C_IsDeviceReady
                0x08007f58      0x25c ./Drivers/STM32F4xx_HAL_Driver/Src/stm32f4xx_hal_i2c.o
                0x08007f58                HAL_I2C_IsDeviceReady
 .text.HAL_I2C_GetState
                0x080081b4       0x1c ./Drivers/STM32F4xx_HAL_Driver/Src/stm32f4xx_hal_i2c.o
                0x080081b4                HAL_I2C_GetState
 .text.I2C_MasterRequestWrite
                0x080081d0      0x104 ./Drivers/STM32F4xx_HAL_Driver/Src/stm32f4xx_hal_i2c.o
 .text.I2C_RequestMemoryWrite
                0x080082d4      0x12c ./Drivers/STM32F4xx_HAL_Driver/Src/stm32f4xx_hal_i2c.o
 .text.I2C_RequestMemoryRead
                0x08008400      0x1d0 ./Drivers/STM32F4xx_HAL_Driver/Src/stm32f4xx_hal_i2c.o
 .text.I2C_WaitOnFlagUntilTimeout
                0x080085d0       0xf4 ./Drivers/STM32F4xx_HAL_Driver/Src/stm32f4xx_hal_i2c.o
 .text.I2C_WaitOnMasterAddressFlagUntilTimeout
                0x080086c4      0x140 ./Drivers/STM32F4xx_HAL_Driver/Src/stm32f4xx_hal_i2c.o
 .text.I2C_WaitOnTXEFlagUntilTimeout
                0x08008804       0x90 ./Drivers/STM32F4xx_HAL_Driver/Src/stm32f4xx_hal_i2c.o
 .text.I2C_WaitOnBTFFlagUntilTimeout
                0x08008894       0x90 ./Drivers/STM32F4xx_HAL_Driver/Src/stm32f4xx_hal_i2c.o
 .text.I2C_WaitOnRXNEFlagUntilTimeout
                0x08008924       0xba ./Drivers/STM32F4xx_HAL_Driver/Src/stm32f4xx_hal_i2c.o
 .text.I2C_IsAcknowledgeFailed
                0x080089de       0x5e ./Drivers/STM32F4xx_HAL_Driver/Src/stm32f4xx_hal_i2c.o
 .text.HAL_I2S_Init
                0x08008a3c      0x280 ./Drivers/STM32F4xx_HAL_Driver/Src/stm32f4xx_hal_i2s.o
                0x08008a3c                HAL_I2S_Init
 .text.HAL_I2S_Transmit_DMA
                0x08008cbc      0x148 ./Drivers/STM32F4xx_HAL_Driver/Src/stm32f4xx_hal_i2s.o
                0x08008cbc                HAL_I2S_Transmit_DMA
 .text.HAL_I2S_DMAPause
                0x08008e04       0xc4 ./Drivers/STM32F4xx_HAL_Driver/Src/stm32f4xx_hal_i2s.o
                0x08008e04                HAL_I2S_DMAPause
 .text.HAL_I2S_DMAResume
                0x08008ec8      0x128 ./Drivers/STM32F4xx_HAL_Driver/Src/stm32f4xx_hal_i2s.o
                0x08008ec8                HAL_I2S_DMAResume
 .text.HAL_I2S_DMAStop
                0x08008ff0      0x3b4 ./Drivers/STM32F4xx_HAL_Driver/Src/stm32f4xx_hal_i2s.o
                0x08008ff0                HAL_I2S_DMAStop
 .text.HAL_I2S_RxCpltCallback
                0x080093a4       0x14 ./Drivers/STM32F4xx_HAL_Driver/Src/stm32f4xx_hal_i2s.o
                0x080093a4                HAL_I2S_RxCpltCallback
 .text.HAL_I2S_GetState
                0x080093b8       0x1c ./Drivers/STM32F4xx_HAL_Driver/Src/stm32f4xx_hal_i2s.o
                0x080093b8                HAL_I2S_GetState
 .text.I2S_DMATxCplt
                0x080093d4       0x42 ./Drivers/STM32F4xx_HAL_Driver/Src/stm32f4xx_hal_i2s.o
 .text.I2S_DMATxHalfCplt
                0x08009416       0x1c ./Drivers/STM32F4xx_HAL_Driver/Src/stm32f4xx_hal_i2s.o
 .text.I2S_DMAError
                0x08009432       0x4c ./Drivers/STM32F4xx_HAL_Driver/Src/stm32f4xx_hal_i2s.o
 .text.I2S_Transmit_IT
                0x0800947e       0x5c ./Drivers/STM32F4xx_HAL_Driver/Src/stm32f4xx_hal_i2s.o
 .text.I2S_Receive_IT
                0x080094da       0x5e ./Drivers/STM32F4xx_HAL_Driver/Src/stm32f4xx_hal_i2s.o
 .text.I2S_IRQHandler
                0x08009538      0x114 ./Drivers/STM32F4xx_HAL_Driver/Src/stm32f4xx_hal_i2s.o
 .text.I2S_WaitFlagStateUntilTimeout
                0x0800964c       0x72 ./Drivers/STM32F4xx_HAL_Driver/Src/stm32f4xx_hal_i2s.o
 *fill*         0x080096be        0x2 
 .text.HAL_I2SEx_FullDuplex_IRQHandler
                0x080096c0      0x2a8 ./Drivers/STM32F4xx_HAL_Driver/Src/stm32f4xx_hal_i2s_ex.o
                0x080096c0                HAL_I2SEx_FullDuplex_IRQHandler
 .text.HAL_I2SEx_TxRxCpltCallback
                0x08009968       0x14 ./Drivers/STM32F4xx_HAL_Driver/Src/stm32f4xx_hal_i2s_ex.o
                0x08009968                HAL_I2SEx_TxRxCpltCallback
 .text.I2SEx_TxISR_I2S
                0x0800997c       0x62 ./Drivers/STM32F4xx_HAL_Driver/Src/stm32f4xx_hal_i2s_ex.o
 *fill*         0x080099de        0x2 
 .text.I2SEx_TxISR_I2SExt
                0x080099e0       0x98 ./Drivers/STM32F4xx_HAL_Driver/Src/stm32f4xx_hal_i2s_ex.o
 .text.I2SEx_RxISR_I2S
                0x08009a78       0x64 ./Drivers/STM32F4xx_HAL_Driver/Src/stm32f4xx_hal_i2s_ex.o
 .text.I2SEx_RxISR_I2SExt
                0x08009adc       0x98 ./Drivers/STM32F4xx_HAL_Driver/Src/stm32f4xx_hal_i2s_ex.o
 .text.HAL_RCC_OscConfig
                0x08009b74      0x4f0 ./Drivers/STM32F4xx_HAL_Driver/Src/stm32f4xx_hal_rcc.o
                0x08009b74                HAL_RCC_OscConfig
 .text.HAL_RCC_ClockConfig
                0x0800a064      0x1cc ./Drivers/STM32F4xx_HAL_Driver/Src/stm32f4xx_hal_rcc.o
                0x0800a064                HAL_RCC_ClockConfig
 .text.HAL_RCC_GetSysClockFreq
                0x0800a230      0x20c ./Drivers/STM32F4xx_HAL_Driver/Src/stm32f4xx_hal_rcc.o
                0x0800a230                HAL_RCC_GetSysClockFreq
 .text.HAL_RCC_GetHCLKFreq
                0x0800a43c       0x18 ./Drivers/STM32F4xx_HAL_Driver/Src/stm32f4xx_hal_rcc.o
                0x0800a43c                HAL_RCC_GetHCLKFreq
 .text.HAL_RCC_GetPCLK1Freq
                0x0800a454       0x28 ./Drivers/STM32F4xx_HAL_Driver/Src/stm32f4xx_hal_rcc.o
                0x0800a454                HAL_RCC_GetPCLK1Freq
 .text.HAL_RCCEx_PeriphCLKConfig
                0x0800a47c      0x1e0 ./Drivers/STM32F4xx_HAL_Driver/Src/stm32f4xx_hal_rcc_ex.o
                0x0800a47c                HAL_RCCEx_PeriphCLKConfig
 .text.HAL_RCCEx_GetPeriphCLKConfig
                0x0800a65c       0x84 ./Drivers/STM32F4xx_HAL_Driver/Src/stm32f4xx_hal_rcc_ex.o
                0x0800a65c                HAL_RCCEx_GetPeriphCLKConfig
 .text.HAL_RCCEx_GetPeriphCLKFreq
                0x0800a6e0       0xc4 ./Drivers/STM32F4xx_HAL_Driver/Src/stm32f4xx_hal_rcc_ex.o
                0x0800a6e0                HAL_RCCEx_GetPeriphCLKFreq
 .text.HAL_TIM_Base_Init
                0x0800a7a4       0x9e ./Drivers/STM32F4xx_HAL_Driver/Src/stm32f4xx_hal_tim.o
                0x0800a7a4                HAL_TIM_Base_Init
 *fill*         0x0800a842        0x2 
 .text.HAL_TIM_Base_Start_IT
                0x0800a844       0xc4 ./Drivers/STM32F4xx_HAL_Driver/Src/stm32f4xx_hal_tim.o
                0x0800a844                HAL_TIM_Base_Start_IT
 .text.HAL_TIM_IRQHandler
                0x0800a908      0x1e0 ./Drivers/STM32F4xx_HAL_Driver/Src/stm32f4xx_hal_tim.o
                0x0800a908                HAL_TIM_IRQHandler
 .text.HAL_TIM_OC_DelayElapsedCallback
                0x0800aae8       0x14 ./Drivers/STM32F4xx_HAL_Driver/Src/stm32f4xx_hal_tim.o
                0x0800aae8                HAL_TIM_OC_DelayElapsedCallback
 .text.HAL_TIM_IC_CaptureCallback
                0x0800aafc       0x14 ./Drivers/STM32F4xx_HAL_Driver/Src/stm32f4xx_hal_tim.o
                0x0800aafc                HAL_TIM_IC_CaptureCallback
 .text.HAL_TIM_PWM_PulseFinishedCallback
                0x0800ab10       0x14 ./Drivers/STM32F4xx_HAL_Driver/Src/stm32f4xx_hal_tim.o
                0x0800ab10                HAL_TIM_PWM_PulseFinishedCallback
 .text.HAL_TIM_TriggerCallback
                0x0800ab24       0x14 ./Drivers/STM32F4xx_HAL_Driver/Src/stm32f4xx_hal_tim.o
                0x0800ab24                HAL_TIM_TriggerCallback
 .text.TIM_Base_SetConfig
                0x0800ab38      0x118 ./Drivers/STM32F4xx_HAL_Driver/Src/stm32f4xx_hal_tim.o
                0x0800ab38                TIM_Base_SetConfig
 .text.HAL_TIMEx_CommutCallback
                0x0800ac50       0x14 ./Drivers/STM32F4xx_HAL_Driver/Src/stm32f4xx_hal_tim_ex.o
                0x0800ac50                HAL_TIMEx_CommutCallback
 .text.HAL_TIMEx_BreakCallback
                0x0800ac64       0x14 ./Drivers/STM32F4xx_HAL_Driver/Src/stm32f4xx_hal_tim_ex.o
                0x0800ac64                HAL_TIMEx_BreakCallback
 .text.USB_CoreInit
                0x0800ac78       0xc8 ./Drivers/STM32F4xx_HAL_Driver/Src/stm32f4xx_ll_usb.o
                0x0800ac78                USB_CoreInit
 .text.USB_EnableGlobalInt
                0x0800ad40       0x22 ./Drivers/STM32F4xx_HAL_Driver/Src/stm32f4xx_ll_usb.o
                0x0800ad40                USB_EnableGlobalInt
 .text.USB_DisableGlobalInt
                0x0800ad62       0x22 ./Drivers/STM32F4xx_HAL_Driver/Src/stm32f4xx_ll_usb.o
                0x0800ad62                USB_DisableGlobalInt
 .text.USB_SetCurrentMode
                0x0800ad84       0x98 ./Drivers/STM32F4xx_HAL_Driver/Src/stm32f4xx_ll_usb.o
                0x0800ad84                USB_SetCurrentMode
 .text.USB_FlushTxFifo
                0x0800ae1c       0x64 ./Drivers/STM32F4xx_HAL_Driver/Src/stm32f4xx_ll_usb.o
                0x0800ae1c                USB_FlushTxFifo
 .text.USB_FlushRxFifo
                0x0800ae80       0x5c ./Drivers/STM32F4xx_HAL_Driver/Src/stm32f4xx_ll_usb.o
                0x0800ae80                USB_FlushRxFifo
 .text.USB_WritePacket
                0x0800aedc       0x7c ./Drivers/STM32F4xx_HAL_Driver/Src/stm32f4xx_ll_usb.o
                0x0800aedc                USB_WritePacket
 .text.USB_ReadPacket
                0x0800af58       0xb0 ./Drivers/STM32F4xx_HAL_Driver/Src/stm32f4xx_ll_usb.o
                0x0800af58                USB_ReadPacket
 .text.USB_ReadInterrupts
                0x0800b008       0x26 ./Drivers/STM32F4xx_HAL_Driver/Src/stm32f4xx_ll_usb.o
                0x0800b008                USB_ReadInterrupts
 .text.USB_ReadChInterrupts
                0x0800b02e       0x42 ./Drivers/STM32F4xx_HAL_Driver/Src/stm32f4xx_ll_usb.o
                0x0800b02e                USB_ReadChInterrupts
 .text.USB_GetMode
                0x0800b070       0x1c ./Drivers/STM32F4xx_HAL_Driver/Src/stm32f4xx_ll_usb.o
                0x0800b070                USB_GetMode
 .text.USB_CoreReset
                0x0800b08c       0x62 ./Drivers/STM32F4xx_HAL_Driver/Src/stm32f4xx_ll_usb.o
 *fill*         0x0800b0ee        0x2 
 .text.USB_HostInit
                0x0800b0f0      0x15c ./Drivers/STM32F4xx_HAL_Driver/Src/stm32f4xx_ll_usb.o
                0x0800b0f0                USB_HostInit
 .text.USB_InitFSLSPClkSel
                0x0800b24c       0x7a ./Drivers/STM32F4xx_HAL_Driver/Src/stm32f4xx_ll_usb.o
                0x0800b24c                USB_InitFSLSPClkSel
 .text.USB_ResetPort
                0x0800b2c6       0x54 ./Drivers/STM32F4xx_HAL_Driver/Src/stm32f4xx_ll_usb.o
                0x0800b2c6                USB_ResetPort
 .text.USB_DriveVbus
                0x0800b31a       0x72 ./Drivers/STM32F4xx_HAL_Driver/Src/stm32f4xx_ll_usb.o
                0x0800b31a                USB_DriveVbus
 .text.USB_GetHostSpeed
                0x0800b38c       0x2e ./Drivers/STM32F4xx_HAL_Driver/Src/stm32f4xx_ll_usb.o
                0x0800b38c                USB_GetHostSpeed
 .text.USB_GetCurrentFrame
                0x0800b3ba       0x22 ./Drivers/STM32F4xx_HAL_Driver/Src/stm32f4xx_ll_usb.o
                0x0800b3ba                USB_GetCurrentFrame
 .text.USB_HC_Init
                0x0800b3dc      0x22c ./Drivers/STM32F4xx_HAL_Driver/Src/stm32f4xx_ll_usb.o
                0x0800b3dc                USB_HC_Init
 .text.USB_HC_StartXfer
                0x0800b608      0x488 ./Drivers/STM32F4xx_HAL_Driver/Src/stm32f4xx_ll_usb.o
                0x0800b608                USB_HC_StartXfer
 .text.USB_HC_ReadInterrupt
                0x0800ba90       0x22 ./Drivers/STM32F4xx_HAL_Driver/Src/stm32f4xx_ll_usb.o
                0x0800ba90                USB_HC_ReadInterrupt
 .text.USB_HC_Halt
                0x0800bab2      0x240 ./Drivers/STM32F4xx_HAL_Driver/Src/stm32f4xx_ll_usb.o
                0x0800bab2                USB_HC_Halt
 .text.USB_StopHost
                0x0800bcf2      0x124 ./Drivers/STM32F4xx_HAL_Driver/Src/stm32f4xx_ll_usb.o
                0x0800bcf2                USB_StopHost
 *fill*         0x0800be16        0x2 
 .text.MX_FATFS_Init
                0x0800be18       0x24 ./FATFS/App/fatfs.o
                0x0800be18                MX_FATFS_Init
 .text.get_fattime
                0x0800be3c       0x10 ./FATFS/App/fatfs.o
                0x0800be3c                get_fattime
 .text.USBH_initialize
                0x0800be4c       0x18 ./FATFS/Target/usbh_diskio.o
                0x0800be4c                USBH_initialize
 .text.USBH_status
                0x0800be64       0x38 ./FATFS/Target/usbh_diskio.o
                0x0800be64                USBH_status
 .text.USBH_read
                0x0800be9c       0x74 ./FATFS/Target/usbh_diskio.o
                0x0800be9c                USBH_read
 .text.USBH_write
                0x0800bf10       0x84 ./FATFS/Target/usbh_diskio.o
                0x0800bf10                USBH_write
 .text.USBH_ioctl
                0x0800bf94       0xd8 ./FATFS/Target/usbh_diskio.o
                0x0800bf94                USBH_ioctl
 .text.USBH_MSC_InterfaceInit
                0x0800c06c      0x244 ./Middlewares/ST/STM32_USB_Host_Library/Class/MSC/Src/usbh_msc.o
 .text.USBH_MSC_InterfaceDeInit
                0x0800c2b0       0x8c ./Middlewares/ST/STM32_USB_Host_Library/Class/MSC/Src/usbh_msc.o
 .text.USBH_MSC_ClassRequest
                0x0800c33c       0xce ./Middlewares/ST/STM32_USB_Host_Library/Class/MSC/Src/usbh_msc.o
 *fill*         0x0800c40a        0x2 
 .text.USBH_MSC_Process
                0x0800c40c      0x5ac ./Middlewares/ST/STM32_USB_Host_Library/Class/MSC/Src/usbh_msc.o
 .text.USBH_MSC_SOFProcess
                0x0800c9b8       0x16 ./Middlewares/ST/STM32_USB_Host_Library/Class/MSC/Src/usbh_msc.o
 .text.USBH_MSC_RdWrProcess
                0x0800c9ce      0x1a0 ./Middlewares/ST/STM32_USB_Host_Library/Class/MSC/Src/usbh_msc.o
 .text.USBH_MSC_UnitIsReady
                0x0800cb6e       0x56 ./Middlewares/ST/STM32_USB_Host_Library/Class/MSC/Src/usbh_msc.o
                0x0800cb6e                USBH_MSC_UnitIsReady
 .text.USBH_MSC_GetLUNInfo
                0x0800cbc4       0x52 ./Middlewares/ST/STM32_USB_Host_Library/Class/MSC/Src/usbh_msc.o
                0x0800cbc4                USBH_MSC_GetLUNInfo
 .text.USBH_MSC_Read
                0x0800cc16       0xc0 ./Middlewares/ST/STM32_USB_Host_Library/Class/MSC/Src/usbh_msc.o
                0x0800cc16                USBH_MSC_Read
 .text.USBH_MSC_Write
                0x0800ccd6       0xc0 ./Middlewares/ST/STM32_USB_Host_Library/Class/MSC/Src/usbh_msc.o
                0x0800ccd6                USBH_MSC_Write
 .text.USBH_MSC_BOT_REQ_Reset
                0x0800cd96       0x3a ./Middlewares/ST/STM32_USB_Host_Library/Class/MSC/Src/usbh_msc_bot.o
                0x0800cd96                USBH_MSC_BOT_REQ_Reset
 .text.USBH_MSC_BOT_REQ_GetMaxLUN
                0x0800cdd0       0x3c ./Middlewares/ST/STM32_USB_Host_Library/Class/MSC/Src/usbh_msc_bot.o
                0x0800cdd0                USBH_MSC_BOT_REQ_GetMaxLUN
 .text.USBH_MSC_BOT_Init
                0x0800ce0c       0x44 ./Middlewares/ST/STM32_USB_Host_Library/Class/MSC/Src/usbh_msc_bot.o
                0x0800ce0c                USBH_MSC_BOT_Init
 .text.USBH_MSC_BOT_Process
                0x0800ce50      0x39c ./Middlewares/ST/STM32_USB_Host_Library/Class/MSC/Src/usbh_msc_bot.o
                0x0800ce50                USBH_MSC_BOT_Process
 .text.USBH_MSC_BOT_Abort
                0x0800d1ec       0x58 ./Middlewares/ST/STM32_USB_Host_Library/Class/MSC/Src/usbh_msc_bot.o
 .text.USBH_MSC_DecodeCSW
                0x0800d244       0x88 ./Middlewares/ST/STM32_USB_Host_Library/Class/MSC/Src/usbh_msc_bot.o
 .text.USBH_MSC_SCSI_TestUnitReady
                0x0800d2cc       0x86 ./Middlewares/ST/STM32_USB_Host_Library/Class/MSC/Src/usbh_msc_scsi.o
                0x0800d2cc                USBH_MSC_SCSI_TestUnitReady
 .text.USBH_MSC_SCSI_ReadCapacity
                0x0800d352       0xf4 ./Middlewares/ST/STM32_USB_Host_Library/Class/MSC/Src/usbh_msc_scsi.o
                0x0800d352                USBH_MSC_SCSI_ReadCapacity
 .text.USBH_MSC_SCSI_Inquiry
                0x0800d446      0x14a ./Middlewares/ST/STM32_USB_Host_Library/Class/MSC/Src/usbh_msc_scsi.o
                0x0800d446                USBH_MSC_SCSI_Inquiry
 .text.USBH_MSC_SCSI_RequestSense
                0x0800d590       0xfe ./Middlewares/ST/STM32_USB_Host_Library/Class/MSC/Src/usbh_msc_scsi.o
                0x0800d590                USBH_MSC_SCSI_RequestSense
 .text.USBH_MSC_SCSI_Write
                0x0800d68e       0xe0 ./Middlewares/ST/STM32_USB_Host_Library/Class/MSC/Src/usbh_msc_scsi.o
                0x0800d68e                USBH_MSC_SCSI_Write
 .text.USBH_MSC_SCSI_Read
                0x0800d76e       0xe0 ./Middlewares/ST/STM32_USB_Host_Library/Class/MSC/Src/usbh_msc_scsi.o
                0x0800d76e                USBH_MSC_SCSI_Read
 .text.USBH_Init
                0x0800d84e       0x74 ./Middlewares/ST/STM32_USB_Host_Library/Core/Src/usbh_core.o
                0x0800d84e                USBH_Init
 .text.DeInitStateMachine
                0x0800d8c2       0xe6 ./Middlewares/ST/STM32_USB_Host_Library/Core/Src/usbh_core.o
 .text.USBH_RegisterClass
                0x0800d9a8       0x54 ./Middlewares/ST/STM32_USB_Host_Library/Core/Src/usbh_core.o
                0x0800d9a8                USBH_RegisterClass
 .text.USBH_SelectInterface
                0x0800d9fc       0x38 ./Middlewares/ST/STM32_USB_Host_Library/Core/Src/usbh_core.o
                0x0800d9fc                USBH_SelectInterface
 .text.USBH_FindInterface
                0x0800da34       0x8c ./Middlewares/ST/STM32_USB_Host_Library/Core/Src/usbh_core.o
                0x0800da34                USBH_FindInterface
 .text.USBH_Start
                0x0800dac0       0x20 ./Middlewares/ST/STM32_USB_Host_Library/Core/Src/usbh_core.o
                0x0800dac0                USBH_Start
 .text.USBH_Process
                0x0800dae0      0x3d0 ./Middlewares/ST/STM32_USB_Host_Library/Core/Src/usbh_core.o
                0x0800dae0                USBH_Process
 .text.USBH_HandleEnum
                0x0800deb0      0x3c0 ./Middlewares/ST/STM32_USB_Host_Library/Core/Src/usbh_core.o
 .text.USBH_LL_SetTimer
                0x0800e270       0x1e ./Middlewares/ST/STM32_USB_Host_Library/Core/Src/usbh_core.o
                0x0800e270                USBH_LL_SetTimer
 .text.USBH_LL_IncTimer
                0x0800e28e       0x24 ./Middlewares/ST/STM32_USB_Host_Library/Core/Src/usbh_core.o
                0x0800e28e                USBH_LL_IncTimer
 .text.USBH_HandleSof
                0x0800e2b2       0x30 ./Middlewares/ST/STM32_USB_Host_Library/Core/Src/usbh_core.o
 .text.USBH_LL_PortEnabled
                0x0800e2e2       0x1c ./Middlewares/ST/STM32_USB_Host_Library/Core/Src/usbh_core.o
                0x0800e2e2                USBH_LL_PortEnabled
 .text.USBH_LL_PortDisabled
                0x0800e2fe       0x1c ./Middlewares/ST/STM32_USB_Host_Library/Core/Src/usbh_core.o
                0x0800e2fe                USBH_LL_PortDisabled
 .text.USBH_LL_Connect
                0x0800e31a       0x2e ./Middlewares/ST/STM32_USB_Host_Library/Core/Src/usbh_core.o
                0x0800e31a                USBH_LL_Connect
 .text.USBH_LL_Disconnect
                0x0800e348       0x48 ./Middlewares/ST/STM32_USB_Host_Library/Core/Src/usbh_core.o
                0x0800e348                USBH_LL_Disconnect
 .text.USBH_Get_DevDesc
                0x0800e390       0x58 ./Middlewares/ST/STM32_USB_Host_Library/Core/Src/usbh_ctlreq.o
                0x0800e390                USBH_Get_DevDesc
 .text.USBH_Get_CfgDesc
                0x0800e3e8       0x54 ./Middlewares/ST/STM32_USB_Host_Library/Core/Src/usbh_ctlreq.o
                0x0800e3e8                USBH_Get_CfgDesc
 .text.USBH_Get_StringDesc
                0x0800e43c       0x68 ./Middlewares/ST/STM32_USB_Host_Library/Core/Src/usbh_ctlreq.o
                0x0800e43c                USBH_Get_StringDesc
 .text.USBH_GetDescriptor
                0x0800e4a4       0x6a ./Middlewares/ST/STM32_USB_Host_Library/Core/Src/usbh_ctlreq.o
                0x0800e4a4                USBH_GetDescriptor
 .text.USBH_SetAddress
                0x0800e50e       0x48 ./Middlewares/ST/STM32_USB_Host_Library/Core/Src/usbh_ctlreq.o
                0x0800e50e                USBH_SetAddress
 .text.USBH_SetCfg
                0x0800e556       0x46 ./Middlewares/ST/STM32_USB_Host_Library/Core/Src/usbh_ctlreq.o
                0x0800e556                USBH_SetCfg
 .text.USBH_SetFeature
                0x0800e59c       0x48 ./Middlewares/ST/STM32_USB_Host_Library/Core/Src/usbh_ctlreq.o
                0x0800e59c                USBH_SetFeature
 .text.USBH_ClrFeature
                0x0800e5e4       0x48 ./Middlewares/ST/STM32_USB_Host_Library/Core/Src/usbh_ctlreq.o
                0x0800e5e4                USBH_ClrFeature
 .text.USBH_ParseDevDesc
                0x0800e62c      0x160 ./Middlewares/ST/STM32_USB_Host_Library/Core/Src/usbh_ctlreq.o
 .text.USBH_ParseCfgDesc
                0x0800e78c      0x1f0 ./Middlewares/ST/STM32_USB_Host_Library/Core/Src/usbh_ctlreq.o
 .text.USBH_ParseInterfaceDesc
                0x0800e97c       0x68 ./Middlewares/ST/STM32_USB_Host_Library/Core/Src/usbh_ctlreq.o
 .text.USBH_ParseEPDesc
                0x0800e9e4      0x1d0 ./Middlewares/ST/STM32_USB_Host_Library/Core/Src/usbh_ctlreq.o
 .text.USBH_ParseStringDesc
                0x0800ebb4       0x66 ./Middlewares/ST/STM32_USB_Host_Library/Core/Src/usbh_ctlreq.o
 .text.USBH_GetNextDesc
                0x0800ec1a       0x34 ./Middlewares/ST/STM32_USB_Host_Library/Core/Src/usbh_ctlreq.o
                0x0800ec1a                USBH_GetNextDesc
 .text.USBH_CtlReq
                0x0800ec4e       0x7a ./Middlewares/ST/STM32_USB_Host_Library/Core/Src/usbh_ctlreq.o
                0x0800ec4e                USBH_CtlReq
 .text.USBH_HandleControl
                0x0800ecc8      0x2e8 ./Middlewares/ST/STM32_USB_Host_Library/Core/Src/usbh_ctlreq.o
 .text.USBH_CtlSendSetup
                0x0800efb0       0x34 ./Middlewares/ST/STM32_USB_Host_Library/Core/Src/usbh_ioreq.o
                0x0800efb0                USBH_CtlSendSetup
 .text.USBH_CtlSendData
                0x0800efe4       0x4a ./Middlewares/ST/STM32_USB_Host_Library/Core/Src/usbh_ioreq.o
                0x0800efe4                USBH_CtlSendData
 .text.USBH_CtlReceiveData
                0x0800f02e       0x3c ./Middlewares/ST/STM32_USB_Host_Library/Core/Src/usbh_ioreq.o
                0x0800f02e                USBH_CtlReceiveData
 .text.USBH_BulkSendData
                0x0800f06a       0x4a ./Middlewares/ST/STM32_USB_Host_Library/Core/Src/usbh_ioreq.o
                0x0800f06a                USBH_BulkSendData
 .text.USBH_BulkReceiveData
                0x0800f0b4       0x3c ./Middlewares/ST/STM32_USB_Host_Library/Core/Src/usbh_ioreq.o
                0x0800f0b4                USBH_BulkReceiveData
 .text.USBH_OpenPipe
                0x0800f0f0       0x3e ./Middlewares/ST/STM32_USB_Host_Library/Core/Src/usbh_pipes.o
                0x0800f0f0                USBH_OpenPipe
 .text.USBH_ClosePipe
                0x0800f12e       0x20 ./Middlewares/ST/STM32_USB_Host_Library/Core/Src/usbh_pipes.o
                0x0800f12e                USBH_ClosePipe
 .text.USBH_AllocPipe
                0x0800f14e       0x42 ./Middlewares/ST/STM32_USB_Host_Library/Core/Src/usbh_pipes.o
                0x0800f14e                USBH_AllocPipe
 .text.USBH_FreePipe
                0x0800f190       0x3c ./Middlewares/ST/STM32_USB_Host_Library/Core/Src/usbh_pipes.o
                0x0800f190                USBH_FreePipe
 .text.USBH_GetFreePipe
                0x0800f1cc       0x48 ./Middlewares/ST/STM32_USB_Host_Library/Core/Src/usbh_pipes.o
 .text.disk_status
                0x0800f214       0x34 ./Middlewares/Third_Party/FatFs/src/diskio.o
                0x0800f214                disk_status
 .text.disk_initialize
                0x0800f248       0x50 ./Middlewares/Third_Party/FatFs/src/diskio.o
                0x0800f248                disk_initialize
 .text.disk_read
                0x0800f298       0x40 ./Middlewares/Third_Party/FatFs/src/diskio.o
                0x0800f298                disk_read
 .text.disk_write
                0x0800f2d8       0x40 ./Middlewares/Third_Party/FatFs/src/diskio.o
                0x0800f2d8                disk_write
 .text.disk_ioctl
                0x0800f318       0x3c ./Middlewares/Third_Party/FatFs/src/diskio.o
                0x0800f318                disk_ioctl
 .text.ld_word  0x0800f354       0x30 ./Middlewares/Third_Party/FatFs/src/ff.o
 .text.ld_dword
                0x0800f384       0x46 ./Middlewares/Third_Party/FatFs/src/ff.o
 .text.st_word  0x0800f3ca       0x36 ./Middlewares/Third_Party/FatFs/src/ff.o
 .text.st_dword
                0x0800f400       0x58 ./Middlewares/Third_Party/FatFs/src/ff.o
 .text.mem_cpy  0x0800f458       0x42 ./Middlewares/Third_Party/FatFs/src/ff.o
 .text.mem_set  0x0800f49a       0x36 ./Middlewares/Third_Party/FatFs/src/ff.o
 .text.mem_cmp  0x0800f4d0       0x4e ./Middlewares/Third_Party/FatFs/src/ff.o
 .text.chk_chr  0x0800f51e       0x36 ./Middlewares/Third_Party/FatFs/src/ff.o
 .text.chk_lock
                0x0800f554       0xb8 ./Middlewares/Third_Party/FatFs/src/ff.o
 .text.enq_lock
                0x0800f60c       0x44 ./Middlewares/Third_Party/FatFs/src/ff.o
 .text.inc_lock
                0x0800f650      0x11c ./Middlewares/Third_Party/FatFs/src/ff.o
 .text.dec_lock
                0x0800f76c       0x78 ./Middlewares/Third_Party/FatFs/src/ff.o
 .text.clear_lock
                0x0800f7e4       0x48 ./Middlewares/Third_Party/FatFs/src/ff.o
 .text.sync_window
                0x0800f82c       0x88 ./Middlewares/Third_Party/FatFs/src/ff.o
 .text.move_window
                0x0800f8b4       0x5a ./Middlewares/Third_Party/FatFs/src/ff.o
 *fill*         0x0800f90e        0x2 
 .text.sync_fs  0x0800f910       0xdc ./Middlewares/Third_Party/FatFs/src/ff.o
 .text.clust2sect
                0x0800f9ec       0x3e ./Middlewares/Third_Party/FatFs/src/ff.o
 .text.get_fat  0x0800fa2a      0x14e ./Middlewares/Third_Party/FatFs/src/ff.o
 .text.put_fat  0x0800fb78      0x1d4 ./Middlewares/Third_Party/FatFs/src/ff.o
 .text.remove_chain
                0x0800fd4c       0xca ./Middlewares/Third_Party/FatFs/src/ff.o
 .text.create_chain
                0x0800fe16      0x130 ./Middlewares/Third_Party/FatFs/src/ff.o
 .text.clmt_clust
                0x0800ff46       0x68 ./Middlewares/Third_Party/FatFs/src/ff.o
 .text.dir_sdi  0x0800ffae       0xf6 ./Middlewares/Third_Party/FatFs/src/ff.o
 .text.dir_next
                0x080100a4      0x18a ./Middlewares/Third_Party/FatFs/src/ff.o
 .text.dir_alloc
                0x0801022e       0x8e ./Middlewares/Third_Party/FatFs/src/ff.o
 .text.ld_clust
                0x080102bc       0x3e ./Middlewares/Third_Party/FatFs/src/ff.o
 .text.st_clust
                0x080102fa       0x40 ./Middlewares/Third_Party/FatFs/src/ff.o
 *fill*         0x0801033a        0x2 
 .text.cmp_lfn  0x0801033c       0xe0 ./Middlewares/Third_Party/FatFs/src/ff.o
 .text.pick_lfn
                0x0801041c       0xc8 ./Middlewares/Third_Party/FatFs/src/ff.o
 .text.put_lfn  0x080104e4       0xd0 ./Middlewares/Third_Party/FatFs/src/ff.o
 .text.gen_numname
                0x080105b4      0x11c ./Middlewares/Third_Party/FatFs/src/ff.o
 .text.sum_sfn  0x080106d0       0x42 ./Middlewares/Third_Party/FatFs/src/ff.o
 .text.dir_read
                0x08010712      0x14e ./Middlewares/Third_Party/FatFs/src/ff.o
 .text.dir_find
                0x08010860      0x180 ./Middlewares/Third_Party/FatFs/src/ff.o
 .text.dir_register
                0x080109e0      0x1f0 ./Middlewares/Third_Party/FatFs/src/ff.o
 .text.get_fileinfo
                0x08010bd0      0x1bc ./Middlewares/Third_Party/FatFs/src/ff.o
 .text.create_name
                0x08010d8c      0x370 ./Middlewares/Third_Party/FatFs/src/ff.o
 .text.follow_path
                0x080110fc       0xe2 ./Middlewares/Third_Party/FatFs/src/ff.o
 .text.get_ldnumber
                0x080111de       0x88 ./Middlewares/Third_Party/FatFs/src/ff.o
 *fill*         0x08011266        0x2 
 .text.check_fs
                0x08011268       0xac ./Middlewares/Third_Party/FatFs/src/ff.o
 .text.find_volume
                0x08011314      0x4a0 ./Middlewares/Third_Party/FatFs/src/ff.o
 .text.validate
                0x080117b4       0x6a ./Middlewares/Third_Party/FatFs/src/ff.o
 *fill*         0x0801181e        0x2 
 .text.f_mount  0x08011820       0x8c ./Middlewares/Third_Party/FatFs/src/ff.o
                0x08011820                f_mount
 .text.f_open   0x080118ac      0x374 ./Middlewares/Third_Party/FatFs/src/ff.o
                0x080118ac                f_open
 .text.f_read   0x08011c20      0x27e ./Middlewares/Third_Party/FatFs/src/ff.o
                0x08011c20                f_read
 .text.f_sync   0x08011e9e       0xfc ./Middlewares/Third_Party/FatFs/src/ff.o
                0x08011e9e                f_sync
 .text.f_close  0x08011f9a       0x54 ./Middlewares/Third_Party/FatFs/src/ff.o
                0x08011f9a                f_close
 .text.f_lseek  0x08011fee      0x412 ./Middlewares/Third_Party/FatFs/src/ff.o
                0x08011fee                f_lseek
 .text.f_opendir
                0x08012400       0xe6 ./Middlewares/Third_Party/FatFs/src/ff.o
                0x08012400                f_opendir
 .text.f_closedir
                0x080124e6       0x4c ./Middlewares/Third_Party/FatFs/src/ff.o
                0x080124e6                f_closedir
 .text.f_readdir
                0x08012532       0x7a ./Middlewares/Third_Party/FatFs/src/ff.o
                0x08012532                f_readdir
 .text.FATFS_LinkDriverEx
                0x080125ac       0x98 ./Middlewares/Third_Party/FatFs/src/ff_gen_drv.o
                0x080125ac                FATFS_LinkDriverEx
 .text.FATFS_LinkDriver
                0x08012644       0x1e ./Middlewares/Third_Party/FatFs/src/ff_gen_drv.o
                0x08012644                FATFS_LinkDriver
 *fill*         0x08012662        0x2 
 .text.ff_convert
                0x08012664       0x78 ./Middlewares/Third_Party/FatFs/src/option/ccsbcs.o
                0x08012664                ff_convert
 .text.ff_wtoupper
                0x080126dc      0x114 ./Middlewares/Third_Party/FatFs/src/option/ccsbcs.o
                0x080126dc                ff_wtoupper
 .text.MX_USB_HOST_Init
                0x080127f0       0x4c ./USB_HOST/App/usb_host.o
                0x080127f0                MX_USB_HOST_Init
 .text.MX_USB_HOST_Process
                0x0801283c       0x14 ./USB_HOST/App/usb_host.o
                0x0801283c                MX_USB_HOST_Process
 .text.USBH_UserProcess
                0x08012850       0x5c ./USB_HOST/App/usb_host.o
 .text.HAL_HCD_MspInit
                0x080128ac       0xc4 ./USB_HOST/Target/usbh_conf.o
                0x080128ac                HAL_HCD_MspInit
 .text.HAL_HCD_SOF_Callback
                0x08012970       0x1c ./USB_HOST/Target/usbh_conf.o
                0x08012970                HAL_HCD_SOF_Callback
 .text.HAL_HCD_Connect_Callback
                0x0801298c       0x1c ./USB_HOST/Target/usbh_conf.o
                0x0801298c                HAL_HCD_Connect_Callback
 .text.HAL_HCD_Disconnect_Callback
                0x080129a8       0x1c ./USB_HOST/Target/usbh_conf.o
                0x080129a8                HAL_HCD_Disconnect_Callback
 .text.HAL_HCD_HC_NotifyURBChange_Callback
                0x080129c4       0x1c ./USB_HOST/Target/usbh_conf.o
                0x080129c4                HAL_HCD_HC_NotifyURBChange_Callback
 .text.HAL_HCD_PortEnabled_Callback
                0x080129e0       0x1c ./USB_HOST/Target/usbh_conf.o
                0x080129e0                HAL_HCD_PortEnabled_Callback
 .text.HAL_HCD_PortDisabled_Callback
                0x080129fc       0x1c ./USB_HOST/Target/usbh_conf.o
                0x080129fc                HAL_HCD_PortDisabled_Callback
 .text.USBH_LL_Init
                0x08012a18       0x78 ./USB_HOST/Target/usbh_conf.o
                0x08012a18                USBH_LL_Init
 .text.USBH_LL_Start
                0x08012a90       0x36 ./USB_HOST/Target/usbh_conf.o
                0x08012a90                USBH_LL_Start
 .text.USBH_LL_Stop
                0x08012ac6       0x36 ./USB_HOST/Target/usbh_conf.o
                0x08012ac6                USBH_LL_Stop
 .text.USBH_LL_GetSpeed
                0x08012afc       0x4e ./USB_HOST/Target/usbh_conf.o
                0x08012afc                USBH_LL_GetSpeed
 .text.USBH_LL_ResetPort
                0x08012b4a       0x36 ./USB_HOST/Target/usbh_conf.o
                0x08012b4a                USBH_LL_ResetPort
 .text.USBH_LL_GetLastXferSize
                0x08012b80       0x26 ./USB_HOST/Target/usbh_conf.o
                0x08012b80                USBH_LL_GetLastXferSize
 .text.USBH_LL_OpenPipe
                0x08012ba6       0x5e ./USB_HOST/Target/usbh_conf.o
                0x08012ba6                USBH_LL_OpenPipe
 .text.USBH_LL_ClosePipe
                0x08012c04       0x3e ./USB_HOST/Target/usbh_conf.o
                0x08012c04                USBH_LL_ClosePipe
 .text.USBH_LL_SubmitURB
                0x08012c42       0x62 ./USB_HOST/Target/usbh_conf.o
                0x08012c42                USBH_LL_SubmitURB
 .text.USBH_LL_GetURBState
                0x08012ca4       0x26 ./USB_HOST/Target/usbh_conf.o
                0x08012ca4                USBH_LL_GetURBState
 .text.USBH_LL_DriverVBUS
                0x08012cca       0x2e ./USB_HOST/Target/usbh_conf.o
                0x08012cca                USBH_LL_DriverVBUS
 .text.USBH_LL_SetToggle
                0x08012cf8       0x66 ./USB_HOST/Target/usbh_conf.o
                0x08012cf8                USBH_LL_SetToggle
 .text.USBH_LL_GetToggle
                0x08012d5e       0x66 ./USB_HOST/Target/usbh_conf.o
                0x08012d5e                USBH_LL_GetToggle
 .text.USBH_Delay
                0x08012dc4       0x16 ./USB_HOST/Target/usbh_conf.o
                0x08012dc4                USBH_Delay
 *fill*         0x08012dda        0x2 
 .text.USBH_Get_USB_Status
                0x08012ddc       0x58 ./USB_HOST/Target/usbh_conf.o
                0x08012ddc                USBH_Get_USB_Status
 .text.MX_DriverVbusFS
                0x08012e34       0x38 ./USB_HOST/Target/usbh_platform.o
                0x08012e34                MX_DriverVbusFS
 .text.malloc   0x08012e6c       0x10 C:/ST/STM32CubeIDE_1.16.1/STM32CubeIDE/plugins/com.st.stm32cube.ide.mcu.externaltools.gnu-tools-for-stm32.12.3.rel1.win32_1.0.200.202406191623/tools/bin/../lib/gcc/arm-none-eabi/12.3.1/../../../../arm-none-eabi/lib/thumb/v7e-m+fp/hard\libc_nano.a(libc_a-malloc.o)
                0x08012e6c                malloc
 .text.free     0x08012e7c       0x10 C:/ST/STM32CubeIDE_1.16.1/STM32CubeIDE/plugins/com.st.stm32cube.ide.mcu.externaltools.gnu-tools-for-stm32.12.3.rel1.win32_1.0.200.202406191623/tools/bin/../lib/gcc/arm-none-eabi/12.3.1/../../../../arm-none-eabi/lib/thumb/v7e-m+fp/hard\libc_nano.a(libc_a-malloc.o)
                0x08012e7c                free
 .text.sbrk_aligned
                0x08012e8c       0x44 C:/ST/STM32CubeIDE_1.16.1/STM32CubeIDE/plugins/com.st.stm32cube.ide.mcu.externaltools.gnu-tools-for-stm32.12.3.rel1.win32_1.0.200.202406191623/tools/bin/../lib/gcc/arm-none-eabi/12.3.1/../../../../arm-none-eabi/lib/thumb/v7e-m+fp/hard\libc_nano.a(libc_a-mallocr.o)
 .text._malloc_r
                0x08012ed0      0x100 C:/ST/STM32CubeIDE_1.16.1/STM32CubeIDE/plugins/com.st.stm32cube.ide.mcu.externaltools.gnu-tools-for-stm32.12.3.rel1.win32_1.0.200.202406191623/tools/bin/../lib/gcc/arm-none-eabi/12.3.1/../../../../arm-none-eabi/lib/thumb/v7e-m+fp/hard\libc_nano.a(libc_a-mallocr.o)
                0x08012ed0                _malloc_r
 .text.__malloc_lock
                0x08012fd0        0xc C:/ST/STM32CubeIDE_1.16.1/STM32CubeIDE/plugins/com.st.stm32cube.ide.mcu.externaltools.gnu-tools-for-stm32.12.3.rel1.win32_1.0.200.202406191623/tools/bin/../lib/gcc/arm-none-eabi/12.3.1/../../../../arm-none-eabi/lib/thumb/v7e-m+fp/hard\libc_nano.a(libc_a-mlock.o)
                0x08012fd0                __malloc_lock
 .text.__malloc_unlock
                0x08012fdc        0xc C:/ST/STM32CubeIDE_1.16.1/STM32CubeIDE/plugins/com.st.stm32cube.ide.mcu.externaltools.gnu-tools-for-stm32.12.3.rel1.win32_1.0.200.202406191623/tools/bin/../lib/gcc/arm-none-eabi/12.3.1/../../../../arm-none-eabi/lib/thumb/v7e-m+fp/hard\libc_nano.a(libc_a-mlock.o)
                0x08012fdc                __malloc_unlock
 .text.sprintf  0x08012fe8       0x40 C:/ST/STM32CubeIDE_1.16.1/STM32CubeIDE/plugins/com.st.stm32cube.ide.mcu.externaltools.gnu-tools-for-stm32.12.3.rel1.win32_1.0.200.202406191623/tools/bin/../lib/gcc/arm-none-eabi/12.3.1/../../../../arm-none-eabi/lib/thumb/v7e-m+fp/hard\libc_nano.a(libc_a-sprintf.o)
                0x08012fe8                siprintf
                0x08012fe8                sprintf
 .text.memset   0x08013028       0x10 C:/ST/STM32CubeIDE_1.16.1/STM32CubeIDE/plugins/com.st.stm32cube.ide.mcu.externaltools.gnu-tools-for-stm32.12.3.rel1.win32_1.0.200.202406191623/tools/bin/../lib/gcc/arm-none-eabi/12.3.1/../../../../arm-none-eabi/lib/thumb/v7e-m+fp/hard\libc_nano.a(libc_a-memset.o)
                0x08013028                memset
 .text.strncpy  0x08013038       0x26 C:/ST/STM32CubeIDE_1.16.1/STM32CubeIDE/plugins/com.st.stm32cube.ide.mcu.externaltools.gnu-tools-for-stm32.12.3.rel1.win32_1.0.200.202406191623/tools/bin/../lib/gcc/arm-none-eabi/12.3.1/../../../../arm-none-eabi/lib/thumb/v7e-m+fp/hard\libc_nano.a(libc_a-strncpy.o)
                0x08013038                strncpy
 .text.strstr   0x0801305e       0x2c C:/ST/STM32CubeIDE_1.16.1/STM32CubeIDE/plugins/com.st.stm32cube.ide.mcu.externaltools.gnu-tools-for-stm32.12.3.rel1.win32_1.0.200.202406191623/tools/bin/../lib/gcc/arm-none-eabi/12.3.1/../../../../arm-none-eabi/lib/thumb/v7e-m+fp/hard\libc_nano.a(libc_a-strstr.o)
                0x0801305e                strstr
 *fill*         0x0801308a        0x2 
 .text._sbrk_r  0x0801308c       0x20 C:/ST/STM32CubeIDE_1.16.1/STM32CubeIDE/plugins/com.st.stm32cube.ide.mcu.externaltools.gnu-tools-for-stm32.12.3.rel1.win32_1.0.200.202406191623/tools/bin/../lib/gcc/arm-none-eabi/12.3.1/../../../../arm-none-eabi/lib/thumb/v7e-m+fp/hard\libc_nano.a(libc_a-sbrkr.o)
                0x0801308c                _sbrk_r
 .text.__errno  0x080130ac        0xc C:/ST/STM32CubeIDE_1.16.1/STM32CubeIDE/plugins/com.st.stm32cube.ide.mcu.externaltools.gnu-tools-for-stm32.12.3.rel1.win32_1.0.200.202406191623/tools/bin/../lib/gcc/arm-none-eabi/12.3.1/../../../../arm-none-eabi/lib/thumb/v7e-m+fp/hard\libc_nano.a(libc_a-errno.o)
                0x080130ac                __errno
 .text.__libc_init_array
                0x080130b8       0x48 C:/ST/STM32CubeIDE_1.16.1/STM32CubeIDE/plugins/com.st.stm32cube.ide.mcu.externaltools.gnu-tools-for-stm32.12.3.rel1.win32_1.0.200.202406191623/tools/bin/../lib/gcc/arm-none-eabi/12.3.1/../../../../arm-none-eabi/lib/thumb/v7e-m+fp/hard\libc_nano.a(libc_a-init.o)
                0x080130b8                __libc_init_array
 .text.__retarget_lock_acquire_recursive
                0x08013100        0x2 C:/ST/STM32CubeIDE_1.16.1/STM32CubeIDE/plugins/com.st.stm32cube.ide.mcu.externaltools.gnu-tools-for-stm32.12.3.rel1.win32_1.0.200.202406191623/tools/bin/../lib/gcc/arm-none-eabi/12.3.1/../../../../arm-none-eabi/lib/thumb/v7e-m+fp/hard\libc_nano.a(libc_a-lock.o)
                0x08013100                __retarget_lock_acquire_recursive
 .text.__retarget_lock_release_recursive
                0x08013102        0x2 C:/ST/STM32CubeIDE_1.16.1/STM32CubeIDE/plugins/com.st.stm32cube.ide.mcu.externaltools.gnu-tools-for-stm32.12.3.rel1.win32_1.0.200.202406191623/tools/bin/../lib/gcc/arm-none-eabi/12.3.1/../../../../arm-none-eabi/lib/thumb/v7e-m+fp/hard\libc_nano.a(libc_a-lock.o)
                0x08013102                __retarget_lock_release_recursive
 .text.strcpy   0x08013104       0x10 C:/ST/STM32CubeIDE_1.16.1/STM32CubeIDE/plugins/com.st.stm32cube.ide.mcu.externaltools.gnu-tools-for-stm32.12.3.rel1.win32_1.0.200.202406191623/tools/bin/../lib/gcc/arm-none-eabi/12.3.1/../../../../arm-none-eabi/lib/thumb/v7e-m+fp/hard\libc_nano.a(libc_a-strcpy.o)
                0x08013104                strcpy
 .text.memcpy   0x08013114       0x1c C:/ST/STM32CubeIDE_1.16.1/STM32CubeIDE/plugins/com.st.stm32cube.ide.mcu.externaltools.gnu-tools-for-stm32.12.3.rel1.win32_1.0.200.202406191623/tools/bin/../lib/gcc/arm-none-eabi/12.3.1/../../../../arm-none-eabi/lib/thumb/v7e-m+fp/hard\libc_nano.a(libc_a-memcpy-stub.o)
                0x08013114                memcpy
 .text._free_r  0x08013130       0x94 C:/ST/STM32CubeIDE_1.16.1/STM32CubeIDE/plugins/com.st.stm32cube.ide.mcu.externaltools.gnu-tools-for-stm32.12.3.rel1.win32_1.0.200.202406191623/tools/bin/../lib/gcc/arm-none-eabi/12.3.1/../../../../arm-none-eabi/lib/thumb/v7e-m+fp/hard\libc_nano.a(libc_a-freer.o)
                0x08013130                _free_r
 .text.__ssputs_r
                0x080131c4       0xb6 C:/ST/STM32CubeIDE_1.16.1/STM32CubeIDE/plugins/com.st.stm32cube.ide.mcu.externaltools.gnu-tools-for-stm32.12.3.rel1.win32_1.0.200.202406191623/tools/bin/../lib/gcc/arm-none-eabi/12.3.1/../../../../arm-none-eabi/lib/thumb/v7e-m+fp/hard\libc_nano.a(libc_a-nano-svfprintf.o)
                0x080131c4                __ssputs_r
 *fill*         0x0801327a        0x2 
 .text._svfprintf_r
                0x0801327c      0x1f8 C:/ST/STM32CubeIDE_1.16.1/STM32CubeIDE/plugins/com.st.stm32cube.ide.mcu.externaltools.gnu-tools-for-stm32.12.3.rel1.win32_1.0.200.202406191623/tools/bin/../lib/gcc/arm-none-eabi/12.3.1/../../../../arm-none-eabi/lib/thumb/v7e-m+fp/hard\libc_nano.a(libc_a-nano-svfprintf.o)
                0x0801327c                _svfiprintf_r
                0x0801327c                _svfprintf_r
 .text._printf_common
                0x08013474       0xda C:/ST/STM32CubeIDE_1.16.1/STM32CubeIDE/plugins/com.st.stm32cube.ide.mcu.externaltools.gnu-tools-for-stm32.12.3.rel1.win32_1.0.200.202406191623/tools/bin/../lib/gcc/arm-none-eabi/12.3.1/../../../../arm-none-eabi/lib/thumb/v7e-m+fp/hard\libc_nano.a(libc_a-nano-vfprintf_i.o)
                0x08013474                _printf_common
 *fill*         0x0801354e        0x2 
 .text._printf_i
                0x08013550      0x240 C:/ST/STM32CubeIDE_1.16.1/STM32CubeIDE/plugins/com.st.stm32cube.ide.mcu.externaltools.gnu-tools-for-stm32.12.3.rel1.win32_1.0.200.202406191623/tools/bin/../lib/gcc/arm-none-eabi/12.3.1/../../../../arm-none-eabi/lib/thumb/v7e-m+fp/hard\libc_nano.a(libc_a-nano-vfprintf_i.o)
                0x08013550                _printf_i
 .text.memmove  0x08013790       0x34 C:/ST/STM32CubeIDE_1.16.1/STM32CubeIDE/plugins/com.st.stm32cube.ide.mcu.externaltools.gnu-tools-for-stm32.12.3.rel1.win32_1.0.200.202406191623/tools/bin/../lib/gcc/arm-none-eabi/12.3.1/../../../../arm-none-eabi/lib/thumb/v7e-m+fp/hard\libc_nano.a(libc_a-memmove.o)
                0x08013790                memmove
 .text._realloc_r
                0x080137c4       0x5c C:/ST/STM32CubeIDE_1.16.1/STM32CubeIDE/plugins/com.st.stm32cube.ide.mcu.externaltools.gnu-tools-for-stm32.12.3.rel1.win32_1.0.200.202406191623/tools/bin/../lib/gcc/arm-none-eabi/12.3.1/../../../../arm-none-eabi/lib/thumb/v7e-m+fp/hard\libc_nano.a(libc_a-reallocr.o)
                0x080137c4                _realloc_r
 .text._malloc_usable_size_r
                0x08013820       0x10 C:/ST/STM32CubeIDE_1.16.1/STM32CubeIDE/plugins/com.st.stm32cube.ide.mcu.externaltools.gnu-tools-for-stm32.12.3.rel1.win32_1.0.200.202406191623/tools/bin/../lib/gcc/arm-none-eabi/12.3.1/../../../../arm-none-eabi/lib/thumb/v7e-m+fp/hard\libc_nano.a(libc_a-msizer.o)
                0x08013820                _malloc_usable_size_r
 *(.glue_7)
 .glue_7        0x08013830        0x0 linker stubs
 *(.glue_7t)
 .glue_7t       0x08013830        0x0 linker stubs
 *(.eh_frame)
 .eh_frame      0x08013830        0x0 C:/ST/STM32CubeIDE_1.16.1/STM32CubeIDE/plugins/com.st.stm32cube.ide.mcu.externaltools.gnu-tools-for-stm32.12.3.rel1.win32_1.0.200.202406191623/tools/bin/../lib/gcc/arm-none-eabi/12.3.1/thumb/v7e-m+fp/hard/crtbegin.o
 *(.init)
 .init          0x08013830        0x4 C:/ST/STM32CubeIDE_1.16.1/STM32CubeIDE/plugins/com.st.stm32cube.ide.mcu.externaltools.gnu-tools-for-stm32.12.3.rel1.win32_1.0.200.202406191623/tools/bin/../lib/gcc/arm-none-eabi/12.3.1/thumb/v7e-m+fp/hard/crti.o
                0x08013830                _init
 .init          0x08013834        0x8 C:/ST/STM32CubeIDE_1.16.1/STM32CubeIDE/plugins/com.st.stm32cube.ide.mcu.externaltools.gnu-tools-for-stm32.12.3.rel1.win32_1.0.200.202406191623/tools/bin/../lib/gcc/arm-none-eabi/12.3.1/thumb/v7e-m+fp/hard/crtn.o
 *(.fini)
 .fini          0x0801383c        0x4 C:/ST/STM32CubeIDE_1.16.1/STM32CubeIDE/plugins/com.st.stm32cube.ide.mcu.externaltools.gnu-tools-for-stm32.12.3.rel1.win32_1.0.200.202406191623/tools/bin/../lib/gcc/arm-none-eabi/12.3.1/thumb/v7e-m+fp/hard/crti.o
                0x0801383c                _fini
 .fini          0x08013840        0x8 C:/ST/STM32CubeIDE_1.16.1/STM32CubeIDE/plugins/com.st.stm32cube.ide.mcu.externaltools.gnu-tools-for-stm32.12.3.rel1.win32_1.0.200.202406191623/tools/bin/../lib/gcc/arm-none-eabi/12.3.1/thumb/v7e-m+fp/hard/crtn.o
                0x08013848                        . = ALIGN (0x4)
                0x08013848                        _etext = .

.vfp11_veneer   0x08013848        0x0
 .vfp11_veneer  0x08013848        0x0 linker stubs

.v4_bx          0x08013848        0x0
 .v4_bx         0x08013848        0x0 linker stubs

.iplt           0x08013848        0x0
 .iplt          0x08013848        0x0 C:/ST/STM32CubeIDE_1.16.1/STM32CubeIDE/plugins/com.st.stm32cube.ide.mcu.externaltools.gnu-tools-for-stm32.12.3.rel1.win32_1.0.200.202406191623/tools/bin/../lib/gcc/arm-none-eabi/12.3.1/thumb/v7e-m+fp/hard/crtbegin.o

.rodata         0x08013848     0x56e4
                0x08013848                        . = ALIGN (0x4)
 *(.rodata)
 .rodata        0x08013848        0x8 ./Core/Src/File_Handling.o
 .rodata        0x08013850       0x2c ./Core/Src/main.o
 .rodata        0x0801387c        0x4 ./Middlewares/ST/STM32_USB_Host_Library/Class/MSC/Src/usbh_msc.o
 .rodata        0x08013880       0x48 ./Middlewares/Third_Party/FatFs/src/ff.o
 *(.rodata*)
 .rodata.I2SFreq
                0x080138c8       0x20 ./Core/Src/AUDIO.o
                0x080138c8                I2SFreq
 .rodata.I2SPLLN
                0x080138e8       0x20 ./Core/Src/AUDIO.o
                0x080138e8                I2SPLLN
 .rodata.I2SPLLR
                0x08013908       0x20 ./Core/Src/AUDIO.o
                0x08013908                I2SPLLR
 .rodata.Font11x18
                0x08013928      0xd5c ./Core/Src/fonts.o
                0x08013928                Font11x18
 .rodata.skater1
                0x08014684      0x400 ./Core/Src/main.o
                0x08014684                skater1
 .rodata.skater2
                0x08014a84      0x400 ./Core/Src/main.o
                0x08014a84                skater2
 .rodata.skater3
                0x08014e84      0x400 ./Core/Src/main.o
                0x08014e84                skater3
 .rodata.skater4
                0x08015284      0x400 ./Core/Src/main.o
                0x08015284                skater4
 .rodata.skater5
                0x08015684      0x400 ./Core/Src/main.o
                0x08015684                skater5
 .rodata.skater6
                0x08015a84      0x400 ./Core/Src/main.o
                0x08015a84                skater6
 .rodata.fumador1
                0x08015e84      0x400 ./Core/Src/main.o
                0x08015e84                fumador1
 .rodata.fumador2
                0x08016284      0x400 ./Core/Src/main.o
                0x08016284                fumador2
 .rodata.fumador3
                0x08016684      0x400 ./Core/Src/main.o
                0x08016684                fumador3
 .rodata.fumador4
                0x08016a84      0x400 ./Core/Src/main.o
                0x08016a84                fumador4
 .rodata.bailadora1
                0x08016e84      0x400 ./Core/Src/main.o
                0x08016e84                bailadora1
 .rodata.bailadora2
                0x08017284      0x400 ./Core/Src/main.o
                0x08017284                bailadora2
 .rodata.bailadora3
                0x08017684      0x400 ./Core/Src/main.o
                0x08017684                bailadora3
 .rodata.bailadora4
                0x08017a84      0x400 ./Core/Src/main.o
                0x08017a84                bailadora4
 .rodata.PAUSA  0x08017e84      0x400 ./Core/Src/main.o
                0x08017e84                PAUSA
 .rodata.PORTADA1
                0x08018284      0x400 ./Core/Src/main.o
                0x08018284                PORTADA1
 .rodata.PORTADA2
                0x08018684      0x400 ./Core/Src/main.o
                0x08018684                PORTADA2
 .rodata.AHBPrescTable
                0x08018a84       0x10 ./Core/Src/system_stm32f4xx.o
                0x08018a84                AHBPrescTable
 .rodata.APBPrescTable
                0x08018a94        0x8 ./Core/Src/system_stm32f4xx.o
                0x08018a94                APBPrescTable
 .rodata.flagBitshiftOffset.0
                0x08018a9c        0x8 ./Drivers/STM32F4xx_HAL_Driver/Src/stm32f4xx_hal_dma.o
 .rodata.USBH_Driver
                0x08018aa4       0x14 ./FATFS/Target/usbh_diskio.o
                0x08018aa4                USBH_Driver
 .rodata.ExCvt  0x08018ab8       0x80 ./Middlewares/Third_Party/FatFs/src/ff.o
 .rodata.LfnOfs
                0x08018b38        0xd ./Middlewares/Third_Party/FatFs/src/ff.o
 *fill*         0x08018b45        0x3 
 .rodata.Tbl    0x08018b48      0x100 ./Middlewares/Third_Party/FatFs/src/option/ccsbcs.o
 .rodata.cvt1.1
                0x08018c48      0x1f2 ./Middlewares/Third_Party/FatFs/src/option/ccsbcs.o
 *fill*         0x08018e3a        0x2 
 .rodata.cvt2.0
                0x08018e3c       0xbc ./Middlewares/Third_Party/FatFs/src/option/ccsbcs.o
 .rodata._svfprintf_r.str1.1
                0x08018ef8       0x11 C:/ST/STM32CubeIDE_1.16.1/STM32CubeIDE/plugins/com.st.stm32cube.ide.mcu.externaltools.gnu-tools-for-stm32.12.3.rel1.win32_1.0.200.202406191623/tools/bin/../lib/gcc/arm-none-eabi/12.3.1/../../../../arm-none-eabi/lib/thumb/v7e-m+fp/hard\libc_nano.a(libc_a-nano-svfprintf.o)
 .rodata._printf_i.str1.1
                0x08018f09       0x22 C:/ST/STM32CubeIDE_1.16.1/STM32CubeIDE/plugins/com.st.stm32cube.ide.mcu.externaltools.gnu-tools-for-stm32.12.3.rel1.win32_1.0.200.202406191623/tools/bin/../lib/gcc/arm-none-eabi/12.3.1/../../../../arm-none-eabi/lib/thumb/v7e-m+fp/hard\libc_nano.a(libc_a-nano-vfprintf_i.o)
                0x08018f2c                        . = ALIGN (0x4)
 *fill*         0x08018f2b        0x1 

.ARM.extab      0x08018f2c        0x0
                0x08018f2c                        . = ALIGN (0x4)
 *(.ARM.extab* .gnu.linkonce.armextab.*)
                0x08018f2c                        . = ALIGN (0x4)

.ARM            0x08018f2c        0x8
                0x08018f2c                        . = ALIGN (0x4)
                0x08018f2c                        __exidx_start = .
 *(.ARM.exidx*)
 .ARM.exidx     0x08018f2c        0x8 C:/ST/STM32CubeIDE_1.16.1/STM32CubeIDE/plugins/com.st.stm32cube.ide.mcu.externaltools.gnu-tools-for-stm32.12.3.rel1.win32_1.0.200.202406191623/tools/bin/../lib/gcc/arm-none-eabi/12.3.1/../../../../arm-none-eabi/lib/thumb/v7e-m+fp/hard\libc_nano.a(libc_a-strlen.o)
 .ARM.exidx     0x08018f34        0x0 C:/ST/STM32CubeIDE_1.16.1/STM32CubeIDE/plugins/com.st.stm32cube.ide.mcu.externaltools.gnu-tools-for-stm32.12.3.rel1.win32_1.0.200.202406191623/tools/bin/../lib/gcc/arm-none-eabi/12.3.1/../../../../arm-none-eabi/lib/thumb/v7e-m+fp/hard\libc_nano.a(libc_a-memchr.o)
                                  0x8 (size before relaxing)
 .ARM.exidx     0x08018f34        0x0 C:/ST/STM32CubeIDE_1.16.1/STM32CubeIDE/plugins/com.st.stm32cube.ide.mcu.externaltools.gnu-tools-for-stm32.12.3.rel1.win32_1.0.200.202406191623/tools/bin/../lib/gcc/arm-none-eabi/12.3.1/thumb/v7e-m+fp/hard\libgcc.a(_udivmoddi4.o)
                                  0x8 (size before relaxing)
                0x08018f34                        __exidx_end = .
                0x08018f34                        . = ALIGN (0x4)

.rel.dyn        0x08018f34        0x0
 .rel.iplt      0x08018f34        0x0 C:/ST/STM32CubeIDE_1.16.1/STM32CubeIDE/plugins/com.st.stm32cube.ide.mcu.externaltools.gnu-tools-for-stm32.12.3.rel1.win32_1.0.200.202406191623/tools/bin/../lib/gcc/arm-none-eabi/12.3.1/thumb/v7e-m+fp/hard/crtbegin.o

.preinit_array  0x08018f34        0x0
                0x08018f34                        . = ALIGN (0x4)
                0x08018f34                        PROVIDE (__preinit_array_start = .)
 *(.preinit_array*)
                0x08018f34                        PROVIDE (__preinit_array_end = .)
                0x08018f34                        . = ALIGN (0x4)

.init_array     0x08018f34        0x4
                0x08018f34                        . = ALIGN (0x4)
                0x08018f34                        PROVIDE (__init_array_start = .)
 *(SORT_BY_NAME(.init_array.*))
 *(.init_array*)
 .init_array    0x08018f34        0x4 C:/ST/STM32CubeIDE_1.16.1/STM32CubeIDE/plugins/com.st.stm32cube.ide.mcu.externaltools.gnu-tools-for-stm32.12.3.rel1.win32_1.0.200.202406191623/tools/bin/../lib/gcc/arm-none-eabi/12.3.1/thumb/v7e-m+fp/hard/crtbegin.o
                0x08018f38                        PROVIDE (__init_array_end = .)
                0x08018f38                        . = ALIGN (0x4)

.fini_array     0x08018f38        0x4
                0x08018f38                        . = ALIGN (0x4)
                [!provide]                        PROVIDE (__fini_array_start = .)
 *(SORT_BY_NAME(.fini_array.*))
 *(.fini_array*)
 .fini_array    0x08018f38        0x4 C:/ST/STM32CubeIDE_1.16.1/STM32CubeIDE/plugins/com.st.stm32cube.ide.mcu.externaltools.gnu-tools-for-stm32.12.3.rel1.win32_1.0.200.202406191623/tools/bin/../lib/gcc/arm-none-eabi/12.3.1/thumb/v7e-m+fp/hard/crtbegin.o
                [!provide]                        PROVIDE (__fini_array_end = .)
                0x08018f3c                        . = ALIGN (0x4)
                0x08018f3c                        _sidata = LOADADDR (.data)

.data           0x20000000       0xc4 load address 0x08018f3c
                0x20000000                        . = ALIGN (0x4)
                0x20000000                        _sdata = .
 *(.data)
 *(.data*)
 .data.I2cxTimeout
                0x20000000        0x4 ./Core/Src/AUDIO_LINK.o
                0x20000000                I2cxTimeout
 .data.cs43l22_drv
                0x20000004       0x30 ./Core/Src/cs43l22.o
                0x20000004                cs43l22_drv
 .data.Is_cs43l22_Stop
                0x20000034        0x1 ./Core/Src/cs43l22.o
 *fill*         0x20000035        0x3 
 .data.Font_11x18
                0x20000038        0x8 ./Core/Src/fonts.o
                0x20000038                Font_11x18
 .data.current_anim_state
                0x20000040        0x4 ./Core/Src/main.o
                0x20000040                current_anim_state
 .data.SystemCoreClock
                0x20000044        0x4 ./Core/Src/system_stm32f4xx.o
                0x20000044                SystemCoreClock
 .data.uwVolume
                0x20000048        0x4 ./Core/Src/waveplayer.o
 .data.uwTickPrio
                0x2000004c        0x4 ./Drivers/STM32F4xx_HAL_Driver/Src/stm32f4xx_hal.o
                0x2000004c                uwTickPrio
 .data.uwTickFreq
                0x20000050        0x1 ./Drivers/STM32F4xx_HAL_Driver/Src/stm32f4xx_hal.o
                0x20000050                uwTickFreq
 *fill*         0x20000051        0x3 
 .data.USBH_msc
                0x20000054       0x20 ./Middlewares/ST/STM32_USB_Host_Library/Class/MSC/Src/usbh_msc.o
                0x20000054                USBH_msc
 .data._impure_ptr
                0x20000074        0x4 C:/ST/STM32CubeIDE_1.16.1/STM32CubeIDE/plugins/com.st.stm32cube.ide.mcu.externaltools.gnu-tools-for-stm32.12.3.rel1.win32_1.0.200.202406191623/tools/bin/../lib/gcc/arm-none-eabi/12.3.1/../../../../arm-none-eabi/lib/thumb/v7e-m+fp/hard\libc_nano.a(libc_a-impure.o)
                0x20000074                _impure_ptr
 .data._impure_data
                0x20000078       0x4c C:/ST/STM32CubeIDE_1.16.1/STM32CubeIDE/plugins/com.st.stm32cube.ide.mcu.externaltools.gnu-tools-for-stm32.12.3.rel1.win32_1.0.200.202406191623/tools/bin/../lib/gcc/arm-none-eabi/12.3.1/../../../../arm-none-eabi/lib/thumb/v7e-m+fp/hard\libc_nano.a(libc_a-impure.o)
                0x20000078                _impure_data
 *(.RamFunc)
 *(.RamFunc*)
                0x200000c4                        . = ALIGN (0x4)
                0x200000c4                        _edata = .

.igot.plt       0x200000c4        0x0 load address 0x08019000