../Core/Src/main.c:132:6:change_animation	4	static
../Core/Src/main.c:145:6:HAL_GPIO_EXTI_Callback	24	static
../Core/Src/main.c:179:6:HAL_TIM_PeriodElapsedCallback	16	static
../Core/Src/main.c:220:6:animacion1	24	static
../Core/Src/main.c:368:6:animacion2	32	static
../Core/Src/main.c:429:6:animacion3	32	static
../Core/Src/main.c:508:6:animacion4	32	static
../Core/Src/main.c:579:5:main	16	static
../Core/Src/main.c:665:6:SystemClock_Config	88	static
../Core/Src/main.c:711:13:MX_I2C1_Init	8	static
../Core/Src/main.c:745:13:MX_I2C2_Init	8	static
../Core/Src/main.c:779:13:MX_I2S3_Init	8	static
../Core/Src/main.c:813:13:MX_TIM10_Init	8	static
../Core/Src/main.c:842:13:MX_DMA_Init	16	static
../Core/Src/main.c:860:13:MX_GPIO_Init	48	static
../Core/Src/main.c:910:6:Error_Handler	4	static,ignoring_inline_asm
